bun test v1.3.14 (0d9b296a)

supabase\rls-tests\helpers\productionSchemaClone.test.ts:
(pass) R01 test-only clone boundaries > remote, existing, ambiguous and unexpected-credential DB URLs are refused [0.40ms]
(pass) R01 test-only clone boundaries > catalog comparison ignores JSON key order and detects grant option/owner changes [1.12ms]
(pass) R01 test-only clone boundaries > data, role, cluster, schedule and network invocation SQL cannot enter restore [1.87ms]
(pass) R01 test-only clone boundaries > dollar-quoted function bodies are stored as one definition without invocation [0.50ms]
(pass) R01 test-only clone boundaries > pinned dump inert settings allow quoted heap but never role or replication changes [0.29ms]
(pass) R01 test-only clone boundaries > CTAS and non-definition TABLE forms are rejected without evaluating requests [0.35ms]
(pass) R01 test-only clone boundaries > all reviewed HTTP verbs and direct webhook entrypoints are refused in executable DDL [0.16ms]
(pass) R01 test-only clone boundaries > direct external webhook trigger is rejected even without a collected body [0.86ms]
(pass) R01 test-only clone boundaries > transitive external-schema executable bodies are inspected before fixtures [1.13ms]
(pass) R01 test-only clone boundaries > unreviewed external C and missing trigger entrypoints fail closed [0.16ms]
(pass) R01 test-only clone boundaries > only exact reviewed pgcrypto UUID implementation can pass opaque-function fencing [0.30ms]
(pass) R01 test-only clone boundaries > inspected safe external SQL helper remains usable, while absent dependencies fail closed [0.64ms]
(pass) R01 test-only clone boundaries > explicit custom operators cannot conceal opaque executable paths [0.22ms]
(pass) R01 test-only clone boundaries > unqualified custom operator and configured search_path cannot conceal opaque execution [0.29ms]
(pass) R01 test-only clone boundaries > custom operators in defaults/checks are rejected independently of triggers [0.33ms]
(pass) R01 test-only clone boundaries > backend signaling and global configuration primitives are never fixture paths [0.70ms]
332 |       );
333 |     if (
334 |       !storesOnly &&
335 |       (networkPrimitive.test(statement) || [...unsafe].some((name) => calls(statement, name)))
336 |     )
337 |       throw new Error("Potential network-bearing DDL evaluation refused");
                                                                              ^
error: Potential network-bearing DDL evaluation refused
      at schemaStatements (C:\Users\laich\Documents\HKCSDA\HKCSDA\hkscda\.worktrees\r01-forward-repair-20261001\supabase\rls-tests\helpers\productionSchemaClone.ts:337:73)
      at <anonymous> (C:\Users\laich\Documents\HKCSDA\HKCSDA\hkscda\.worktrees\r01-forward-repair-20261001\supabase\rls-tests\helpers\productionSchemaClone.test.ts:344:12)
(fail) R01 test-only clone boundaries > only pinned dump's empty session search_path setting survives the config fence [0.44ms]

 16 pass
 1 fail
 67 expect() calls
Ran 17 tests across 1 file. [96.00ms]
