bun test v1.3.14 (0d9b296a)

supabase\rls-tests\helpers\productionSchemaClone.test.ts:
(pass) R01 test-only clone boundaries > remote, existing, ambiguous and unexpected-credential DB URLs are refused [2.05ms]
(pass) R01 test-only clone boundaries > catalog comparison ignores JSON key order and detects grant option/owner changes [3.61ms]
(pass) R01 test-only clone boundaries > data, role, cluster, schedule and network invocation SQL cannot enter restore [2.91ms]
(pass) R01 test-only clone boundaries > dollar-quoted function bodies are stored as one definition without invocation [39.20ms]
(pass) R01 test-only clone boundaries > pinned dump inert settings allow quoted heap but never role or replication changes [0.44ms]
(pass) R01 test-only clone boundaries > CTAS and non-definition TABLE forms are rejected without evaluating requests [0.50ms]
(pass) R01 test-only clone boundaries > all reviewed HTTP verbs and direct webhook entrypoints are refused in executable DDL [1.37ms]
(pass) R01 test-only clone boundaries > direct external webhook trigger is rejected even without a collected body [22.22ms]
(pass) R01 test-only clone boundaries > transitive external-schema executable bodies are inspected before fixtures [2.18ms]
(pass) R01 test-only clone boundaries > unreviewed external C and missing trigger entrypoints fail closed [0.45ms]
(pass) R01 test-only clone boundaries > only exact reviewed pgcrypto UUID implementation can pass opaque-function fencing [1.24ms]
(pass) R01 test-only clone boundaries > inspected safe external SQL helper remains usable, while absent dependencies fail closed [2.83ms]
(pass) R01 test-only clone boundaries > explicit custom operators cannot conceal opaque executable paths [0.64ms]
(pass) R01 test-only clone boundaries > unqualified custom operator and configured search_path cannot conceal opaque execution [0.51ms]
(pass) R01 test-only clone boundaries > custom operators in defaults/checks are rejected independently of triggers [0.83ms]
(pass) R01 test-only clone boundaries > backend signaling and global configuration primitives are never fixture paths [2.57ms]
(pass) R01 test-only clone boundaries > only pinned dump's empty session search_path setting survives the config fence [0.42ms]
(pass) R01 test-only clone boundaries > prefix and transitive operator paths fail closed; explicit cataloged core calls remain usable [1.17ms]
(pass) R01 test-only clone boundaries > seven exact reviewed native operator contracts permit the existing comparison paths [189.04ms]
(pass) R01 test-only clone boundaries > stored core regex resolves through catalog dependencies without trusting custom regex implementations [1.54ms]
(pass) R01 test-only clone boundaries > compact SQL operators followed by unary signs cannot hide opaque implementations [1.40ms]
(pass) R01 test-only clone boundaries > compact operators in transitive helpers remain fenced [0.31ms]
(pass) R01 test-only clone boundaries > legal multiple-character names with non-SQL characters retain their trailing signs [0.55ms]
(pass) R01 test-only clone boundaries > compact core comparisons and unary signs retain ordinary fixture compatibility [0.19ms]

 24 pass
 0 fail
 283 expect() calls
Ran 24 tests across 1 file. [834.00ms]
