bun test v1.3.14 (0d9b296a)

supabase\rls-tests\helpers\productionSchemaClone.test.ts:
(pass) R01 test-only clone boundaries > remote, existing, ambiguous and unexpected-credential DB URLs are refused [0.82ms]
(pass) R01 test-only clone boundaries > catalog comparison ignores JSON key order and detects grant option/owner changes [1.64ms]
(pass) R01 test-only clone boundaries > data, role, cluster, schedule and network invocation SQL cannot enter restore [2.79ms]
(pass) R01 test-only clone boundaries > dollar-quoted function bodies are stored as one definition without invocation [0.90ms]
(pass) R01 test-only clone boundaries > pinned dump inert settings allow quoted heap but never role or replication changes [0.56ms]
(pass) R01 test-only clone boundaries > CTAS and non-definition TABLE forms are rejected without evaluating requests [0.76ms]
(pass) R01 test-only clone boundaries > all reviewed HTTP verbs and direct webhook entrypoints are refused in executable DDL [0.34ms]
(pass) R01 test-only clone boundaries > direct external webhook trigger is rejected even without a collected body [1.40ms]
(pass) R01 test-only clone boundaries > transitive external-schema executable bodies are inspected before fixtures [1.43ms]
(pass) R01 test-only clone boundaries > unreviewed external C and missing trigger entrypoints fail closed [0.38ms]
(pass) R01 test-only clone boundaries > only exact reviewed pgcrypto UUID implementation can pass opaque-function fencing [1.36ms]
(pass) R01 test-only clone boundaries > inspected safe external SQL helper remains usable, while absent dependencies fail closed [1.64ms]
(pass) R01 test-only clone boundaries > explicit custom operators cannot conceal opaque executable paths [0.61ms]
(pass) R01 test-only clone boundaries > unqualified custom operator and configured search_path cannot conceal opaque execution [0.48ms]
(pass) R01 test-only clone boundaries > custom operators in defaults/checks are rejected independently of triggers [0.70ms]
(pass) R01 test-only clone boundaries > backend signaling and global configuration primitives are never fixture paths [2.35ms]
(pass) R01 test-only clone boundaries > only pinned dump's empty session search_path setting survives the config fence [0.31ms]
(pass) R01 test-only clone boundaries > prefix and transitive operator paths fail closed; explicit cataloged core calls remain usable [0.61ms]
(pass) R01 test-only clone boundaries > seven exact reviewed native operator contracts permit the existing comparison paths [13.74ms]
(pass) R01 test-only clone boundaries > stored core regex resolves through catalog dependencies without trusting custom regex implementations [1.00ms]
(pass) R01 test-only clone boundaries > compact SQL operators followed by unary signs cannot hide opaque implementations [3.15ms]
(pass) R01 test-only clone boundaries > compact operators in transitive helpers remain fenced [0.41ms]
(pass) R01 test-only clone boundaries > legal multiple-character names with non-SQL characters retain their trailing signs [0.55ms]
(pass) R01 test-only clone boundaries > compact core comparisons and unary signs retain ordinary fixture compatibility [0.25ms]
735 |       const functions: FunctionProbe[] = [
736 |         { schema: "public", name: "entry", body: `PERFORM ${expression};`, language: "plpgsql", system: false, config: ["search_path=bridge,pg_catalog"] },
737 |         { schema: "bridge", name: "opaque", body: "", language: "c", system: false },
738 |       ];
739 |       const operators: OperatorProbe[] = [{ oid: 100001, schema: "bridge", name: symbol, system: false, implementation: "bridge.opaque" }];
740 |       await expect(assertSafeFixtureTables(metadataOnlyProbe(functions, "public.entry", undefined, operators), ["synthetic"])).rejects.toThrow();
                                                                                                                                             ^
error:

Expected promise that rejects
Received promise that resolved: Promise { <resolved> }

      at <anonymous> (C:\Users\laich\Documents\HKCSDA\HKCSDA\hkscda\.worktrees\r01-forward-repair-20261001\supabase\rls-tests\helpers\productionSchemaClone.test.ts:740:136)
(fail) R01 test-only clone boundaries > valid closing-comment spellings remain operator candidates before normalization [0.98ms]
748 |       { schema: "public", name: "entry", body: "PERFORM bridge.forward();", language: "plpgsql", system: false },
749 |       { schema: "bridge", name: "forward", body: "SELECT 1 */ 2;", language: "sql", system: false },
750 |       { schema: "bridge", name: "opaque", body: "", language: "c", system: false },
751 |     ];
752 |     await expect(assertSafeFixtureTables(metadataOnlyProbe(functions, "public.entry", undefined,
753 |       [{ schema: "bridge", name: "*/", system: false, implementation: "bridge.opaque" }]), ["synthetic"])).rejects.toThrow();
                                                                                                                         ^
error:

Expected promise that rejects
Received promise that resolved: Promise { <resolved> }

      at <anonymous> (C:\Users\laich\Documents\HKCSDA\HKCSDA\hkscda\.worktrees\r01-forward-repair-20261001\supabase\rls-tests\helpers\productionSchemaClone.test.ts:753:116)
(fail) R01 test-only clone boundaries > valid */ operator spelling stays fenced through a transitive helper [0.52ms]

2 tests failed:
(fail) R01 test-only clone boundaries > valid closing-comment spellings remain operator candidates before normalization [0.98ms]
(fail) R01 test-only clone boundaries > valid */ operator spelling stays fenced through a transitive helper [0.52ms]

 24 pass
 2 fail
 285 expect() calls
Ran 26 tests across 1 file. [159.00ms]
