bun test v1.3.14 (0d9b296a)

supabase\rls-tests\helpers\productionSchemaClone.test.ts:
(pass) R01 test-only clone boundaries > remote, existing, ambiguous and unexpected-credential DB URLs are refused [7.29ms]
(pass) R01 test-only clone boundaries > catalog comparison ignores JSON key order and detects grant option/owner changes [38.23ms]
(pass) R01 test-only clone boundaries > data, role, cluster, schedule and network invocation SQL cannot enter restore [11.12ms]
(pass) R01 test-only clone boundaries > dollar-quoted function bodies are stored as one definition without invocation [14.18ms]
(pass) R01 test-only clone boundaries > pinned dump inert settings allow quoted heap but never role or replication changes [2.86ms]
(pass) R01 test-only clone boundaries > CTAS and non-definition TABLE forms are rejected without evaluating requests [7.20ms]
(pass) R01 test-only clone boundaries > all reviewed HTTP verbs and direct webhook entrypoints are refused in executable DDL [37.96ms]
(pass) R01 test-only clone boundaries > direct external webhook trigger is rejected even without a collected body [1.52ms]
(pass) R01 test-only clone boundaries > transitive external-schema executable bodies are inspected before fixtures [2.97ms]
(pass) R01 test-only clone boundaries > unreviewed external C and missing trigger entrypoints fail closed [0.33ms]
(pass) R01 test-only clone boundaries > only exact reviewed pgcrypto UUID implementation can pass opaque-function fencing [26.85ms]
(pass) R01 test-only clone boundaries > inspected safe external SQL helper remains usable, while absent dependencies fail closed [11.25ms]
(pass) R01 test-only clone boundaries > explicit custom operators cannot conceal opaque executable paths [0.70ms]
(pass) R01 test-only clone boundaries > unqualified custom operator and configured search_path cannot conceal opaque execution [25.50ms]
(pass) R01 test-only clone boundaries > custom operators in defaults/checks are rejected independently of triggers [0.68ms]
(pass) R01 test-only clone boundaries > backend signaling and global configuration primitives are never fixture paths [16.55ms]
(pass) R01 test-only clone boundaries > only pinned dump's empty session search_path setting survives the config fence [0.28ms]
(pass) R01 test-only clone boundaries > prefix and transitive operator paths fail closed; explicit cataloged core calls remain usable [0.73ms]
(pass) R01 test-only clone boundaries > seven exact reviewed native operator contracts permit the existing comparison paths [85.48ms]
(pass) R01 test-only clone boundaries > stored core regex resolves through catalog dependencies without trusting custom regex implementations [0.85ms]
631 |       const functions: FunctionProbe[] = [
632 |         { schema: "public", name: "entry", body: `PERFORM ${expression};`, language: "plpgsql", system: false, config: ["search_path=bridge,pg_catalog"] },
633 |         { schema: "bridge", name: "opaque", body: "", language: "c", system: false },
634 |       ];
635 |       const operators: OperatorProbe[] = [{ schema: "bridge", name: symbol, system: false, implementation: "bridge.opaque" }];
636 |       await expect(assertSafeFixtureTables(metadataOnlyProbe(functions, "public.entry", undefined, operators), ["synthetic"])).rejects.toThrow();
                                                                                                                                             ^
error:

Expected promise that rejects
Received promise that resolved: Promise { <resolved> }

      at <anonymous> (C:\Users\laich\Documents\HKCSDA\HKCSDA\hkscda\.worktrees\r01-forward-repair-20261001\supabase\rls-tests\helpers\productionSchemaClone.test.ts:636:136)
(fail) R01 test-only clone boundaries > compact SQL operators followed by unary signs cannot hide opaque implementations [8.17ms]
643 |       { schema: "public", name: "entry", body: "PERFORM bridge.forward();", language: "plpgsql", system: false },
644 |       { schema: "bridge", name: "forward", body: "SELECT 1=-2;", language: "sql", system: false },
645 |       { schema: "bridge", name: "opaque", body: "", language: "c", system: false },
646 |     ];
647 |     await expect(assertSafeFixtureTables(metadataOnlyProbe(functions, "public.entry", undefined,
648 |       [{ schema: "bridge", name: "=", system: false, implementation: "bridge.opaque" }]), ["synthetic"])).rejects.toThrow();
                                                                                                                        ^
error:

Expected promise that rejects
Received promise that resolved: Promise { <resolved> }

      at <anonymous> (C:\Users\laich\Documents\HKCSDA\HKCSDA\hkscda\.worktrees\r01-forward-repair-20261001\supabase\rls-tests\helpers\productionSchemaClone.test.ts:648:115)
(fail) R01 test-only clone boundaries > compact operators in transitive helpers remain fenced [1.48ms]
(pass) R01 test-only clone boundaries > legal multiple-character names with non-SQL characters retain their trailing signs [0.49ms]

2 tests failed:
(fail) R01 test-only clone boundaries > compact SQL operators followed by unary signs cannot hide opaque implementations [8.17ms]
(fail) R01 test-only clone boundaries > compact operators in transitive helpers remain fenced [1.48ms]

 21 pass
 2 fail
 249 expect() calls
Ran 23 tests across 1 file. [1388.00ms]
