bun add v1.3.14 (0d9b296a)

+ @axe-core/playwright@4.13.0
+ @eslint/js@9.39.4
+ @lovable.dev/vite-tanstack-config@2.3.2
+ @types/node@22.19.17
+ @types/react@19.2.14
+ @types/react-dom@19.2.3
+ @vitejs/plugin-react@5.2.0
+ bun-types@1.3.14
+ eslint@9.39.4
+ eslint-config-prettier@10.1.8
+ eslint-plugin-prettier@5.5.5
+ eslint-plugin-react-hooks@5.2.0
+ eslint-plugin-react-refresh@0.4.26
+ globals@15.15.0
+ nitro@3.0.260603-beta
+ playwright@1.60.0
+ playwright-lighthouse@4.0.0
+ prettier@3.8.3 (v3.9.9 available)
+ typescript@5.9.3
+ typescript-eslint@8.59.0
+ vite@7.3.2
+ @hookform/resolvers@5.2.2
+ @pdf-lib/fontkit@1.1.1
+ @radix-ui/react-accordion@1.2.12
+ @radix-ui/react-alert-dialog@1.1.15
+ @radix-ui/react-aspect-ratio@1.1.8
+ @radix-ui/react-avatar@1.1.11
+ @radix-ui/react-checkbox@1.3.3
+ @radix-ui/react-collapsible@1.1.12
+ @radix-ui/react-context-menu@2.2.16
+ @radix-ui/react-dialog@1.1.15
+ @radix-ui/react-dropdown-menu@2.1.16
+ @radix-ui/react-hover-card@1.1.15
+ @radix-ui/react-label@2.1.8
+ @radix-ui/react-menubar@1.1.16
+ @radix-ui/react-navigation-menu@1.2.14
+ @radix-ui/react-popover@1.1.15
+ @radix-ui/react-progress@1.1.8
+ @radix-ui/react-radio-group@1.3.8
+ @radix-ui/react-scroll-area@1.2.10
+ @radix-ui/react-select@2.2.6
+ @radix-ui/react-separator@1.1.8
+ @radix-ui/react-slider@1.3.6
+ @radix-ui/react-slot@1.2.4
+ @radix-ui/react-switch@1.2.6
+ @radix-ui/react-tabs@1.1.13
+ @radix-ui/react-toggle@1.1.10
+ @radix-ui/react-toggle-group@1.1.11
+ @radix-ui/react-tooltip@1.2.8
+ @supabase/supabase-js@2.108.1
+ @tailwindcss/vite@4.2.4
+ @tanstack/react-query@5.100.1
+ @upstash/ratelimit@2.0.8
+ @upstash/redis@1.38.0
+ class-variance-authority@0.7.1
+ clsx@2.1.1
+ cmdk@1.1.1
+ date-fns@4.1.0
+ embla-carousel-react@8.6.0
+ input-otp@1.4.2
+ lucide-react@0.575.0
+ pdf-lib@1.17.1
+ react@19.2.5
+ react-day-picker@9.14.0
+ react-dom@19.2.5
+ react-hook-form@7.73.1
+ react-resizable-panels@4.10.0
+ recharts@2.15.4
+ resend@6.12.4
+ sonner@2.0.7
+ stripe@22.2.2
+ tailwind-merge@3.5.0
+ tailwindcss@4.2.4
+ tw-animate-css@1.4.0
+ vaul@1.1.2
+ vite-tsconfig-paths@6.1.1
+ web-vitals@5.1.0
+ zod@3.25.76 (v4.6.5 available)

installed @tanstack/react-start@1.168.60
installed @tanstack/react-router@1.170.41
installed @tanstack/router-plugin@1.168.42

610 packages installed [82.12s]
