
C:\Users\laich\Documents\HKCSDA\HKCSDA\hkscda\.worktrees\audit-tanstack-security-20261006\src\components\admin\LoadFailure.tsx
  39:17  warning  Fast refresh only works when a file only exports components. Use a new file to share constants or functions between components  react-refresh/only-export-components

C:\Users\laich\Documents\HKCSDA\HKCSDA\hkscda\.worktrees\audit-tanstack-security-20261006\src\components\admin\adminI18n.tsx
  141:14  warning  Fast refresh only works when a file only exports components. Use a new file to share constants or functions between components  react-refresh/only-export-components
  562:17  warning  Fast refresh only works when a file only exports components. Use a new file to share constants or functions between components  react-refresh/only-export-components

C:\Users\laich\Documents\HKCSDA\HKCSDA\hkscda\.worktrees\audit-tanstack-security-20261006\src\components\admin\content\AboutPagesManagement.tsx
  35:17  warning  Fast refresh only works when a file only exports components. Use a new file to share constants or functions between components  react-refresh/only-export-components

C:\Users\laich\Documents\HKCSDA\HKCSDA\hkscda\.worktrees\audit-tanstack-security-20261006\src\components\admin\content\AdoptionInformationManagement.tsx
   56:17  warning  Fast refresh only works when a file only exports components. Use a new file to share constants or functions between components  react-refresh/only-export-components
   66:17  warning  Fast refresh only works when a file only exports components. Use a new file to share constants or functions between components  react-refresh/only-export-components
  800:17  warning  Fast refresh only works when a file only exports components. Use a new file to share constants or functions between components  react-refresh/only-export-components

C:\Users\laich\Documents\HKCSDA\HKCSDA\hkscda\.worktrees\audit-tanstack-security-20261006\src\components\admin\content\AdoptionInstructionsManagement.tsx
   23:17  warning  Fast refresh only works when a file only exports components. Use a new file to share constants or functions between components  react-refresh/only-export-components
  143:17  warning  Fast refresh only works when a file only exports components. Use a new file to share constants or functions between components  react-refresh/only-export-components

C:\Users\laich\Documents\HKCSDA\HKCSDA\hkscda\.worktrees\audit-tanstack-security-20261006\src\components\admin\content\AdoptionRulesManagement.tsx
  36:17  warning  Fast refresh only works when a file only exports components. Use a new file to share constants or functions between components  react-refresh/only-export-components

C:\Users\laich\Documents\HKCSDA\HKCSDA\hkscda\.worktrees\audit-tanstack-security-20261006\src\components\admin\content\CareTopicsManagement.tsx
  43:17  warning  Fast refresh only works when a file only exports components. Use a new file to share constants or functions between components  react-refresh/only-export-components

C:\Users\laich\Documents\HKCSDA\HKCSDA\hkscda\.worktrees\audit-tanstack-security-20261006\src\components\admin\content\ContentCreateForm.tsx
  25:17  warning  Fast refresh only works when a file only exports components. Use a new file to share constants or functions between components  react-refresh/only-export-components
  37:17  warning  Fast refresh only works when a file only exports components. Use a new file to share constants or functions between components  react-refresh/only-export-components

C:\Users\laich\Documents\HKCSDA\HKCSDA\hkscda\.worktrees\audit-tanstack-security-20261006\src\components\admin\content\ContentEditor.tsx
   127:17  warning  Fast refresh only works when a file only exports components. Use a new file to share constants or functions between components  react-refresh/only-export-components
  1840:23  warning  Fast refresh only works when a file only exports components. Use a new file to share constants or functions between components  react-refresh/only-export-components

C:\Users\laich\Documents\HKCSDA\HKCSDA\hkscda\.worktrees\audit-tanstack-security-20261006\src\components\admin\content\FaqManagement.tsx
  51:17  warning  Fast refresh only works when a file only exports components. Use a new file to share constants or functions between components  react-refresh/only-export-components
  74:17  warning  Fast refresh only works when a file only exports components. Use a new file to share constants or functions between components  react-refresh/only-export-components

C:\Users\laich\Documents\HKCSDA\HKCSDA\hkscda\.worktrees\audit-tanstack-security-20261006\src\components\admin\content\GovernanceManagement.tsx
  28:17  warning  Fast refresh only works when a file only exports components. Use a new file to share constants or functions between components  react-refresh/only-export-components
  38:17  warning  Fast refresh only works when a file only exports components. Use a new file to share constants or functions between components  react-refresh/only-export-components

C:\Users\laich\Documents\HKCSDA\HKCSDA\hkscda\.worktrees\audit-tanstack-security-20261006\src\components\admin\content\KnowledgeManagement.tsx
  41:17  warning  Fast refresh only works when a file only exports components. Use a new file to share constants or functions between components  react-refresh/only-export-components
  51:17  warning  Fast refresh only works when a file only exports components. Use a new file to share constants or functions between components  react-refresh/only-export-components
  55:17  warning  Fast refresh only works when a file only exports components. Use a new file to share constants or functions between components  react-refresh/only-export-components

C:\Users\laich\Documents\HKCSDA\HKCSDA\hkscda\.worktrees\audit-tanstack-security-20261006\src\components\admin\content\LinkedRecordPicker.tsx
  22:17  warning  Fast refresh only works when a file only exports components. Use a new file to share constants or functions between components  react-refresh/only-export-components
  26:17  warning  Fast refresh only works when a file only exports components. Use a new file to share constants or functions between components  react-refresh/only-export-components

C:\Users\laich\Documents\HKCSDA\HKCSDA\hkscda\.worktrees\audit-tanstack-security-20261006\src\components\site\InternshipForm.tsx
  22:14  warning  Fast refresh only works when a file only exports components. Use a new file to share constants or functions between components  react-refresh/only-export-components

C:\Users\laich\Documents\HKCSDA\HKCSDA\hkscda\.worktrees\audit-tanstack-security-20261006\src\components\site\TurnstileWidget.tsx
  27:14  warning  Fast refresh only works when a file only exports components. Use a new file to share constants or functions between components  react-refresh/only-export-components

C:\Users\laich\Documents\HKCSDA\HKCSDA\hkscda\.worktrees\audit-tanstack-security-20261006\src\components\site\adoption\ApplicationWizard.tsx
   65:17  warning  Fast refresh only works when a file only exports components. Use a new file to share constants or functions between components  react-refresh/only-export-components
  148:17  warning  Fast refresh only works when a file only exports components. Use a new file to share constants or functions between components  react-refresh/only-export-components
  198:17  warning  Fast refresh only works when a file only exports components. Use a new file to share constants or functions between components  react-refresh/only-export-components
  208:17  warning  Fast refresh only works when a file only exports components. Use a new file to share constants or functions between components  react-refresh/only-export-components
  225:17  warning  Fast refresh only works when a file only exports components. Use a new file to share constants or functions between components  react-refresh/only-export-components

C:\Users\laich\Documents\HKCSDA\HKCSDA\hkscda\.worktrees\audit-tanstack-security-20261006\src\components\site\adoption\WizardFields.tsx
  531:17  warning  Fast refresh only works when a file only exports components. Use a new file to share constants or functions between components  react-refresh/only-export-components

C:\Users\laich\Documents\HKCSDA\HKCSDA\hkscda\.worktrees\audit-tanstack-security-20261006\src\components\site\fixedActions\PublicFixedActions.tsx
  59:17  warning  Fast refresh only works when a file only exports components. Use a new file to share constants or functions between components  react-refresh/only-export-components
  68:17  warning  Fast refresh only works when a file only exports components. Use a new file to share constants or functions between components  react-refresh/only-export-components

C:\Users\laich\Documents\HKCSDA\HKCSDA\hkscda\.worktrees\audit-tanstack-security-20261006\src\components\site\help\HelpWidget.tsx
  35:6  warning  React Hook useEffect has a missing dependency: 'setOpen'. Either include it or remove the dependency array  react-hooks/exhaustive-deps

C:\Users\laich\Documents\HKCSDA\HKCSDA\hkscda\.worktrees\audit-tanstack-security-20261006\src\components\site\volunteer\GroupEnquiryForm.tsx
  33:17  warning  Fast refresh only works when a file only exports components. Use a new file to share constants or functions between components  react-refresh/only-export-components
  37:17  warning  Fast refresh only works when a file only exports components. Use a new file to share constants or functions between components  react-refresh/only-export-components

C:\Users\laich\Documents\HKCSDA\HKCSDA\hkscda\.worktrees\audit-tanstack-security-20261006\src\components\site\volunteer\VerifiedEmailSignIn.tsx
  230:17  warning  Fast refresh only works when a file only exports components. Use a new file to share constants or functions between components  react-refresh/only-export-components
  242:17  warning  Fast refresh only works when a file only exports components. Use a new file to share constants or functions between components  react-refresh/only-export-components

C:\Users\laich\Documents\HKCSDA\HKCSDA\hkscda\.worktrees\audit-tanstack-security-20261006\src\components\ui\badge.tsx
  32:17  warning  Fast refresh only works when a file only exports components. Use a new file to share constants or functions between components  react-refresh/only-export-components

C:\Users\laich\Documents\HKCSDA\HKCSDA\hkscda\.worktrees\audit-tanstack-security-20261006\src\components\ui\button.tsx
  49:18  warning  Fast refresh only works when a file only exports components. Use a new file to share constants or functions between components  react-refresh/only-export-components

C:\Users\laich\Documents\HKCSDA\HKCSDA\hkscda\.worktrees\audit-tanstack-security-20261006\src\components\ui\form.tsx
  163:3  warning  Fast refresh only works when a file only exports components. Use a new file to share constants or functions between components  react-refresh/only-export-components

C:\Users\laich\Documents\HKCSDA\HKCSDA\hkscda\.worktrees\audit-tanstack-security-20261006\src\components\ui\navigation-menu.tsx
  111:3  warning  Fast refresh only works when a file only exports components. Use a new file to share constants or functions between components  react-refresh/only-export-components

C:\Users\laich\Documents\HKCSDA\HKCSDA\hkscda\.worktrees\audit-tanstack-security-20261006\src\components\ui\sidebar.tsx
  743:3  warning  Fast refresh only works when a file only exports components. Use a new file to share constants or functions between components  react-refresh/only-export-components

C:\Users\laich\Documents\HKCSDA\HKCSDA\hkscda\.worktrees\audit-tanstack-security-20261006\src\components\ui\toggle.tsx
  42:18  warning  Fast refresh only works when a file only exports components. Use a new file to share constants or functions between components  react-refresh/only-export-components

C:\Users\laich\Documents\HKCSDA\HKCSDA\hkscda\.worktrees\audit-tanstack-security-20261006\src\lib\reveal.tsx
  35:17  warning  Fast refresh only works when a file only exports components. Use a new file to share constants or functions between components  react-refresh/only-export-components

C:\Users\laich\Documents\HKCSDA\HKCSDA\hkscda\.worktrees\audit-tanstack-security-20261006\src\routes\donate.tsx
  224:17  warning  Fast refresh only works when a file only exports components. Use a new file to share constants or functions between components  react-refresh/only-export-components
  232:17  warning  Fast refresh only works when a file only exports components. Use a new file to share constants or functions between components  react-refresh/only-export-components
  248:17  warning  Fast refresh only works when a file only exports components. Use a new file to share constants or functions between components  react-refresh/only-export-components
  254:17  warning  Fast refresh only works when a file only exports components. Use a new file to share constants or functions between components  react-refresh/only-export-components
  272:23  warning  Fast refresh only works when a file only exports components. Use a new file to share constants or functions between components  react-refresh/only-export-components

C:\Users\laich\Documents\HKCSDA\HKCSDA\hkscda\.worktrees\audit-tanstack-security-20261006\src\routes\stories.tsx
  15:17  warning  Fast refresh only works when a file only exports components. Use a new file to share constants or functions between components  react-refresh/only-export-components

✖ 52 problems (0 errors, 52 warnings)

