bun test v1.3.14 (0d9b296a)

src\lib\animals\draftIntent.database.test.ts:
(pass) R01 animal draft intent and audited archive > current caller requires the exact missing-target contracts [9.04ms]
(pass) R01 animal draft intent and audited archive > direct clients cannot access intents or execute the four functions [341.18ms]
(pass) R01 animal draft intent and audited archive > archive rejects missing Auth actor before audit or mutation [14.21ms]
(pass) R01 animal draft intent and audited archive > archive rejects missing admin actor before audit or mutation [15.15ms]
(pass) R01 animal draft intent and audited archive > archive rejects treasurer actor before audit or mutation [18.34ms]
(pass) R01 animal draft intent and audited archive > archive rejects pending actor before audit or mutation [19.41ms]
(pass) R01 animal draft intent and audited archive > archive rejects disabled actor before audit or mutation [17.74ms]
(pass) R01 animal draft intent and audited archive > archive rejects suspended actor before audit or mutation [20.95ms]
(pass) R01 animal draft intent and audited archive > archive and unarchive retry without duplicate audit and preserve linked facts [61.18ms]
(pass) R01 animal draft intent and audited archive > audit failure rolls back archive and retry state [19.40ms]
(pass) R01 animal draft intent and audited archive > reserve validates path/expiry, renews one intent and refuses a cleanup claim [23.81ms]
(pass) R01 animal draft intent and audited archive > trigger attaches primary and gallery paths atomically and fences late saves [22.80ms]
(pass) R01 animal draft intent and audited archive > actual upload handler reserves before inert Storage and keeps intent on ambiguous signed failure [19.23ms]
(pass) R01 animal draft intent and audited archive > actual cleanup retains ambiguous removal claim, finishes other items and retries after lease [33.86ms]
(pass) R01 animal draft intent and audited archive > stale finish cannot erase a renewed claim; failed finish leaves fenced intent [30.65ms]
(pass) R01 animal draft intent and audited archive > concurrent archive retries serialize and fence Auth/admin state until audit commit [371.80ms]
(pass) R01 animal draft intent and audited archive > cleanup claims skip locked rows and concurrent claims never duplicate work [35.90ms]

 17 pass
 0 fail
 241 expect() calls
Ran 17 tests across 1 file. [1.89s]
