bun test v1.3.14 (0d9b296a)

src\lib\animals\draftIntent.database.test.ts:
(pass) R01 animal draft intent and audited archive > current caller requires the exact missing-target contracts [9.76ms]
(pass) R01 animal draft intent and audited archive > direct clients cannot access intents or execute the four functions [419.65ms]
(pass) R01 animal draft intent and audited archive > archive rejects missing Auth actor before audit or mutation [17.92ms]
(pass) R01 animal draft intent and audited archive > archive rejects missing admin actor before audit or mutation [18.84ms]
(pass) R01 animal draft intent and audited archive > archive rejects treasurer actor before audit or mutation [41.39ms]
(pass) R01 animal draft intent and audited archive > archive rejects pending actor before audit or mutation [33.68ms]
(pass) R01 animal draft intent and audited archive > archive rejects disabled actor before audit or mutation [25.09ms]
(pass) R01 animal draft intent and audited archive > archive rejects suspended actor before audit or mutation [24.89ms]
(pass) R01 animal draft intent and audited archive > archive and unarchive retry without duplicate audit and preserve linked facts [102.00ms]
(pass) R01 animal draft intent and audited archive > audit failure rolls back archive and retry state [29.65ms]
(pass) R01 animal draft intent and audited archive > reserve validates path/expiry, renews one intent and refuses a cleanup claim [34.37ms]
(pass) R01 animal draft intent and audited archive > trigger attaches primary and gallery paths atomically and fences late saves [43.83ms]
(pass) R01 animal draft intent and audited archive > actual upload handler reserves before inert Storage and keeps intent on ambiguous signed failure [25.92ms]
(pass) R01 animal draft intent and audited archive > actual cleanup retains ambiguous removal claim, finishes other items and retries after lease [43.64ms]
(pass) R01 animal draft intent and audited archive > stale finish cannot erase a renewed claim; failed finish leaves fenced intent [31.68ms]
(pass) R01 animal draft intent and audited archive > concurrent archive retries serialize and fence Auth/admin state until audit commit [447.86ms]
(pass) R01 animal draft intent and audited archive > cleanup claims skip locked rows and concurrent claims never duplicate work [54.28ms]

 17 pass
 0 fail
 241 expect() calls
Ran 17 tests across 1 file. [2.40s]
