DESCRIPTION
  Execute a SQL query against the database.

USAGE
  supabase db query [flags] [<sql>]

ARGUMENTS
  sql string    SQL query to execute. (optional)

FLAGS
  --db-url string         Queries the database specified by the connection string (must be percent-encoded).
  --linked                Queries the linked project's database via Management API.
  --local                 Queries the local database.
  --project-ref string    Project ref of the Supabase project.
  --file, -f string       Path to a SQL file to execute.

GLOBAL FLAGS
  --help, -h                                                          Show help information
  --version, -v                                                       Show version information
  --wizard                                                            Start wizard mode for a command
  --completions <bash|zsh|fish|sh>                                    Print shell completion script (choices: bash, zsh, fish, sh)
  --log-level <all|trace|debug|info|warn|warning|error|fatal|none>    Sets the minimum log level (choices: all, trace, debug, info, warn, warning, error, fatal, none)
  --output-format choice                                              Output format: text (default), json, or stream-json (NDJSON) (choices: text, json, stream-json)
  --output, -o choice                                                 output format of status variables (choices: env, pretty, json, toml, yaml, table, csv)
  --profile string                                                    use a specific profile for connecting to Supabase API
  --debug                                                             output debug logs to stderr
  --workdir string                                                    path to the directory containing your supabase/ folder; used exactly as given, with no ancestor directory search (defaults to searching upward from the current directory)
  --experimental                                                      enable experimental features
  --network-id string                                                 use the specified docker network instead of a generated one
  --yes                                                               answer yes to all prompts
  --dns-resolver choice                                               lookup domain names using the specified resolver (choices: native, https)
  --create-ticket                                                     create a support ticket for any CLI error
  --agent choice                                                      Override agent detection: yes, no, or auto (default auto) (choices: auto, yes, no)
