bun test v1.3.14 (0d9b296a)

src\lib\animals\draftIntent.database.test.ts:
(pass) R01 animal draft intent and audited archive > current caller requires the exact missing-target contracts [7.23ms]
(pass) R01 animal draft intent and audited archive > direct clients cannot access intents or execute the four functions [57.89ms]
(pass) R01 animal draft intent and audited archive > archive rejects missing Auth actor before audit or mutation [14.64ms]
(pass) R01 animal draft intent and audited archive > archive rejects missing admin actor before audit or mutation [13.83ms]
(pass) R01 animal draft intent and audited archive > archive rejects treasurer actor before audit or mutation [13.24ms]
(pass) R01 animal draft intent and audited archive > archive rejects pending actor before audit or mutation [14.63ms]
(pass) R01 animal draft intent and audited archive > archive rejects disabled actor before audit or mutation [14.53ms]
(pass) R01 animal draft intent and audited archive > archive rejects suspended actor before audit or mutation [13.51ms]
(pass) R01 animal draft intent and audited archive > archive and unarchive retry without duplicate audit and preserve linked facts [50.95ms]
(pass) R01 animal draft intent and audited archive > audit failure rolls back archive and retry state [16.30ms]
(pass) R01 animal draft intent and audited archive > reserve validates path/expiry, renews one intent and refuses a cleanup claim [21.66ms]
(pass) R01 animal draft intent and audited archive > trigger attaches primary and gallery paths atomically and fences late saves [20.60ms]
(pass) R01 animal draft intent and audited archive > actual upload handler reserves before inert Storage and keeps intent on ambiguous signed failure [20.52ms]
(pass) R01 animal draft intent and audited archive > actual cleanup retains ambiguous removal claim, finishes other items and retries after lease [35.13ms]
(pass) R01 animal draft intent and audited archive > stale finish cannot erase a renewed claim; failed finish leaves fenced intent [30.13ms]
(pass) R01 animal draft intent and audited archive > concurrent archive retries serialize and fence Auth/admin state until audit commit [389.18ms]
(pass) R01 animal draft intent and audited archive > cleanup claims skip locked rows and concurrent claims never duplicate work [37.16ms]

 17 pass
 0 fail
 100 expect() calls
Ran 17 tests across 1 file. [1468.00ms]
