bun test v1.3.14 (0d9b296a)

src\lib\animals\draftIntent.database.test.ts:
(pass) R01 animal draft intent and audited archive > current caller requires the exact missing-target contracts [8.84ms]
(pass) R01 animal draft intent and audited archive > direct clients cannot access intents or execute the four functions [89.89ms]
(pass) R01 animal draft intent and audited archive > archive rejects missing Auth actor before audit or mutation [21.50ms]
(pass) R01 animal draft intent and audited archive > archive rejects missing admin actor before audit or mutation [16.31ms]
(pass) R01 animal draft intent and audited archive > archive rejects treasurer actor before audit or mutation [13.92ms]
(pass) R01 animal draft intent and audited archive > archive rejects pending actor before audit or mutation [13.52ms]
(pass) R01 animal draft intent and audited archive > archive rejects disabled actor before audit or mutation [12.70ms]
(pass) R01 animal draft intent and audited archive > archive rejects suspended actor before audit or mutation [15.40ms]
(pass) R01 animal draft intent and audited archive > archive and unarchive retry without duplicate audit and preserve linked facts [63.16ms]
(pass) R01 animal draft intent and audited archive > audit failure rolls back archive and retry state [18.82ms]
(pass) R01 animal draft intent and audited archive > reserve validates path/expiry, renews one intent and refuses a cleanup claim [24.12ms]
(pass) R01 animal draft intent and audited archive > trigger attaches primary and gallery paths atomically and fences late saves [18.38ms]
(fail) R01 animal draft intent and audited archive > actual upload handler reserves before inert Storage and keeps intent on ambiguous signed failure [30014.56ms]
  ^ this test timed out after 30000ms.
(pass) R01 animal draft intent and audited archive > actual cleanup retains ambiguous removal claim, finishes other items and retries after lease [40.13ms]
(pass) R01 animal draft intent and audited archive > stale finish cannot erase a renewed claim; failed finish leaves fenced intent [31.39ms]
(pass) R01 animal draft intent and audited archive > concurrent archive retries serialize and fence Auth/admin state until audit commit [387.04ms]
(pass) R01 animal draft intent and audited archive > cleanup claims skip locked rows and concurrent claims never duplicate work [50.26ms]
(fail) R01 animal draft intent and audited archive > (unnamed) [30000.94ms]
  ^ a beforeEach/afterEach hook timed out for this test.
