bun test v1.3.14 (0d9b296a)

src\lib\content\atomicForward.http.test.ts:
{
  code: "42501",
  message: "forbidden internal diagnostic",
}
 8 |   });
 9 |   const response = await handlers.generateNotificationDrafts({
10 |     request: new Request("https://example.invalid/cms", { method: "POST" }),
11 |     params: { updateId: "00000000-0000-4000-8000-000000000002" },
12 |   });
13 |   expect(response.status).toBe(403);
                               ^
error: expect(received).toBe(expected)

Expected: 403
Received: 500

      at <anonymous> (C:\Users\laich\Documents\HKCSDA\HKCSDA\hkscda\.worktrees\audit-r01-adoption-upload-20261001\src\lib\content\atomicForward.http.test.ts:13:27)
(fail) CMS actor permission refusal maps to safe private 403 [19.75ms]

 0 pass
 1 fail
 1 expect() calls
Ran 1 test across 1 file. [349.00ms]
