$ vite build
Warning: Route file "C:/Users/laich/Documents/HKCSDA/HKCSDA/hkscda/.worktrees/audit-sequential-merge-20261006/src/routes/donate.test.tsx" does not export a Route. This file will not be included in the route tree.

If this file is not intended to be a route, you can exclude it using one of these options:
  1. Rename the file to "C:\Users\laich\Documents\HKCSDA\HKCSDA\hkscda\.worktrees\audit-sequential-merge-20261006\src\routes\-donate.test.tsx" (prefix with "-")
  2. Use 'routeFileIgnorePattern' in your config to match this file

Current configuration:
  routeFileIgnorePrefix: "-"
  routeFileIgnorePattern: undefined
Warning: Route file "C:/Users/laich/Documents/HKCSDA/HKCSDA/hkscda/.worktrees/audit-sequential-merge-20261006/src/routes/help.test.tsx" does not export a Route. This file will not be included in the route tree.

If this file is not intended to be a route, you can exclude it using one of these options:
  1. Rename the file to "C:\Users\laich\Documents\HKCSDA\HKCSDA\hkscda\.worktrees\audit-sequential-merge-20261006\src\routes\-help.test.tsx" (prefix with "-")
  2. Use 'routeFileIgnorePattern' in your config to match this file

Current configuration:
  routeFileIgnorePrefix: "-"
  routeFileIgnorePattern: undefined
Warning: Route file "C:/Users/laich/Documents/HKCSDA/HKCSDA/hkscda/.worktrees/audit-sequential-merge-20261006/src/routes/knowledge.test.tsx" does not export a Route. This file will not be included in the route tree.

If this file is not intended to be a route, you can exclude it using one of these options:
  1. Rename the file to "C:\Users\laich\Documents\HKCSDA\HKCSDA\hkscda\.worktrees\audit-sequential-merge-20261006\src\routes\-knowledge.test.tsx" (prefix with "-")
  2. Use 'routeFileIgnorePattern' in your config to match this file

Current configuration:
  routeFileIgnorePrefix: "-"
  routeFileIgnorePattern: undefined
Warning: Route file "C:/Users/laich/Documents/HKCSDA/HKCSDA/hkscda/.worktrees/audit-sequential-merge-20261006/src/routes/publicTruth.test.ts" does not export a Route. This file will not be included in the route tree.

If this file is not intended to be a route, you can exclude it using one of these options:
  1. Rename the file to "C:\Users\laich\Documents\HKCSDA\HKCSDA\hkscda\.worktrees\audit-sequential-merge-20261006\src\routes\-publicTruth.test.ts" (prefix with "-")
  2. Use 'routeFileIgnorePattern' in your config to match this file

Current configuration:
  routeFileIgnorePrefix: "-"
  routeFileIgnorePattern: undefined
Warning: Route file "C:/Users/laich/Documents/HKCSDA/HKCSDA/hkscda/.worktrees/audit-sequential-merge-20261006/src/routes/sitemap[.]xml.test.ts" does not export a Route. This file will not be included in the route tree.

If this file is not intended to be a route, you can exclude it using one of these options:
  1. Rename the file to "C:\Users\laich\Documents\HKCSDA\HKCSDA\hkscda\.worktrees\audit-sequential-merge-20261006\src\routes\-sitemap[.]xml.test.ts" (prefix with "-")
  2. Use 'routeFileIgnorePattern' in your config to match this file

Current configuration:
  routeFileIgnorePrefix: "-"
  routeFileIgnorePattern: undefined
Warning: Route file "C:/Users/laich/Documents/HKCSDA/HKCSDA/hkscda/.worktrees/audit-sequential-merge-20261006/src/routes/seoSurfaces.test.ts" does not export a Route. This file will not be included in the route tree.

If this file is not intended to be a route, you can exclude it using one of these options:
  1. Rename the file to "C:\Users\laich\Documents\HKCSDA\HKCSDA\hkscda\.worktrees\audit-sequential-merge-20261006\src\routes\-seoSurfaces.test.ts" (prefix with "-")
  2. Use 'routeFileIgnorePattern' in your config to match this file

Current configuration:
  routeFileIgnorePrefix: "-"
  routeFileIgnorePattern: undefined
Warning: Route file "C:/Users/laich/Documents/HKCSDA/HKCSDA/hkscda/.worktrees/audit-sequential-merge-20261006/src/routes/stories.test.tsx" does not export a Route. This file will not be included in the route tree.

If this file is not intended to be a route, you can exclude it using one of these options:
  1. Rename the file to "C:\Users\laich\Documents\HKCSDA\HKCSDA\hkscda\.worktrees\audit-sequential-merge-20261006\src\routes\-stories.test.tsx" (prefix with "-")
  2. Use 'routeFileIgnorePattern' in your config to match this file

Current configuration:
  routeFileIgnorePrefix: "-"
  routeFileIgnorePattern: undefined
Warning: Route file "C:/Users/laich/Documents/HKCSDA/HKCSDA/hkscda/.worktrees/audit-sequential-merge-20261006/src/routes/supporter.test.tsx" does not export a Route. This file will not be included in the route tree.

If this file is not intended to be a route, you can exclude it using one of these options:
  1. Rename the file to "C:\Users\laich\Documents\HKCSDA\HKCSDA\hkscda\.worktrees\audit-sequential-merge-20261006\src\routes\-supporter.test.tsx" (prefix with "-")
  2. Use 'routeFileIgnorePattern' in your config to match this file

Current configuration:
  routeFileIgnorePrefix: "-"
  routeFileIgnorePattern: undefined
Warning: Route file "C:/Users/laich/Documents/HKCSDA/HKCSDA/hkscda/.worktrees/audit-sequential-merge-20261006/src/routes/volunteer.test.tsx" does not export a Route. This file will not be included in the route tree.

If this file is not intended to be a route, you can exclude it using one of these options:
  1. Rename the file to "C:\Users\laich\Documents\HKCSDA\HKCSDA\hkscda\.worktrees\audit-sequential-merge-20261006\src\routes\-volunteer.test.tsx" (prefix with "-")
  2. Use 'routeFileIgnorePattern' in your config to match this file

Current configuration:
  routeFileIgnorePrefix: "-"
  routeFileIgnorePattern: undefined
Warning: Route file "C:/Users/laich/Documents/HKCSDA/HKCSDA/hkscda/.worktrees/audit-sequential-merge-20261006/src/routes/__root.visual.test.ts" does not export a Route. This file will not be included in the route tree.

If this file is not intended to be a route, you can exclude it using one of these options:
  1. Rename the file to "C:\Users\laich\Documents\HKCSDA\HKCSDA\hkscda\.worktrees\audit-sequential-merge-20261006\src\routes\-__root.visual.test.ts" (prefix with "-")
  2. Use 'routeFileIgnorePattern' in your config to match this file

Current configuration:
  routeFileIgnorePrefix: "-"
  routeFileIgnorePattern: undefined
Warning: Route file "C:/Users/laich/Documents/HKCSDA/HKCSDA/hkscda/.worktrees/audit-sequential-merge-20261006/src/routes/about/cccp.test.tsx" does not export a Route. This file will not be included in the route tree.

If this file is not intended to be a route, you can exclude it using one of these options:
  1. Rename the file to "C:\Users\laich\Documents\HKCSDA\HKCSDA\hkscda\.worktrees\audit-sequential-merge-20261006\src\routes\about\-cccp.test.tsx" (prefix with "-")
  2. Use 'routeFileIgnorePattern' in your config to match this file

Current configuration:
  routeFileIgnorePrefix: "-"
  routeFileIgnorePattern: undefined
Warning: Route file "C:/Users/laich/Documents/HKCSDA/HKCSDA/hkscda/.worktrees/audit-sequential-merge-20261006/src/routes/about/team.test.tsx" does not export a Route. This file will not be included in the route tree.

If this file is not intended to be a route, you can exclude it using one of these options:
  1. Rename the file to "C:\Users\laich\Documents\HKCSDA\HKCSDA\hkscda\.worktrees\audit-sequential-merge-20261006\src\routes\about\-team.test.tsx" (prefix with "-")
  2. Use 'routeFileIgnorePattern' in your config to match this file

Current configuration:
  routeFileIgnorePrefix: "-"
  routeFileIgnorePattern: undefined
Warning: Route file "C:/Users/laich/Documents/HKCSDA/HKCSDA/hkscda/.worktrees/audit-sequential-merge-20261006/src/routes/about/tnr.test.tsx" does not export a Route. This file will not be included in the route tree.

If this file is not intended to be a route, you can exclude it using one of these options:
  1. Rename the file to "C:\Users\laich\Documents\HKCSDA\HKCSDA\hkscda\.worktrees\audit-sequential-merge-20261006\src\routes\about\-tnr.test.tsx" (prefix with "-")
  2. Use 'routeFileIgnorePattern' in your config to match this file

Current configuration:
  routeFileIgnorePrefix: "-"
  routeFileIgnorePattern: undefined
Warning: Route file "C:/Users/laich/Documents/HKCSDA/HKCSDA/hkscda/.worktrees/audit-sequential-merge-20261006/src/routes/admin/login.test.tsx" does not export a Route. This file will not be included in the route tree.

If this file is not intended to be a route, you can exclude it using one of these options:
  1. Rename the file to "C:\Users\laich\Documents\HKCSDA\HKCSDA\hkscda\.worktrees\audit-sequential-merge-20261006\src\routes\admin\-login.test.tsx" (prefix with "-")
  2. Use 'routeFileIgnorePattern' in your config to match this file

Current configuration:
  routeFileIgnorePrefix: "-"
  routeFileIgnorePattern: undefined
Warning: Route file "C:/Users/laich/Documents/HKCSDA/HKCSDA/hkscda/.worktrees/audit-sequential-merge-20261006/src/routes/admin/reset-password.test.tsx" does not export a Route. This file will not be included in the route tree.

If this file is not intended to be a route, you can exclude it using one of these options:
  1. Rename the file to "C:\Users\laich\Documents\HKCSDA\HKCSDA\hkscda\.worktrees\audit-sequential-merge-20261006\src\routes\admin\-reset-password.test.tsx" (prefix with "-")
  2. Use 'routeFileIgnorePattern' in your config to match this file

Current configuration:
  routeFileIgnorePrefix: "-"
  routeFileIgnorePattern: undefined
Warning: Route file "C:/Users/laich/Documents/HKCSDA/HKCSDA/hkscda/.worktrees/audit-sequential-merge-20261006/src/routes/adoption/apply.test.tsx" does not export a Route. This file will not be included in the route tree.

If this file is not intended to be a route, you can exclude it using one of these options:
  1. Rename the file to "C:\Users\laich\Documents\HKCSDA\HKCSDA\hkscda\.worktrees\audit-sequential-merge-20261006\src\routes\adoption\-apply.test.tsx" (prefix with "-")
  2. Use 'routeFileIgnorePattern' in your config to match this file

Current configuration:
  routeFileIgnorePrefix: "-"
  routeFileIgnorePattern: undefined
Warning: Route file "C:/Users/laich/Documents/HKCSDA/HKCSDA/hkscda/.worktrees/audit-sequential-merge-20261006/src/routes/adoption/instructions.test.tsx" does not export a Route. This file will not be included in the route tree.

If this file is not intended to be a route, you can exclude it using one of these options:
  1. Rename the file to "C:\Users\laich\Documents\HKCSDA\HKCSDA\hkscda\.worktrees\audit-sequential-merge-20261006\src\routes\adoption\-instructions.test.tsx" (prefix with "-")
  2. Use 'routeFileIgnorePattern' in your config to match this file

Current configuration:
  routeFileIgnorePrefix: "-"
  routeFileIgnorePattern: undefined
Warning: Route file "C:/Users/laich/Documents/HKCSDA/HKCSDA/hkscda/.worktrees/audit-sequential-merge-20261006/src/routes/animals/listingSsr.test.ts" does not export a Route. This file will not be included in the route tree.

If this file is not intended to be a route, you can exclude it using one of these options:
  1. Rename the file to "C:\Users\laich\Documents\HKCSDA\HKCSDA\hkscda\.worktrees\audit-sequential-merge-20261006\src\routes\animals\-listingSsr.test.ts" (prefix with "-")
  2. Use 'routeFileIgnorePattern' in your config to match this file

Current configuration:
  routeFileIgnorePrefix: "-"
  routeFileIgnorePattern: undefined
Warning: Route file "C:/Users/laich/Documents/HKCSDA/HKCSDA/hkscda/.worktrees/audit-sequential-merge-20261006/src/routes/api/donations.test.ts" does not export a Route. This file will not be included in the route tree.

If this file is not intended to be a route, you can exclude it using one of these options:
  1. Rename the file to "C:\Users\laich\Documents\HKCSDA\HKCSDA\hkscda\.worktrees\audit-sequential-merge-20261006\src\routes\api\-donations.test.ts" (prefix with "-")
  2. Use 'routeFileIgnorePattern' in your config to match this file

Current configuration:
  routeFileIgnorePrefix: "-"
  routeFileIgnorePattern: undefined
Warning: Route file "C:/Users/laich/Documents/HKCSDA/HKCSDA/hkscda/.worktrees/audit-sequential-merge-20261006/src/routes/index.visual.test.ts" does not export a Route. This file will not be included in the route tree.

If this file is not intended to be a route, you can exclude it using one of these options:
  1. Rename the file to "C:\Users\laich\Documents\HKCSDA\HKCSDA\hkscda\.worktrees\audit-sequential-merge-20261006\src\routes\-index.visual.test.ts" (prefix with "-")
  2. Use 'routeFileIgnorePattern' in your config to match this file

Current configuration:
  routeFileIgnorePrefix: "-"
  routeFileIgnorePattern: undefined
Warning: Route file "C:/Users/laich/Documents/HKCSDA/HKCSDA/hkscda/.worktrees/audit-sequential-merge-20261006/src/routes/report/adoption.test.tsx" does not export a Route. This file will not be included in the route tree.

If this file is not intended to be a route, you can exclude it using one of these options:
  1. Rename the file to "C:\Users\laich\Documents\HKCSDA\HKCSDA\hkscda\.worktrees\audit-sequential-merge-20261006\src\routes\report\-adoption.test.tsx" (prefix with "-")
  2. Use 'routeFileIgnorePattern' in your config to match this file

Current configuration:
  routeFileIgnorePrefix: "-"
  routeFileIgnorePattern: undefined
Warning: Route file "C:/Users/laich/Documents/HKCSDA/HKCSDA/hkscda/.worktrees/audit-sequential-merge-20261006/src/routes/sponsors_.pledge.test.tsx" does not export a Route. This file will not be included in the route tree.

If this file is not intended to be a route, you can exclude it using one of these options:
  1. Rename the file to "C:\Users\laich\Documents\HKCSDA\HKCSDA\hkscda\.worktrees\audit-sequential-merge-20261006\src\routes\-sponsors_.pledge.test.tsx" (prefix with "-")
  2. Use 'routeFileIgnorePattern' in your config to match this file

Current configuration:
  routeFileIgnorePrefix: "-"
  routeFileIgnorePattern: undefined
Warning: Route file "C:/Users/laich/Documents/HKCSDA/HKCSDA/hkscda/.worktrees/audit-sequential-merge-20261006/src/routes/report/audit.test.tsx" does not export a Route. This file will not be included in the route tree.

If this file is not intended to be a route, you can exclude it using one of these options:
  1. Rename the file to "C:\Users\laich\Documents\HKCSDA\HKCSDA\hkscda\.worktrees\audit-sequential-merge-20261006\src\routes\report\-audit.test.tsx" (prefix with "-")
  2. Use 'routeFileIgnorePattern' in your config to match this file

Current configuration:
  routeFileIgnorePrefix: "-"
  routeFileIgnorePattern: undefined
Warning: Route file "C:/Users/laich/Documents/HKCSDA/HKCSDA/hkscda/.worktrees/audit-sequential-merge-20261006/src/routes/volunteer/group.test.tsx" does not export a Route. This file will not be included in the route tree.

If this file is not intended to be a route, you can exclude it using one of these options:
  1. Rename the file to "C:\Users\laich\Documents\HKCSDA\HKCSDA\hkscda\.worktrees\audit-sequential-merge-20261006\src\routes\volunteer\-group.test.tsx" (prefix with "-")
  2. Use 'routeFileIgnorePattern' in your config to match this file

Current configuration:
  routeFileIgnorePrefix: "-"
  routeFileIgnorePattern: undefined
Warning: Route file "C:/Users/laich/Documents/HKCSDA/HKCSDA/hkscda/.worktrees/audit-sequential-merge-20261006/src/routes/about/index.test.tsx" does not export a Route. This file will not be included in the route tree.

If this file is not intended to be a route, you can exclude it using one of these options:
  1. Rename the file to "C:\Users\laich\Documents\HKCSDA\HKCSDA\hkscda\.worktrees\audit-sequential-merge-20261006\src\routes\about\-index.test.tsx" (prefix with "-")
  2. Use 'routeFileIgnorePattern' in your config to match this file

Current configuration:
  routeFileIgnorePrefix: "-"
  routeFileIgnorePattern: undefined
Warning: Route file "C:/Users/laich/Documents/HKCSDA/HKCSDA/hkscda/.worktrees/audit-sequential-merge-20261006/src/routes/admin/content/adoption-preview.test.tsx" does not export a Route. This file will not be included in the route tree.

If this file is not intended to be a route, you can exclude it using one of these options:
  1. Rename the file to "C:\Users\laich\Documents\HKCSDA\HKCSDA\hkscda\.worktrees\audit-sequential-merge-20261006\src\routes\admin\content\-adoption-preview.test.tsx" (prefix with "-")
  2. Use 'routeFileIgnorePattern' in your config to match this file

Current configuration:
  routeFileIgnorePrefix: "-"
  routeFileIgnorePattern: undefined
Warning: Route file "C:/Users/laich/Documents/HKCSDA/HKCSDA/hkscda/.worktrees/audit-sequential-merge-20261006/src/routes/admin/content/adoption.test.tsx" does not export a Route. This file will not be included in the route tree.

If this file is not intended to be a route, you can exclude it using one of these options:
  1. Rename the file to "C:\Users\laich\Documents\HKCSDA\HKCSDA\hkscda\.worktrees\audit-sequential-merge-20261006\src\routes\admin\content\-adoption.test.tsx" (prefix with "-")
  2. Use 'routeFileIgnorePattern' in your config to match this file

Current configuration:
  routeFileIgnorePrefix: "-"
  routeFileIgnorePattern: undefined
Warning: Route file "C:/Users/laich/Documents/HKCSDA/HKCSDA/hkscda/.worktrees/audit-sequential-merge-20261006/src/routes/admin/content/knowledge.test.tsx" does not export a Route. This file will not be included in the route tree.

If this file is not intended to be a route, you can exclude it using one of these options:
  1. Rename the file to "C:\Users\laich\Documents\HKCSDA\HKCSDA\hkscda\.worktrees\audit-sequential-merge-20261006\src\routes\admin\content\-knowledge.test.tsx" (prefix with "-")
  2. Use 'routeFileIgnorePattern' in your config to match this file

Current configuration:
  routeFileIgnorePrefix: "-"
  routeFileIgnorePattern: undefined
Warning: Route file "C:/Users/laich/Documents/HKCSDA/HKCSDA/hkscda/.worktrees/audit-sequential-merge-20261006/src/routes/adoption/status.$token.test.tsx" does not export a Route. This file will not be included in the route tree.

If this file is not intended to be a route, you can exclude it using one of these options:
  1. Rename the file to "C:\Users\laich\Documents\HKCSDA\HKCSDA\hkscda\.worktrees\audit-sequential-merge-20261006\src\routes\adoption\-status.$token.test.tsx" (prefix with "-")
  2. Use 'routeFileIgnorePattern' in your config to match this file

Current configuration:
  routeFileIgnorePrefix: "-"
  routeFileIgnorePattern: undefined
Warning: Route file "C:/Users/laich/Documents/HKCSDA/HKCSDA/hkscda/.worktrees/audit-sequential-merge-20261006/src/routes/api/admin/adoption-information.test.ts" does not export a Route. This file will not be included in the route tree.

If this file is not intended to be a route, you can exclude it using one of these options:
  1. Rename the file to "C:\Users\laich\Documents\HKCSDA\HKCSDA\hkscda\.worktrees\audit-sequential-merge-20261006\src\routes\api\admin\-adoption-information.test.ts" (prefix with "-")
  2. Use 'routeFileIgnorePattern' in your config to match this file

Current configuration:
  routeFileIgnorePrefix: "-"
  routeFileIgnorePattern: undefined
Warning: Route file "C:/Users/laich/Documents/HKCSDA/HKCSDA/hkscda/.worktrees/audit-sequential-merge-20261006/src/routes/admin/volunteers/group-enquiries.test.tsx" does not export a Route. This file will not be included in the route tree.

If this file is not intended to be a route, you can exclude it using one of these options:
  1. Rename the file to "C:\Users\laich\Documents\HKCSDA\HKCSDA\hkscda\.worktrees\audit-sequential-merge-20261006\src\routes\admin\volunteers\-group-enquiries.test.tsx" (prefix with "-")
  2. Use 'routeFileIgnorePattern' in your config to match this file

Current configuration:
  routeFileIgnorePrefix: "-"
  routeFileIgnorePattern: undefined
Warning: Route file "C:/Users/laich/Documents/HKCSDA/HKCSDA/hkscda/.worktrees/audit-sequential-merge-20261006/src/routes/api/admin/knowledge.test.ts" does not export a Route. This file will not be included in the route tree.

If this file is not intended to be a route, you can exclude it using one of these options:
  1. Rename the file to "C:\Users\laich\Documents\HKCSDA\HKCSDA\hkscda\.worktrees\audit-sequential-merge-20261006\src\routes\api\admin\-knowledge.test.ts" (prefix with "-")
  2. Use 'routeFileIgnorePattern' in your config to match this file

Current configuration:
  routeFileIgnorePrefix: "-"
  routeFileIgnorePattern: undefined
Warning: Route file "C:/Users/laich/Documents/HKCSDA/HKCSDA/hkscda/.worktrees/audit-sequential-merge-20261006/src/routes/api/admin/task-overview.test.ts" does not export a Route. This file will not be included in the route tree.

If this file is not intended to be a route, you can exclude it using one of these options:
  1. Rename the file to "C:\Users\laich\Documents\HKCSDA\HKCSDA\hkscda\.worktrees\audit-sequential-merge-20261006\src\routes\api\admin\-task-overview.test.ts" (prefix with "-")
  2. Use 'routeFileIgnorePattern' in your config to match this file

Current configuration:
  routeFileIgnorePrefix: "-"
  routeFileIgnorePattern: undefined
Warning: Route file "C:/Users/laich/Documents/HKCSDA/HKCSDA/hkscda/.worktrees/audit-sequential-merge-20261006/src/routes/api/adoption/applications.test.ts" does not export a Route. This file will not be included in the route tree.

If this file is not intended to be a route, you can exclude it using one of these options:
  1. Rename the file to "C:\Users\laich\Documents\HKCSDA\HKCSDA\hkscda\.worktrees\audit-sequential-merge-20261006\src\routes\api\adoption\-applications.test.ts" (prefix with "-")
  2. Use 'routeFileIgnorePattern' in your config to match this file

Current configuration:
  routeFileIgnorePrefix: "-"
  routeFileIgnorePattern: undefined
Warning: Route file "C:/Users/laich/Documents/HKCSDA/HKCSDA/hkscda/.worktrees/audit-sequential-merge-20261006/src/routes/api/internships/attachment.test.ts" does not export a Route. This file will not be included in the route tree.

If this file is not intended to be a route, you can exclude it using one of these options:
  1. Rename the file to "C:\Users\laich\Documents\HKCSDA\HKCSDA\hkscda\.worktrees\audit-sequential-merge-20261006\src\routes\api\internships\-attachment.test.ts" (prefix with "-")
  2. Use 'routeFileIgnorePattern' in your config to match this file

Current configuration:
  routeFileIgnorePrefix: "-"
  routeFileIgnorePattern: undefined
Warning: Route file "C:/Users/laich/Documents/HKCSDA/HKCSDA/hkscda/.worktrees/audit-sequential-merge-20261006/src/routes/api/jobs/adoption-uploads.test.ts" does not export a Route. This file will not be included in the route tree.

If this file is not intended to be a route, you can exclude it using one of these options:
  1. Rename the file to "C:\Users\laich\Documents\HKCSDA\HKCSDA\hkscda\.worktrees\audit-sequential-merge-20261006\src\routes\api\jobs\-adoption-uploads.test.ts" (prefix with "-")
  2. Use 'routeFileIgnorePattern' in your config to match this file

Current configuration:
  routeFileIgnorePrefix: "-"
  routeFileIgnorePattern: undefined
Warning: Route file "C:/Users/laich/Documents/HKCSDA/HKCSDA/hkscda/.worktrees/audit-sequential-merge-20261006/src/routes/api/jobs/public-media-repair.test.ts" does not export a Route. This file will not be included in the route tree.

If this file is not intended to be a route, you can exclude it using one of these options:
  1. Rename the file to "C:\Users\laich\Documents\HKCSDA\HKCSDA\hkscda\.worktrees\audit-sequential-merge-20261006\src\routes\api\jobs\-public-media-repair.test.ts" (prefix with "-")
  2. Use 'routeFileIgnorePattern' in your config to match this file

Current configuration:
  routeFileIgnorePrefix: "-"
  routeFileIgnorePattern: undefined
Warning: Route file "C:/Users/laich/Documents/HKCSDA/HKCSDA/hkscda/.worktrees/audit-sequential-merge-20261006/src/routes/api/sponsorships/pledges.test.ts" does not export a Route. This file will not be included in the route tree.

If this file is not intended to be a route, you can exclude it using one of these options:
  1. Rename the file to "C:\Users\laich\Documents\HKCSDA\HKCSDA\hkscda\.worktrees\audit-sequential-merge-20261006\src\routes\api\sponsorships\-pledges.test.ts" (prefix with "-")
  2. Use 'routeFileIgnorePattern' in your config to match this file

Current configuration:
  routeFileIgnorePrefix: "-"
  routeFileIgnorePattern: undefined
Warning: Route file "C:/Users/laich/Documents/HKCSDA/HKCSDA/hkscda/.worktrees/audit-sequential-merge-20261006/src/routes/api/jobs/public-uploads.test.ts" does not export a Route. This file will not be included in the route tree.

If this file is not intended to be a route, you can exclude it using one of these options:
  1. Rename the file to "C:\Users\laich\Documents\HKCSDA\HKCSDA\hkscda\.worktrees\audit-sequential-merge-20261006\src\routes\api\jobs\-public-uploads.test.ts" (prefix with "-")
  2. Use 'routeFileIgnorePattern' in your config to match this file

Current configuration:
  routeFileIgnorePrefix: "-"
  routeFileIgnorePattern: undefined
Warning: Route file "C:/Users/laich/Documents/HKCSDA/HKCSDA/hkscda/.worktrees/audit-sequential-merge-20261006/src/routes/api/sponsorships/terms.test.ts" does not export a Route. This file will not be included in the route tree.

If this file is not intended to be a route, you can exclude it using one of these options:
  1. Rename the file to "C:\Users\laich\Documents\HKCSDA\HKCSDA\hkscda\.worktrees\audit-sequential-merge-20261006\src\routes\api\sponsorships\-terms.test.ts" (prefix with "-")
  2. Use 'routeFileIgnorePattern' in your config to match this file

Current configuration:
  routeFileIgnorePrefix: "-"
  routeFileIgnorePattern: undefined
Warning: Route file "C:/Users/laich/Documents/HKCSDA/HKCSDA/hkscda/.worktrees/audit-sequential-merge-20261006/src/routes/api/supporter/preferences.test.ts" does not export a Route. This file will not be included in the route tree.

If this file is not intended to be a route, you can exclude it using one of these options:
  1. Rename the file to "C:\Users\laich\Documents\HKCSDA\HKCSDA\hkscda\.worktrees\audit-sequential-merge-20261006\src\routes\api\supporter\-preferences.test.ts" (prefix with "-")
  2. Use 'routeFileIgnorePattern' in your config to match this file

Current configuration:
  routeFileIgnorePrefix: "-"
  routeFileIgnorePattern: undefined
Warning: Route file "C:/Users/laich/Documents/HKCSDA/HKCSDA/hkscda/.worktrees/audit-sequential-merge-20261006/src/routes/api/supporter/records.test.ts" does not export a Route. This file will not be included in the route tree.

If this file is not intended to be a route, you can exclude it using one of these options:
  1. Rename the file to "C:\Users\laich\Documents\HKCSDA\HKCSDA\hkscda\.worktrees\audit-sequential-merge-20261006\src\routes\api\supporter\-records.test.ts" (prefix with "-")
  2. Use 'routeFileIgnorePattern' in your config to match this file

Current configuration:
  routeFileIgnorePrefix: "-"
  routeFileIgnorePattern: undefined
Warning: Route file "C:/Users/laich/Documents/HKCSDA/HKCSDA/hkscda/.worktrees/audit-sequential-merge-20261006/src/routes/api/supporter/recovery.test.ts" does not export a Route. This file will not be included in the route tree.

If this file is not intended to be a route, you can exclude it using one of these options:
  1. Rename the file to "C:\Users\laich\Documents\HKCSDA\HKCSDA\hkscda\.worktrees\audit-sequential-merge-20261006\src\routes\api\supporter\-recovery.test.ts" (prefix with "-")
  2. Use 'routeFileIgnorePattern' in your config to match this file

Current configuration:
  routeFileIgnorePrefix: "-"
  routeFileIgnorePattern: undefined
Warning: Route file "C:/Users/laich/Documents/HKCSDA/HKCSDA/hkscda/.worktrees/audit-sequential-merge-20261006/src/routes/api/volunteer/group-enquiries.test.ts" does not export a Route. This file will not be included in the route tree.

If this file is not intended to be a route, you can exclude it using one of these options:
  1. Rename the file to "C:\Users\laich\Documents\HKCSDA\HKCSDA\hkscda\.worktrees\audit-sequential-merge-20261006\src\routes\api\volunteer\-group-enquiries.test.ts" (prefix with "-")
  2. Use 'routeFileIgnorePattern' in your config to match this file

Current configuration:
  routeFileIgnorePrefix: "-"
  routeFileIgnorePattern: undefined
Warning: Route file "C:/Users/laich/Documents/HKCSDA/HKCSDA/hkscda/.worktrees/audit-sequential-merge-20261006/src/routes/sponsors_.status.$token.test.tsx" does not export a Route. This file will not be included in the route tree.

If this file is not intended to be a route, you can exclude it using one of these options:
  1. Rename the file to "C:\Users\laich\Documents\HKCSDA\HKCSDA\hkscda\.worktrees\audit-sequential-merge-20261006\src\routes\-sponsors_.status.$token.test.tsx" (prefix with "-")
  2. Use 'routeFileIgnorePattern' in your config to match this file

Current configuration:
  routeFileIgnorePrefix: "-"
  routeFileIgnorePattern: undefined
Warning: Route file "C:/Users/laich/Documents/HKCSDA/HKCSDA/hkscda/.worktrees/audit-sequential-merge-20261006/src/routes/volunteer/status.$token.test.tsx" does not export a Route. This file will not be included in the route tree.

If this file is not intended to be a route, you can exclude it using one of these options:
  1. Rename the file to "C:\Users\laich\Documents\HKCSDA\HKCSDA\hkscda\.worktrees\audit-sequential-merge-20261006\src\routes\volunteer\-status.$token.test.tsx" (prefix with "-")
  2. Use 'routeFileIgnorePattern' in your config to match this file

Current configuration:
  routeFileIgnorePrefix: "-"
  routeFileIgnorePattern: undefined
Warning: Route file "C:/Users/laich/Documents/HKCSDA/HKCSDA/hkscda/.worktrees/audit-sequential-merge-20261006/src/routes/api/admin/adoptions/assignment-bulk.test.ts" does not export a Route. This file will not be included in the route tree.

If this file is not intended to be a route, you can exclude it using one of these options:
  1. Rename the file to "C:\Users\laich\Documents\HKCSDA\HKCSDA\hkscda\.worktrees\audit-sequential-merge-20261006\src\routes\api\admin\adoptions\-assignment-bulk.test.ts" (prefix with "-")
  2. Use 'routeFileIgnorePattern' in your config to match this file

Current configuration:
  routeFileIgnorePrefix: "-"
  routeFileIgnorePattern: undefined
Warning: Route file "C:/Users/laich/Documents/HKCSDA/HKCSDA/hkscda/.worktrees/audit-sequential-merge-20261006/src/routes/api/admin/animals/review-bulk.test.ts" does not export a Route. This file will not be included in the route tree.

If this file is not intended to be a route, you can exclude it using one of these options:
  1. Rename the file to "C:\Users\laich\Documents\HKCSDA\HKCSDA\hkscda\.worktrees\audit-sequential-merge-20261006\src\routes\api\admin\animals\-review-bulk.test.ts" (prefix with "-")
  2. Use 'routeFileIgnorePattern' in your config to match this file

Current configuration:
  routeFileIgnorePrefix: "-"
  routeFileIgnorePattern: undefined
Warning: Route file "C:/Users/laich/Documents/HKCSDA/HKCSDA/hkscda/.worktrees/audit-sequential-merge-20261006/src/routes/api/admin/content/review-bulk.test.ts" does not export a Route. This file will not be included in the route tree.

If this file is not intended to be a route, you can exclude it using one of these options:
  1. Rename the file to "C:\Users\laich\Documents\HKCSDA\HKCSDA\hkscda\.worktrees\audit-sequential-merge-20261006\src\routes\api\admin\content\-review-bulk.test.ts" (prefix with "-")
  2. Use 'routeFileIgnorePattern' in your config to match this file

Current configuration:
  routeFileIgnorePrefix: "-"
  routeFileIgnorePattern: undefined
Warning: Route file "C:/Users/laich/Documents/HKCSDA/HKCSDA/hkscda/.worktrees/audit-sequential-merge-20261006/src/routes/api/admin/finance/bank-match-operations.test.ts" does not export a Route. This file will not be included in the route tree.

If this file is not intended to be a route, you can exclude it using one of these options:
  1. Rename the file to "C:\Users\laich\Documents\HKCSDA\HKCSDA\hkscda\.worktrees\audit-sequential-merge-20261006\src\routes\api\admin\finance\-bank-match-operations.test.ts" (prefix with "-")
  2. Use 'routeFileIgnorePattern' in your config to match this file

Current configuration:
  routeFileIgnorePrefix: "-"
  routeFileIgnorePattern: undefined
Warning: Route file "C:/Users/laich/Documents/HKCSDA/HKCSDA/hkscda/.worktrees/audit-sequential-merge-20261006/src/routes/api/admin/finance/bank-statement-preview.test.ts" does not export a Route. This file will not be included in the route tree.

If this file is not intended to be a route, you can exclude it using one of these options:
  1. Rename the file to "C:\Users\laich\Documents\HKCSDA\HKCSDA\hkscda\.worktrees\audit-sequential-merge-20261006\src\routes\api\admin\finance\-bank-statement-preview.test.ts" (prefix with "-")
  2. Use 'routeFileIgnorePattern' in your config to match this file

Current configuration:
  routeFileIgnorePrefix: "-"
  routeFileIgnorePattern: undefined
Warning: Route file "C:/Users/laich/Documents/HKCSDA/HKCSDA/hkscda/.worktrees/audit-sequential-merge-20261006/src/routes/api/admin/finance/delivery-jobs.test.ts" does not export a Route. This file will not be included in the route tree.

If this file is not intended to be a route, you can exclude it using one of these options:
  1. Rename the file to "C:\Users\laich\Documents\HKCSDA\HKCSDA\hkscda\.worktrees\audit-sequential-merge-20261006\src\routes\api\admin\finance\-delivery-jobs.test.ts" (prefix with "-")
  2. Use 'routeFileIgnorePattern' in your config to match this file

Current configuration:
  routeFileIgnorePrefix: "-"
  routeFileIgnorePattern: undefined
Warning: Route file "C:/Users/laich/Documents/HKCSDA/HKCSDA/hkscda/.worktrees/audit-sequential-merge-20261006/src/routes/api/admin/sponsorships/followup-bulk.test.ts" does not export a Route. This file will not be included in the route tree.

If this file is not intended to be a route, you can exclude it using one of these options:
  1. Rename the file to "C:\Users\laich\Documents\HKCSDA\HKCSDA\hkscda\.worktrees\audit-sequential-merge-20261006\src\routes\api\admin\sponsorships\-followup-bulk.test.ts" (prefix with "-")
  2. Use 'routeFileIgnorePattern' in your config to match this file

Current configuration:
  routeFileIgnorePrefix: "-"
  routeFileIgnorePattern: undefined
Warning: Route file "C:/Users/laich/Documents/HKCSDA/HKCSDA/hkscda/.worktrees/audit-sequential-merge-20261006/src/routes/api/admin/supporters/assignment-assignees.test.ts" does not export a Route. This file will not be included in the route tree.

If this file is not intended to be a route, you can exclude it using one of these options:
  1. Rename the file to "C:\Users\laich\Documents\HKCSDA\HKCSDA\hkscda\.worktrees\audit-sequential-merge-20261006\src\routes\api\admin\supporters\-assignment-assignees.test.ts" (prefix with "-")
  2. Use 'routeFileIgnorePattern' in your config to match this file

Current configuration:
  routeFileIgnorePrefix: "-"
  routeFileIgnorePattern: undefined
Warning: Route file "C:/Users/laich/Documents/HKCSDA/HKCSDA/hkscda/.worktrees/audit-sequential-merge-20261006/src/routes/api/admin/supporters/assignment-bulk.test.ts" does not export a Route. This file will not be included in the route tree.

If this file is not intended to be a route, you can exclude it using one of these options:
  1. Rename the file to "C:\Users\laich\Documents\HKCSDA\HKCSDA\hkscda\.worktrees\audit-sequential-merge-20261006\src\routes\api\admin\supporters\-assignment-bulk.test.ts" (prefix with "-")
  2. Use 'routeFileIgnorePattern' in your config to match this file

Current configuration:
  routeFileIgnorePrefix: "-"
  routeFileIgnorePattern: undefined
Warning: Route file "C:/Users/laich/Documents/HKCSDA/HKCSDA/hkscda/.worktrees/audit-sequential-merge-20261006/src/routes/api/admin/supporters/format-preview.test.ts" does not export a Route. This file will not be included in the route tree.

If this file is not intended to be a route, you can exclude it using one of these options:
  1. Rename the file to "C:\Users\laich\Documents\HKCSDA\HKCSDA\hkscda\.worktrees\audit-sequential-merge-20261006\src\routes\api\admin\supporters\-format-preview.test.ts" (prefix with "-")
  2. Use 'routeFileIgnorePattern' in your config to match this file

Current configuration:
  routeFileIgnorePrefix: "-"
  routeFileIgnorePattern: undefined
Warning: Route file "C:/Users/laich/Documents/HKCSDA/HKCSDA/hkscda/.worktrees/audit-sequential-merge-20261006/src/routes/api/admin/supporters/tag-bulk.test.ts" does not export a Route. This file will not be included in the route tree.

If this file is not intended to be a route, you can exclude it using one of these options:
  1. Rename the file to "C:\Users\laich\Documents\HKCSDA\HKCSDA\hkscda\.worktrees\audit-sequential-merge-20261006\src\routes\api\admin\supporters\-tag-bulk.test.ts" (prefix with "-")
  2. Use 'routeFileIgnorePattern' in your config to match this file

Current configuration:
  routeFileIgnorePrefix: "-"
  routeFileIgnorePattern: undefined
Warning: Route file "C:/Users/laich/Documents/HKCSDA/HKCSDA/hkscda/.worktrees/audit-sequential-merge-20261006/src/routes/api/admin/volunteers/group-enquiries.test.ts" does not export a Route. This file will not be included in the route tree.

If this file is not intended to be a route, you can exclude it using one of these options:
  1. Rename the file to "C:\Users\laich\Documents\HKCSDA\HKCSDA\hkscda\.worktrees\audit-sequential-merge-20261006\src\routes\api\admin\volunteers\-group-enquiries.test.ts" (prefix with "-")
  2. Use 'routeFileIgnorePattern' in your config to match this file

Current configuration:
  routeFileIgnorePrefix: "-"
  routeFileIgnorePattern: undefined
Warning: Route file "C:/Users/laich/Documents/HKCSDA/HKCSDA/hkscda/.worktrees/audit-sequential-merge-20261006/src/routes/api/admin/volunteers/reviewer-bulk.test.ts" does not export a Route. This file will not be included in the route tree.

If this file is not intended to be a route, you can exclude it using one of these options:
  1. Rename the file to "C:\Users\laich\Documents\HKCSDA\HKCSDA\hkscda\.worktrees\audit-sequential-merge-20261006\src\routes\api\admin\volunteers\-reviewer-bulk.test.ts" (prefix with "-")
  2. Use 'routeFileIgnorePattern' in your config to match this file

Current configuration:
  routeFileIgnorePrefix: "-"
  routeFileIgnorePattern: undefined
Warning: Route file "C:/Users/laich/Documents/HKCSDA/HKCSDA/hkscda/.worktrees/audit-sequential-merge-20261006/src/routes/api/adoption/applications/photo-upload-urls.test.ts" does not export a Route. This file will not be included in the route tree.

If this file is not intended to be a route, you can exclude it using one of these options:
  1. Rename the file to "C:\Users\laich\Documents\HKCSDA\HKCSDA\hkscda\.worktrees\audit-sequential-merge-20261006\src\routes\api\adoption\applications\-photo-upload-urls.test.ts" (prefix with "-")
  2. Use 'routeFileIgnorePattern' in your config to match this file

Current configuration:
  routeFileIgnorePrefix: "-"
  routeFileIgnorePattern: undefined
Warning: Route file "C:/Users/laich/Documents/HKCSDA/HKCSDA/hkscda/.worktrees/audit-sequential-merge-20261006/src/routes/api/sponsorships/pledges.legacyRetry.test.ts" does not export a Route. This file will not be included in the route tree.

If this file is not intended to be a route, you can exclude it using one of these options:
  1. Rename the file to "C:\Users\laich\Documents\HKCSDA\HKCSDA\hkscda\.worktrees\audit-sequential-merge-20261006\src\routes\api\sponsorships\-pledges.legacyRetry.test.ts" (prefix with "-")
  2. Use 'routeFileIgnorePattern' in your config to match this file

Current configuration:
  routeFileIgnorePrefix: "-"
  routeFileIgnorePattern: undefined
Warning: Route file "C:/Users/laich/Documents/HKCSDA/HKCSDA/hkscda/.worktrees/audit-sequential-merge-20261006/src/routes/api/sponsorships/pledges/proof-upload-url.test.ts" does not export a Route. This file will not be included in the route tree.

If this file is not intended to be a route, you can exclude it using one of these options:
  1. Rename the file to "C:\Users\laich\Documents\HKCSDA\HKCSDA\hkscda\.worktrees\audit-sequential-merge-20261006\src\routes\api\sponsorships\pledges\-proof-upload-url.test.ts" (prefix with "-")
  2. Use 'routeFileIgnorePattern' in your config to match this file

Current configuration:
  routeFileIgnorePrefix: "-"
  routeFileIgnorePattern: undefined
Warning: Route file "C:/Users/laich/Documents/HKCSDA/HKCSDA/hkscda/.worktrees/audit-sequential-merge-20261006/src/routes/api/supporter/recovery.activation.test.ts" does not export a Route. This file will not be included in the route tree.

If this file is not intended to be a route, you can exclude it using one of these options:
  1. Rename the file to "C:\Users\laich\Documents\HKCSDA\HKCSDA\hkscda\.worktrees\audit-sequential-merge-20261006\src\routes\api\supporter\-recovery.activation.test.ts" (prefix with "-")
  2. Use 'routeFileIgnorePattern' in your config to match this file

Current configuration:
  routeFileIgnorePrefix: "-"
  routeFileIgnorePattern: undefined
Warning: Route file "C:/Users/laich/Documents/HKCSDA/HKCSDA/hkscda/.worktrees/audit-sequential-merge-20261006/src/routes/api/supporter/recovery.boundaries.test.ts" does not export a Route. This file will not be included in the route tree.

If this file is not intended to be a route, you can exclude it using one of these options:
  1. Rename the file to "C:\Users\laich\Documents\HKCSDA\HKCSDA\hkscda\.worktrees\audit-sequential-merge-20261006\src\routes\api\supporter\-recovery.boundaries.test.ts" (prefix with "-")
  2. Use 'routeFileIgnorePattern' in your config to match this file

Current configuration:
  routeFileIgnorePrefix: "-"
  routeFileIgnorePattern: undefined
Warning: Route file "C:/Users/laich/Documents/HKCSDA/HKCSDA/hkscda/.worktrees/audit-sequential-merge-20261006/src/routes/api/supporter/receipts/$receiptId.test.ts" does not export a Route. This file will not be included in the route tree.

If this file is not intended to be a route, you can exclude it using one of these options:
  1. Rename the file to "C:\Users\laich\Documents\HKCSDA\HKCSDA\hkscda\.worktrees\audit-sequential-merge-20261006\src\routes\api\supporter\receipts\-$receiptId.test.ts" (prefix with "-")
  2. Use 'routeFileIgnorePattern' in your config to match this file

Current configuration:
  routeFileIgnorePrefix: "-"
  routeFileIgnorePattern: undefined
Warning: Route file "C:/Users/laich/Documents/HKCSDA/HKCSDA/hkscda/.worktrees/audit-sequential-merge-20261006/src/routes/api/admin/sponsorships/pledges/reminder-draft.test.ts" does not export a Route. This file will not be included in the route tree.

If this file is not intended to be a route, you can exclude it using one of these options:
  1. Rename the file to "C:\Users\laich\Documents\HKCSDA\HKCSDA\hkscda\.worktrees\audit-sequential-merge-20261006\src\routes\api\admin\sponsorships\pledges\-reminder-draft.test.ts" (prefix with "-")
  2. Use 'routeFileIgnorePattern' in your config to match this file

Current configuration:
  routeFileIgnorePrefix: "-"
  routeFileIgnorePattern: undefined
Warning: Route file "C:/Users/laich/Documents/HKCSDA/HKCSDA/hkscda/.worktrees/audit-sequential-merge-20261006/src/routes/api/admin/animals/publication/index.test.ts" does not export a Route. This file will not be included in the route tree.

If this file is not intended to be a route, you can exclude it using one of these options:
  1. Rename the file to "C:\Users\laich\Documents\HKCSDA\HKCSDA\hkscda\.worktrees\audit-sequential-merge-20261006\src\routes\api\admin\animals\publication\-index.test.ts" (prefix with "-")
  2. Use 'routeFileIgnorePattern' in your config to match this file

Current configuration:
  routeFileIgnorePrefix: "-"
  routeFileIgnorePattern: undefined
[tanstack-router] These exports from "C:/Users/laich/Documents/HKCSDA/HKCSDA/hkscda/.worktrees/audit-sequential-merge-20261006/src/routes/about/team.tsx" will not be code-split and will increase your bundle size:
- TeamLoadError
For the best optimization, these items should either have their export statements removed, or be imported from another location that is not a route file.
[tanstack-router] These exports from "C:/Users/laich/Documents/HKCSDA/HKCSDA/hkscda/.worktrees/audit-sequential-merge-20261006/src/routes/admin/faq.tsx" will not be code-split and will increase your bundle size:
- AdminFaqPage
For the best optimization, these items should either have their export statements removed, or be imported from another location that is not a route file.
[tanstack-router] These exports from "C:/Users/laich/Documents/HKCSDA/HKCSDA/hkscda/.worktrees/audit-sequential-merge-20261006/src/routes/admin/payment-methods.tsx" will not be code-split and will increase your bundle size:
- AdminPaymentMethodsPage
For the best optimization, these items should either have their export statements removed, or be imported from another location that is not a route file.
[tanstack-router] These exports from "C:/Users/laich/Documents/HKCSDA/HKCSDA/hkscda/.worktrees/audit-sequential-merge-20261006/src/routes/admin/governance.tsx" will not be code-split and will increase your bundle size:
- AdminGovernancePage
For the best optimization, these items should either have their export statements removed, or be imported from another location that is not a route file.
[tanstack-router] These exports from "C:/Users/laich/Documents/HKCSDA/HKCSDA/hkscda/.worktrees/audit-sequential-merge-20261006/src/routes/report/adoption.tsx" will not be code-split and will increase your bundle size:
- AdoptionImpactReportLoadError
For the best optimization, these items should either have their export statements removed, or be imported from another location that is not a route file.
[tanstack-router] These exports from "C:/Users/laich/Documents/HKCSDA/HKCSDA/hkscda/.worktrees/audit-sequential-merge-20261006/src/routes/report/audit.tsx" will not be code-split and will increase your bundle size:
- AnnualReportLoadError
For the best optimization, these items should either have their export statements removed, or be imported from another location that is not a route file.
[tanstack-router] These exports from "C:/Users/laich/Documents/HKCSDA/HKCSDA/hkscda/.worktrees/audit-sequential-merge-20261006/src/routes/admin/content/adoption.tsx" will not be code-split and will increase your bundle size:
- AdminAdoptionInformationPage
For the best optimization, these items should either have their export statements removed, or be imported from another location that is not a route file.
[tanstack-router] These exports from "C:/Users/laich/Documents/HKCSDA/HKCSDA/hkscda/.worktrees/audit-sequential-merge-20261006/src/routes/admin/content/about.tsx" will not be code-split and will increase your bundle size:
- AdminAboutPagesPage
For the best optimization, these items should either have their export statements removed, or be imported from another location that is not a route file.
[tanstack-router] These exports from "C:/Users/laich/Documents/HKCSDA/HKCSDA/hkscda/.worktrees/audit-sequential-merge-20261006/src/routes/admin/content/adoption-preview.tsx" will not be code-split and will increase your bundle size:
- AdoptionInstructionsPreviewPage
For the best optimization, these items should either have their export statements removed, or be imported from another location that is not a route file.
[tanstack-router] These exports from "C:/Users/laich/Documents/HKCSDA/HKCSDA/hkscda/.worktrees/audit-sequential-merge-20261006/src/routes/admin/content/knowledge.tsx" will not be code-split and will increase your bundle size:
- AdminKnowledgeContentPage
For the best optimization, these items should either have their export statements removed, or be imported from another location that is not a route file.
[33m[plugin tanstack-start-core::server-fn:client] src/lib/content/publicStory.functions.ts: C:/Users/laich/Documents/HKCSDA/HKCSDA/hkscda/.worktrees/audit-sequential-merge-20261006/src/lib/content/publicStory.functions.ts:4:31 createServerFn().inputValidator() is deprecated. Use createServerFn().validator() instead.[39m
[33m[plugin tanstack-start-core::server-fn:client] src/lib/content/publicStory.functions.ts: C:/Users/laich/Documents/HKCSDA/HKCSDA/hkscda/.worktrees/audit-sequential-merge-20261006/src/lib/content/publicStory.functions.ts:25:34 createServerFn().inputValidator() is deprecated. Use createServerFn().validator() instead.[39m
[33m[plugin tanstack-start-core::server-fn:client] src/lib/animals/publicListing.functions.ts: C:/Users/laich/Documents/HKCSDA/HKCSDA/hkscda/.worktrees/audit-sequential-merge-20261006/src/lib/animals/publicListing.functions.ts:17:39 createServerFn().inputValidator() is deprecated. Use createServerFn().validator() instead.[39m
[33m[plugin tanstack-start-core::server-fn:client] src/lib/animals/publicListing.functions.ts: C:/Users/laich/Documents/HKCSDA/HKCSDA/hkscda/.worktrees/audit-sequential-merge-20261006/src/lib/animals/publicListing.functions.ts:56:40 createServerFn().inputValidator() is deprecated. Use createServerFn().validator() instead.[39m
[33m[plugin tanstack-start-core::server-fn:client] src/lib/animals/publicAnimal.functions.ts: C:/Users/laich/Documents/HKCSDA/HKCSDA/hkscda/.worktrees/audit-sequential-merge-20261006/src/lib/animals/publicAnimal.functions.ts:56:32 createServerFn().inputValidator() is deprecated. Use createServerFn().validator() instead.[39m
[33m
(!) Some chunks are larger than 500 kB after minification. Consider:
- Using dynamic import() to code-split the application
- Use build.rollupOptions.output.manualChunks to improve chunking: https://rollupjs.org/configuration-options/#output-manualchunks
- Adjust chunk size limit for this warning via build.chunkSizeWarningLimit.[39m
[33m[plugin tanstack-start-core::server-fn:ssr] src/lib/content/publicStory.functions.ts?tss-serverfn-split: C:/Users/laich/Documents/HKCSDA/HKCSDA/hkscda/.worktrees/audit-sequential-merge-20261006/src/lib/content/publicStory.functions.ts?tss-serverfn-split:4:31 createServerFn().inputValidator() is deprecated. Use createServerFn().validator() instead.[39m
[33m[plugin tanstack-start-core::server-fn:ssr] src/lib/content/publicStory.functions.ts?tss-serverfn-split: C:/Users/laich/Documents/HKCSDA/HKCSDA/hkscda/.worktrees/audit-sequential-merge-20261006/src/lib/content/publicStory.functions.ts?tss-serverfn-split:25:34 createServerFn().inputValidator() is deprecated. Use createServerFn().validator() instead.[39m
[33m[plugin tanstack-start-core::server-fn:ssr] src/lib/animals/publicAnimal.functions.ts?tss-serverfn-split: C:/Users/laich/Documents/HKCSDA/HKCSDA/hkscda/.worktrees/audit-sequential-merge-20261006/src/lib/animals/publicAnimal.functions.ts?tss-serverfn-split:56:32 createServerFn().inputValidator() is deprecated. Use createServerFn().validator() instead.[39m
[33m[plugin tanstack-start-core::server-fn:ssr] src/lib/animals/publicListing.functions.ts?tss-serverfn-split: C:/Users/laich/Documents/HKCSDA/HKCSDA/hkscda/.worktrees/audit-sequential-merge-20261006/src/lib/animals/publicListing.functions.ts?tss-serverfn-split:17:39 createServerFn().inputValidator() is deprecated. Use createServerFn().validator() instead.[39m
[33m[plugin tanstack-start-core::server-fn:ssr] src/lib/animals/publicListing.functions.ts?tss-serverfn-split: C:/Users/laich/Documents/HKCSDA/HKCSDA/hkscda/.worktrees/audit-sequential-merge-20261006/src/lib/animals/publicListing.functions.ts?tss-serverfn-split:56:40 createServerFn().inputValidator() is deprecated. Use createServerFn().validator() instead.[39m
[tanstack-router] These exports from "C:/Users/laich/Documents/HKCSDA/HKCSDA/hkscda/.worktrees/audit-sequential-merge-20261006/src/routes/about/team.tsx" will not be code-split and will increase your bundle size:
- TeamLoadError
For the best optimization, these items should either have their export statements removed, or be imported from another location that is not a route file.
[tanstack-router] These exports from "C:/Users/laich/Documents/HKCSDA/HKCSDA/hkscda/.worktrees/audit-sequential-merge-20261006/src/routes/report/adoption.tsx" will not be code-split and will increase your bundle size:
- AdoptionImpactReportLoadError
For the best optimization, these items should either have their export statements removed, or be imported from another location that is not a route file.
[tanstack-router] These exports from "C:/Users/laich/Documents/HKCSDA/HKCSDA/hkscda/.worktrees/audit-sequential-merge-20261006/src/routes/report/audit.tsx" will not be code-split and will increase your bundle size:
- AnnualReportLoadError
For the best optimization, these items should either have their export statements removed, or be imported from another location that is not a route file.
[33m[plugin tanstack-start-core::server-fn:ssr] src/lib/animals/publicListing.functions.ts: C:/Users/laich/Documents/HKCSDA/HKCSDA/hkscda/.worktrees/audit-sequential-merge-20261006/src/lib/animals/publicListing.functions.ts:17:39 createServerFn().inputValidator() is deprecated. Use createServerFn().validator() instead.[39m
[33m[plugin tanstack-start-core::server-fn:ssr] src/lib/animals/publicListing.functions.ts: C:/Users/laich/Documents/HKCSDA/HKCSDA/hkscda/.worktrees/audit-sequential-merge-20261006/src/lib/animals/publicListing.functions.ts:56:40 createServerFn().inputValidator() is deprecated. Use createServerFn().validator() instead.[39m
[33m[plugin tanstack-start-core::server-fn:ssr] src/lib/animals/publicAnimal.functions.ts: C:/Users/laich/Documents/HKCSDA/HKCSDA/hkscda/.worktrees/audit-sequential-merge-20261006/src/lib/animals/publicAnimal.functions.ts:56:32 createServerFn().inputValidator() is deprecated. Use createServerFn().validator() instead.[39m
[33m[plugin tanstack-start-core::server-fn:ssr] src/lib/content/publicStory.functions.ts: C:/Users/laich/Documents/HKCSDA/HKCSDA/hkscda/.worktrees/audit-sequential-merge-20261006/src/lib/content/publicStory.functions.ts:4:31 createServerFn().inputValidator() is deprecated. Use createServerFn().validator() instead.[39m
[33m[plugin tanstack-start-core::server-fn:ssr] src/lib/content/publicStory.functions.ts: C:/Users/laich/Documents/HKCSDA/HKCSDA/hkscda/.worktrees/audit-sequential-merge-20261006/src/lib/content/publicStory.functions.ts:25:34 createServerFn().inputValidator() is deprecated. Use createServerFn().validator() instead.[39m
[33m"createRequestHandler", "defineHandlerCallback", "transformPipeableStreamWithRouter" and "transformReadableStreamWithRouter" are imported from external module "@tanstack/router-core/ssr/server" but never used in "../audit-tanstack-security-20261006/node_modules/@tanstack/start-server-core/dist/esm/index.js".[39m
[33m"RawStream" is imported from external module "@tanstack/router-core" but never used in "../audit-tanstack-security-20261006/node_modules/@tanstack/start-client-core/dist/esm/index.js".[39m
[33m"defaultSerovalDeserializerPlugins", "hydrate" and "json" are imported from external module "@tanstack/router-core/ssr/client" but never used in "../audit-tanstack-security-20261006/node_modules/@tanstack/start-client-core/dist/esm/index.js".[39m
[33m../audit-tanstack-security-20261006/node_modules/@tanstack/react-router/dist/esm/index.js (1:0): Module level directives cause errors when bundled, "use client" in "../audit-tanstack-security-20261006/node_modules/@tanstack/react-router/dist/esm/index.js" was ignored.[39m
[33m../audit-tanstack-security-20261006/node_modules/@tanstack/react-router/dist/esm/ClientOnly.js (1:0): Module level directives cause errors when bundled, "use client" in "../audit-tanstack-security-20261006/node_modules/@tanstack/react-router/dist/esm/ClientOnly.js" was ignored.[39m
[33m../audit-tanstack-security-20261006/node_modules/@tanstack/react-router/dist/esm/utils.js (1:0): Module level directives cause errors when bundled, "use client" in "../audit-tanstack-security-20261006/node_modules/@tanstack/react-router/dist/esm/utils.js" was ignored.[39m
[33m../audit-tanstack-security-20261006/node_modules/@tanstack/react-router/dist/esm/useNavigate.js (1:0): Module level directives cause errors when bundled, "use client" in "../audit-tanstack-security-20261006/node_modules/@tanstack/react-router/dist/esm/useNavigate.js" was ignored.[39m
[33m../audit-tanstack-security-20261006/node_modules/@tanstack/react-router/dist/esm/RouterProvider.js (1:0): Module level directives cause errors when bundled, "use client" in "../audit-tanstack-security-20261006/node_modules/@tanstack/react-router/dist/esm/RouterProvider.js" was ignored.[39m
[33m../audit-tanstack-security-20261006/node_modules/@tanstack/react-router/dist/esm/useBlocker.js (1:0): Module level directives cause errors when bundled, "use client" in "../audit-tanstack-security-20261006/node_modules/@tanstack/react-router/dist/esm/useBlocker.js" was ignored.[39m
[33m../audit-tanstack-security-20261006/node_modules/@tanstack/react-router/dist/esm/useRouterState.js (1:0): Module level directives cause errors when bundled, "use client" in "../audit-tanstack-security-20261006/node_modules/@tanstack/react-router/dist/esm/useRouterState.js" was ignored.[39m
[33m../audit-tanstack-security-20261006/node_modules/@tanstack/react-router/dist/esm/useLocation.js (1:0): Module level directives cause errors when bundled, "use client" in "../audit-tanstack-security-20261006/node_modules/@tanstack/react-router/dist/esm/useLocation.js" was ignored.[39m
[33m../audit-tanstack-security-20261006/node_modules/@tanstack/react-router/dist/esm/HeadContent.js (1:0): Module level directives cause errors when bundled, "use client" in "../audit-tanstack-security-20261006/node_modules/@tanstack/react-router/dist/esm/HeadContent.js" was ignored.[39m
[33m../audit-tanstack-security-20261006/node_modules/@tanstack/react-router/dist/esm/Matches.js (1:0): Module level directives cause errors when bundled, "use client" in "../audit-tanstack-security-20261006/node_modules/@tanstack/react-router/dist/esm/Matches.js" was ignored.[39m
[33m../audit-tanstack-security-20261006/node_modules/@tanstack/react-router/dist/esm/Match.js (1:0): Module level directives cause errors when bundled, "use client" in "../audit-tanstack-security-20261006/node_modules/@tanstack/react-router/dist/esm/Match.js" was ignored.[39m
[33m../audit-tanstack-security-20261006/node_modules/@tanstack/react-router/dist/esm/Asset.js (1:0): Module level directives cause errors when bundled, "use client" in "../audit-tanstack-security-20261006/node_modules/@tanstack/react-router/dist/esm/Asset.js" was ignored.[39m
[33m../audit-tanstack-security-20261006/node_modules/@tanstack/react-router/dist/esm/useRouter.js (1:0): Module level directives cause errors when bundled, "use client" in "../audit-tanstack-security-20261006/node_modules/@tanstack/react-router/dist/esm/useRouter.js" was ignored.[39m
[33m../audit-tanstack-security-20261006/node_modules/@tanstack/react-router/dist/esm/useMatch.js (1:0): Module level directives cause errors when bundled, "use client" in "../audit-tanstack-security-20261006/node_modules/@tanstack/react-router/dist/esm/useMatch.js" was ignored.[39m
[33m../audit-tanstack-security-20261006/node_modules/@tanstack/react-router/dist/esm/link.js (1:0): Module level directives cause errors when bundled, "use client" in "../audit-tanstack-security-20261006/node_modules/@tanstack/react-router/dist/esm/link.js" was ignored.[39m
[33m../audit-tanstack-security-20261006/node_modules/@tanstack/react-router/dist/esm/CatchBoundary.js (1:0): Module level directives cause errors when bundled, "use client" in "../audit-tanstack-security-20261006/node_modules/@tanstack/react-router/dist/esm/CatchBoundary.js" was ignored.[39m
[33m../audit-tanstack-security-20261006/node_modules/@tanstack/react-router/dist/esm/routerContext.js (1:0): Module level directives cause errors when bundled, "use client" in "../audit-tanstack-security-20261006/node_modules/@tanstack/react-router/dist/esm/routerContext.js" was ignored.[39m
[33m../audit-tanstack-security-20261006/node_modules/@radix-ui/react-dialog/dist/index.mjs (1:0): Module level directives cause errors when bundled, "use client" in "../audit-tanstack-security-20261006/node_modules/@radix-ui/react-dialog/dist/index.mjs" was ignored.[39m
[33m../audit-tanstack-security-20261006/node_modules/@radix-ui/react-alert-dialog/dist/index.mjs (1:0): Module level directives cause errors when bundled, "use client" in "../audit-tanstack-security-20261006/node_modules/@radix-ui/react-alert-dialog/dist/index.mjs" was ignored.[39m
[33m../audit-tanstack-security-20261006/node_modules/@radix-ui/react-tabs/dist/index.mjs (1:0): Module level directives cause errors when bundled, "use client" in "../audit-tanstack-security-20261006/node_modules/@radix-ui/react-tabs/dist/index.mjs" was ignored.[39m
[33m../audit-tanstack-security-20261006/node_modules/@tanstack/react-router/dist/esm/matchContext.js (1:0): Module level directives cause errors when bundled, "use client" in "../audit-tanstack-security-20261006/node_modules/@tanstack/react-router/dist/esm/matchContext.js" was ignored.[39m
[33m../audit-tanstack-security-20261006/node_modules/@tanstack/react-router/dist/esm/nonRouteComponentContext.js (1:0): Module level directives cause errors when bundled, "use client" in "../audit-tanstack-security-20261006/node_modules/@tanstack/react-router/dist/esm/nonRouteComponentContext.js" was ignored.[39m
[33m../audit-tanstack-security-20261006/node_modules/@tanstack/react-router/dist/esm/Transitioner.js (1:0): Module level directives cause errors when bundled, "use client" in "../audit-tanstack-security-20261006/node_modules/@tanstack/react-router/dist/esm/Transitioner.js" was ignored.[39m
[33m../audit-tanstack-security-20261006/node_modules/@tanstack/react-query/build/modern/useQuery.js (1:0): Module level directives cause errors when bundled, "use client" in "../audit-tanstack-security-20261006/node_modules/@tanstack/react-query/build/modern/useQuery.js" was ignored.[39m
[33m../audit-tanstack-security-20261006/node_modules/@tanstack/react-query/build/modern/useQueries.js (1:0): Module level directives cause errors when bundled, "use client" in "../audit-tanstack-security-20261006/node_modules/@tanstack/react-query/build/modern/useQueries.js" was ignored.[39m
[33m../audit-tanstack-security-20261006/node_modules/@tanstack/react-query/build/modern/HydrationBoundary.js (1:0): Module level directives cause errors when bundled, "use client" in "../audit-tanstack-security-20261006/node_modules/@tanstack/react-query/build/modern/HydrationBoundary.js" was ignored.[39m
[33m../audit-tanstack-security-20261006/node_modules/@tanstack/react-query/build/modern/QueryClientProvider.js (1:0): Module level directives cause errors when bundled, "use client" in "../audit-tanstack-security-20261006/node_modules/@tanstack/react-query/build/modern/QueryClientProvider.js" was ignored.[39m
[33m../audit-tanstack-security-20261006/node_modules/@tanstack/react-query/build/modern/useIsFetching.js (1:0): Module level directives cause errors when bundled, "use client" in "../audit-tanstack-security-20261006/node_modules/@tanstack/react-query/build/modern/useIsFetching.js" was ignored.[39m
[33m../audit-tanstack-security-20261006/node_modules/@tanstack/react-query/build/modern/QueryErrorResetBoundary.js (1:0): Module level directives cause errors when bundled, "use client" in "../audit-tanstack-security-20261006/node_modules/@tanstack/react-query/build/modern/QueryErrorResetBoundary.js" was ignored.[39m
[33m../audit-tanstack-security-20261006/node_modules/@tanstack/react-query/build/modern/useMutation.js (1:0): Module level directives cause errors when bundled, "use client" in "../audit-tanstack-security-20261006/node_modules/@tanstack/react-query/build/modern/useMutation.js" was ignored.[39m
[33m../audit-tanstack-security-20261006/node_modules/@tanstack/react-query/build/modern/useMutationState.js (1:0): Module level directives cause errors when bundled, "use client" in "../audit-tanstack-security-20261006/node_modules/@tanstack/react-query/build/modern/useMutationState.js" was ignored.[39m
[33m../audit-tanstack-security-20261006/node_modules/@radix-ui/react-select/dist/index.mjs (1:0): Module level directives cause errors when bundled, "use client" in "../audit-tanstack-security-20261006/node_modules/@radix-ui/react-select/dist/index.mjs" was ignored.[39m
[33m../audit-tanstack-security-20261006/node_modules/@tanstack/react-query/build/modern/useInfiniteQuery.js (1:0): Module level directives cause errors when bundled, "use client" in "../audit-tanstack-security-20261006/node_modules/@tanstack/react-query/build/modern/useInfiniteQuery.js" was ignored.[39m
[33m../audit-tanstack-security-20261006/node_modules/@tanstack/react-query/build/modern/IsRestoringProvider.js (1:0): Module level directives cause errors when bundled, "use client" in "../audit-tanstack-security-20261006/node_modules/@tanstack/react-query/build/modern/IsRestoringProvider.js" was ignored.[39m
[33m../audit-tanstack-security-20261006/node_modules/@radix-ui/react-label/dist/index.mjs (1:0): Module level directives cause errors when bundled, "use client" in "../audit-tanstack-security-20261006/node_modules/@radix-ui/react-label/dist/index.mjs" was ignored.[39m
[33m../audit-tanstack-security-20261006/node_modules/@radix-ui/react-checkbox/dist/index.mjs (1:0): Module level directives cause errors when bundled, "use client" in "../audit-tanstack-security-20261006/node_modules/@radix-ui/react-checkbox/dist/index.mjs" was ignored.[39m
[33m../audit-tanstack-security-20261006/node_modules/@radix-ui/react-switch/dist/index.mjs (1:0): Module level directives cause errors when bundled, "use client" in "../audit-tanstack-security-20261006/node_modules/@radix-ui/react-switch/dist/index.mjs" was ignored.[39m
[33m../audit-tanstack-security-20261006/node_modules/@radix-ui/react-dismissable-layer/dist/index.mjs (1:0): Module level directives cause errors when bundled, "use client" in "../audit-tanstack-security-20261006/node_modules/@radix-ui/react-dismissable-layer/dist/index.mjs" was ignored.[39m
[33m../audit-tanstack-security-20261006/node_modules/@radix-ui/react-focus-scope/dist/index.mjs (1:0): Module level directives cause errors when bundled, "use client" in "../audit-tanstack-security-20261006/node_modules/@radix-ui/react-focus-scope/dist/index.mjs" was ignored.[39m
[33m../audit-tanstack-security-20261006/node_modules/@radix-ui/react-presence/dist/index.mjs (1:0): Module level directives cause errors when bundled, "use client" in "../audit-tanstack-security-20261006/node_modules/@radix-ui/react-presence/dist/index.mjs" was ignored.[39m
[33m../audit-tanstack-security-20261006/node_modules/@radix-ui/react-portal/dist/index.mjs (1:0): Module level directives cause errors when bundled, "use client" in "../audit-tanstack-security-20261006/node_modules/@radix-ui/react-portal/dist/index.mjs" was ignored.[39m
[33m../audit-tanstack-security-20261006/node_modules/@radix-ui/react-focus-guards/dist/index.mjs (1:0): Module level directives cause errors when bundled, "use client" in "../audit-tanstack-security-20261006/node_modules/@radix-ui/react-focus-guards/dist/index.mjs" was ignored.[39m
[33m../audit-tanstack-security-20261006/node_modules/@radix-ui/react-roving-focus/dist/index.mjs (1:0): Module level directives cause errors when bundled, "use client" in "../audit-tanstack-security-20261006/node_modules/@radix-ui/react-roving-focus/dist/index.mjs" was ignored.[39m
[33m../audit-tanstack-security-20261006/node_modules/@tanstack/react-query/build/modern/useSuspenseQuery.js (1:0): Module level directives cause errors when bundled, "use client" in "../audit-tanstack-security-20261006/node_modules/@tanstack/react-query/build/modern/useSuspenseQuery.js" was ignored.[39m
[33m../audit-tanstack-security-20261006/node_modules/@tanstack/react-query/build/modern/useSuspenseInfiniteQuery.js (1:0): Module level directives cause errors when bundled, "use client" in "../audit-tanstack-security-20261006/node_modules/@tanstack/react-query/build/modern/useSuspenseInfiniteQuery.js" was ignored.[39m
[33m../audit-tanstack-security-20261006/node_modules/@tanstack/react-query/build/modern/useSuspenseQueries.js (1:0): Module level directives cause errors when bundled, "use client" in "../audit-tanstack-security-20261006/node_modules/@tanstack/react-query/build/modern/useSuspenseQueries.js" was ignored.[39m
[33m../audit-tanstack-security-20261006/node_modules/@tanstack/react-query/build/modern/errorBoundaryUtils.js (1:0): Module level directives cause errors when bundled, "use client" in "../audit-tanstack-security-20261006/node_modules/@tanstack/react-query/build/modern/errorBoundaryUtils.js" was ignored.[39m
[33m../audit-tanstack-security-20261006/node_modules/@radix-ui/react-collection/dist/index.mjs (1:0): Module level directives cause errors when bundled, "use client" in "../audit-tanstack-security-20261006/node_modules/@radix-ui/react-collection/dist/index.mjs" was ignored.[39m
[33m../audit-tanstack-security-20261006/node_modules/@radix-ui/react-popper/dist/index.mjs (1:0): Module level directives cause errors when bundled, "use client" in "../audit-tanstack-security-20261006/node_modules/@radix-ui/react-popper/dist/index.mjs" was ignored.[39m
[33m../audit-tanstack-security-20261006/node_modules/@tanstack/react-query/build/modern/useBaseQuery.js (1:0): Module level directives cause errors when bundled, "use client" in "../audit-tanstack-security-20261006/node_modules/@tanstack/react-query/build/modern/useBaseQuery.js" was ignored.[39m
