bun test v1.3.14 (0d9b296a)

src\lib\crm\atomicForward.database.test.ts:
(pass) R01 CRM forward commands on owned synthetic clone > missing-target create commits supporter roles and actor audit [38.31ms]
(pass) R01 CRM forward commands on owned synthetic clone > missing-target roles replace within one transaction [20.97ms]
(pass) R01 CRM forward commands on owned synthetic clone > missing-target consent append deduplicates immutable rows and audits [19.22ms]
(pass) R01 CRM forward commands on owned synthetic clone > versioned actor rejects managed Auth ban without mutation [26.11ms]
(pass) R01 CRM forward commands on owned synthetic clone > legacy defect create refuses an unauthorized staff actor [13.14ms]
(pass) R01 CRM forward commands on owned synthetic clone > legacy defect consent refuses a banned actor [15.41ms]
(pass) R01 CRM forward commands on owned synthetic clone > legacy defect consent refuses row identity mismatch [9.90ms]
(pass) R01 CRM forward commands on owned synthetic clone > legacy defect consent refuses empty audit-only append [12.15ms]
(pass) R01 CRM forward commands on owned synthetic clone > create rejects stale role, status, unconfirmed, missing and banned actors [151.70ms]
(pass) R01 CRM forward commands on owned synthetic clone > update rejects stale role, status, unconfirmed, missing and banned actors [195.75ms]
(pass) R01 CRM forward commands on owned synthetic clone > consent rejects stale role, status, unconfirmed, missing and banned actors [199.37ms]
(pass) R01 CRM forward commands on owned synthetic clone > each public command and private bridge rejects direct anon and authenticated execution [64.87ms]
(pass) R01 CRM forward commands on owned synthetic clone > service has no effective managed Auth column access and bridge adds none [51.22ms]
(pass) R01 CRM forward commands on owned synthetic clone > create retry retains supporter identity while valid consent retry preserves one immutable fact [53.83ms]
(pass) R01 CRM forward commands on owned synthetic clone > audit failure rolls back profile roles version and consent history [53.22ms]
(pass) R01 CRM forward commands on owned synthetic clone > actorless role utility rolls back invalid role and triggers monotonic stale-version rejection [27.98ms]
(pass) R01 CRM forward commands on owned synthetic clone > consent payload rejects malformed and missing identities before audit [40.07ms]
(pass) R01 CRM forward commands on owned synthetic clone > temporary shadow tables cannot bypass actor or redirect audited writes [12.96ms]
(pass) R01 CRM forward commands on owned synthetic clone > concurrent edits commit exactly one audit and reject the stale version [34.13ms]
(pass) R01 CRM forward commands on owned synthetic clone > concurrent ban first fences waiting CRM command and rejects after commit [42.77ms]
(pass) R01 CRM forward commands on owned synthetic clone > CRM command first holds actor SHARE fences until audited commit before ban [49.29ms]
(pass) R01 CRM forward commands on owned synthetic clone > concurrent disable first fences waiting CRM command and rejects after commit [49.32ms]
(pass) R01 CRM forward commands on owned synthetic clone > CRM command first holds actor SHARE fences until audited commit before disable [46.96ms]
(pass) R01 CRM forward commands on owned synthetic clone > concurrent role first fences waiting CRM command and rejects after commit [41.89ms]
(pass) R01 CRM forward commands on owned synthetic clone > CRM command first holds actor SHARE fences until audited commit before role [43.43ms]

 25 pass
 0 fail
 205 expect() calls
Ran 25 tests across 1 file. [1379.00ms]
