bun test v1.3.14 (0d9b296a)

src\lib\crm\atomicForward.database.test.ts:
(pass) R01 CRM forward commands on owned synthetic clone > missing-target create commits supporter roles and actor audit [31.46ms]
(pass) R01 CRM forward commands on owned synthetic clone > missing-target roles replace within one transaction [17.91ms]
(pass) R01 CRM forward commands on owned synthetic clone > missing-target consent append deduplicates immutable rows and audits [19.11ms]
(pass) R01 CRM forward commands on owned synthetic clone > versioned actor rejects managed Auth ban without mutation [18.63ms]
(pass) R01 CRM forward commands on owned synthetic clone > legacy defect create refuses an unauthorized staff actor [14.89ms]
(pass) R01 CRM forward commands on owned synthetic clone > legacy defect consent refuses a banned actor [15.69ms]
(pass) R01 CRM forward commands on owned synthetic clone > legacy defect consent refuses row identity mismatch [8.63ms]
(pass) R01 CRM forward commands on owned synthetic clone > legacy defect consent refuses empty audit-only append [10.66ms]
(pass) R01 CRM forward commands on owned synthetic clone > create rejects stale role, status, unconfirmed, missing and banned actors [104.31ms]
(pass) R01 CRM forward commands on owned synthetic clone > update rejects stale role, status, unconfirmed, missing and banned actors [109.48ms]
(pass) R01 CRM forward commands on owned synthetic clone > consent rejects stale role, status, unconfirmed, missing and banned actors [99.26ms]
(pass) R01 CRM forward commands on owned synthetic clone > each public command and private bridge rejects direct anon and authenticated execution [35.61ms]
(pass) R01 CRM forward commands on owned synthetic clone > service has no effective managed Auth column access and bridge adds none [31.95ms]
(pass) R01 CRM forward commands on owned synthetic clone > create retry retains supporter identity while valid consent retry preserves one immutable fact [22.86ms]
(pass) R01 CRM forward commands on owned synthetic clone > audit failure rolls back profile roles version and consent history [20.62ms]
(pass) R01 CRM forward commands on owned synthetic clone > actorless role utility rolls back invalid role and triggers monotonic stale-version rejection [19.09ms]
(pass) R01 CRM forward commands on owned synthetic clone > consent payload rejects malformed and missing identities before audit [41.22ms]
(pass) R01 CRM forward commands on owned synthetic clone > temporary shadow tables cannot bypass actor or redirect audited writes [14.20ms]
(pass) R01 CRM forward commands on owned synthetic clone > concurrent edits commit exactly one audit and reject the stale version [35.62ms]
(pass) R01 CRM forward commands on owned synthetic clone > concurrent ban first fences waiting CRM command and rejects after commit [41.12ms]
(pass) R01 CRM forward commands on owned synthetic clone > CRM command first holds actor SHARE fences until audited commit before ban [49.23ms]
(pass) R01 CRM forward commands on owned synthetic clone > concurrent disable first fences waiting CRM command and rejects after commit [42.18ms]
(pass) R01 CRM forward commands on owned synthetic clone > CRM command first holds actor SHARE fences until audited commit before disable [46.37ms]
(pass) R01 CRM forward commands on owned synthetic clone > concurrent role first fences waiting CRM command and rejects after commit [46.05ms]
(pass) R01 CRM forward commands on owned synthetic clone > CRM command first holds actor SHARE fences until audited commit before role [43.12ms]

 25 pass
 0 fail
 205 expect() calls
Ran 25 tests across 1 file. [992.00ms]
