bun test v1.3.14 (0d9b296a)

src\lib\crm\atomicForward.database.test.ts:
(pass) R01 CRM forward commands on owned synthetic clone > missing-target create commits supporter roles and actor audit [29.42ms]
(pass) R01 CRM forward commands on owned synthetic clone > missing-target roles replace within one transaction [17.81ms]
(pass) R01 CRM forward commands on owned synthetic clone > missing-target consent append deduplicates immutable rows and audits [16.57ms]
(pass) R01 CRM forward commands on owned synthetic clone > versioned actor rejects managed Auth ban without mutation [20.33ms]
(pass) R01 CRM forward commands on owned synthetic clone > legacy defect create refuses an unauthorized staff actor [10.50ms]
(pass) R01 CRM forward commands on owned synthetic clone > legacy defect consent refuses a banned actor [11.44ms]
(pass) R01 CRM forward commands on owned synthetic clone > legacy defect consent refuses row identity mismatch [8.91ms]
(pass) R01 CRM forward commands on owned synthetic clone > legacy defect consent refuses empty audit-only append [8.01ms]
(pass) R01 CRM forward commands on owned synthetic clone > create rejects stale role, status, unconfirmed, missing and banned actors [95.80ms]
(pass) R01 CRM forward commands on owned synthetic clone > update rejects stale role, status, unconfirmed, missing and banned actors [86.95ms]
(pass) R01 CRM forward commands on owned synthetic clone > consent rejects stale role, status, unconfirmed, missing and banned actors [97.01ms]
(pass) R01 CRM forward commands on owned synthetic clone > each public command and private bridge rejects direct anon and authenticated execution [34.07ms]
(pass) R01 CRM forward commands on owned synthetic clone > service has no effective managed Auth column access and bridge adds none [35.34ms]
(pass) R01 CRM forward commands on owned synthetic clone > create retry retains supporter identity while valid consent retry preserves one immutable fact [23.92ms]
(pass) R01 CRM forward commands on owned synthetic clone > audit failure rolls back profile roles version and consent history [24.82ms]
(pass) R01 CRM forward commands on owned synthetic clone > actorless role utility rolls back invalid role and triggers monotonic stale-version rejection [24.65ms]
(pass) R01 CRM forward commands on owned synthetic clone > consent payload rejects malformed and missing identities before audit [45.53ms]
(pass) R01 CRM forward commands on owned synthetic clone > temporary shadow tables cannot bypass actor or redirect audited writes [13.17ms]
(pass) R01 CRM forward commands on owned synthetic clone > concurrent edits commit exactly one audit and reject the stale version [40.47ms]
(pass) R01 CRM forward commands on owned synthetic clone > concurrent ban first fences waiting CRM command and rejects after commit [42.13ms]
(pass) R01 CRM forward commands on owned synthetic clone > CRM command first holds actor SHARE fences until audited commit before ban [46.33ms]
(pass) R01 CRM forward commands on owned synthetic clone > concurrent disable first fences waiting CRM command and rejects after commit [44.92ms]
(pass) R01 CRM forward commands on owned synthetic clone > CRM command first holds actor SHARE fences until audited commit before disable [49.67ms]
(pass) R01 CRM forward commands on owned synthetic clone > concurrent role first fences waiting CRM command and rejects after commit [49.35ms]
(pass) R01 CRM forward commands on owned synthetic clone > CRM command first holds actor SHARE fences until audited commit before role [38.70ms]

 25 pass
 0 fail
 205 expect() calls
Ran 25 tests across 1 file. [982.00ms]
