bun test v1.3.14 (0d9b296a)

src\lib\crm\atomicForward.database.test.ts:
(pass) R01 CRM forward commands on owned synthetic clone > missing-target create commits supporter roles and actor audit [48.72ms]
(pass) R01 CRM forward commands on owned synthetic clone > missing-target roles replace within one transaction [39.61ms]
(pass) R01 CRM forward commands on owned synthetic clone > missing-target consent append deduplicates immutable rows and audits [26.95ms]
(pass) R01 CRM forward commands on owned synthetic clone > versioned actor rejects managed Auth ban without mutation [36.14ms]
(pass) R01 CRM forward commands on owned synthetic clone > legacy defect create refuses an unauthorized staff actor [19.34ms]
(pass) R01 CRM forward commands on owned synthetic clone > legacy defect consent refuses a banned actor [19.73ms]
(pass) R01 CRM forward commands on owned synthetic clone > legacy defect consent refuses row identity mismatch [15.58ms]
(pass) R01 CRM forward commands on owned synthetic clone > legacy defect consent refuses empty audit-only append [17.37ms]
(pass) R01 CRM forward commands on owned synthetic clone > create rejects stale role, status, unconfirmed, missing and banned actors [222.86ms]
(pass) R01 CRM forward commands on owned synthetic clone > update rejects stale role, status, unconfirmed, missing and banned actors [173.79ms]
(pass) R01 CRM forward commands on owned synthetic clone > consent rejects stale role, status, unconfirmed, missing and banned actors [166.31ms]
(pass) R01 CRM forward commands on owned synthetic clone > each public command and private bridge rejects direct anon and authenticated execution [49.43ms]
(pass) R01 CRM forward commands on owned synthetic clone > service has no effective managed Auth column access and bridge adds none [40.26ms]
(pass) R01 CRM forward commands on owned synthetic clone > create retry retains supporter identity while valid consent retry preserves one immutable fact [25.48ms]
(pass) R01 CRM forward commands on owned synthetic clone > audit failure rolls back profile roles version and consent history [25.53ms]
(pass) R01 CRM forward commands on owned synthetic clone > actorless role utility rolls back invalid role and triggers monotonic stale-version rejection [24.34ms]
(pass) R01 CRM forward commands on owned synthetic clone > consent payload rejects malformed and missing identities before audit [50.55ms]
(pass) R01 CRM forward commands on owned synthetic clone > temporary shadow tables cannot bypass actor or redirect audited writes [15.34ms]
(pass) R01 CRM forward commands on owned synthetic clone > concurrent edits commit exactly one audit and reject the stale version [55.83ms]
(pass) R01 CRM forward commands on owned synthetic clone > concurrent ban first fences waiting CRM command and rejects after commit [51.56ms]
(pass) R01 CRM forward commands on owned synthetic clone > CRM command first holds actor SHARE fences until audited commit before ban [64.92ms]
(pass) R01 CRM forward commands on owned synthetic clone > concurrent disable first fences waiting CRM command and rejects after commit [54.82ms]
(pass) R01 CRM forward commands on owned synthetic clone > CRM command first holds actor SHARE fences until audited commit before disable [54.25ms]
(pass) R01 CRM forward commands on owned synthetic clone > concurrent role first fences waiting CRM command and rejects after commit [65.26ms]
(pass) R01 CRM forward commands on owned synthetic clone > CRM command first holds actor SHARE fences until audited commit before role [67.38ms]

 25 pass
 0 fail
 205 expect() calls
Ran 25 tests across 1 file. [1.53s]
