[info] [nitro:vercel] Using `nodejs24.x` runtime.
[info] [nitro:vercel] Using `web` entry format.
[36mvite v7.3.2 [32mbuilding client environment for production...[36m[39m
transforming...
[32m✓[39m 2590 modules transformed.
rendering chunks...
computing gzip size...
[2m.vercel/output/static/[22m[32massets/dog-smiling-480-6fqpAZW2.jpg            [39m[1m[2m   46.02 kB[22m[1m[22m
[2m.vercel/output/static/[22m[32massets/dog-smiling-768-BZd4Dj1C.jpg            [39m[1m[2m   92.46 kB[22m[1m[22m
[2m.vercel/output/static/[22m[32massets/dog-recovering-e6pf9Ekn.jpg             [39m[1m[2m  113.09 kB[22m[1m[22m
[2m.vercel/output/static/[22m[32massets/dog-smiling-1024-DZg1fOfE.jpg           [39m[1m[2m  143.66 kB[22m[1m[22m
[2m.vercel/output/static/[22m[32massets/dog-smiling-BtKTrXtF.jpg                [39m[1m[2m  317.40 kB[22m[1m[22m
[2m.vercel/output/static/[22m[35massets/VolunteerAdminShell-DJ2VYEVo.css        [39m[1m[2m    5.69 kB[22m[1m[22m[2m │ gzip:   1.60 kB[22m
[2m.vercel/output/static/[22m[35massets/index-DUcA6ScH.css                      [39m[1m[2m    9.05 kB[22m[1m[22m[2m │ gzip:   2.12 kB[22m
[2m.vercel/output/static/[22m[35massets/styles-B7u6K0AW.css                     [39m[1m[2m  331.98 kB[22m[1m[22m[2m │ gzip:  77.45 kB[22m
[2m.vercel/output/static/[22m[36massets/internships-CmwG0peT.js                 [39m[1m[2m    0.11 kB[22m[1m[22m[2m │ gzip:   0.12 kB[22m
[2m.vercel/output/static/[22m[36massets/applications-XaCNJ-dz.js                [39m[1m[2m    0.16 kB[22m[1m[22m[2m │ gzip:   0.15 kB[22m
[2m.vercel/output/static/[22m[36massets/dog-D7LaXllp.js                         [39m[1m[2m    0.17 kB[22m[1m[22m[2m │ gzip:   0.16 kB[22m
[2m.vercel/output/static/[22m[36massets/cat-BaZVGQOf.js                         [39m[1m[2m    0.17 kB[22m[1m[22m[2m │ gzip:   0.16 kB[22m
[2m.vercel/output/static/[22m[36massets/operations-DfqEr0_M.js                  [39m[1m[2m    0.19 kB[22m[1m[22m[2m │ gzip:   0.18 kB[22m
[2m.vercel/output/static/[22m[36massets/useDebouncedValue-ciYdlF9w.js           [39m[1m[2m    0.20 kB[22m[1m[22m[2m │ gzip:   0.17 kB[22m
[2m.vercel/output/static/[22m[36massets/circle-x-C_X9cVNW.js                    [39m[1m[2m    0.21 kB[22m[1m[22m[2m │ gzip:   0.18 kB[22m
[2m.vercel/output/static/[22m[36massets/download-CF4wasDW.js                    [39m[1m[2m    0.23 kB[22m[1m[22m[2m │ gzip:   0.19 kB[22m
[2m.vercel/output/static/[22m[36massets/message-circle-D1b4PXf0.js              [39m[1m[2m    0.24 kB[22m[1m[22m[2m │ gzip:   0.21 kB[22m
[2m.vercel/output/static/[22m[36massets/circle-alert-TpDYmTyp.js                [39m[1m[2m    0.25 kB[22m[1m[22m[2m │ gzip:   0.19 kB[22m
[2m.vercel/output/static/[22m[36massets/external-link-Bd3W5nO8.js               [39m[1m[2m    0.25 kB[22m[1m[22m[2m │ gzip:   0.20 kB[22m
[2m.vercel/output/static/[22m[36massets/operations-Bz2zTPgh.js                  [39m[1m[2m    0.26 kB[22m[1m[22m[2m │ gzip:   0.20 kB[22m
[2m.vercel/output/static/[22m[36massets/activities-ibly88_q.js                  [39m[1m[2m    0.26 kB[22m[1m[22m[2m │ gzip:   0.20 kB[22m
[2m.vercel/output/static/[22m[36massets/pen-line-D0Xl0zYr.js                    [39m[1m[2m    0.28 kB[22m[1m[22m[2m │ gzip:   0.23 kB[22m
[2m.vercel/output/static/[22m[36massets/list-checks-DL4ZSyMN.js                 [39m[1m[2m    0.28 kB[22m[1m[22m[2m │ gzip:   0.19 kB[22m
[2m.vercel/output/static/[22m[36massets/deliveryLabel-ClIp45OR.js               [39m[1m[2m    0.28 kB[22m[1m[22m[2m │ gzip:   0.26 kB[22m
[2m.vercel/output/static/[22m[36massets/send-C32Ec6I-.js                        [39m[1m[2m    0.29 kB[22m[1m[22m[2m │ gzip:   0.23 kB[22m
[2m.vercel/output/static/[22m[36massets/dog_._id-Bp4EPZMI.js                    [39m[1m[2m    0.31 kB[22m[1m[22m[2m │ gzip:   0.26 kB[22m
[2m.vercel/output/static/[22m[36massets/cat_._id-mGRoWqhe.js                    [39m[1m[2m    0.31 kB[22m[1m[22m[2m │ gzip:   0.26 kB[22m
[2m.vercel/output/static/[22m[36massets/documentManagementLogic-CA0QKotB.js     [39m[1m[2m    0.32 kB[22m[1m[22m[2m │ gzip:   0.24 kB[22m
[2m.vercel/output/static/[22m[36massets/calendar-Co6Mv_ai.js                    [39m[1m[2m    0.32 kB[22m[1m[22m[2m │ gzip:   0.24 kB[22m
[2m.vercel/output/static/[22m[36massets/refresh-cw-CN88QhTn.js                  [39m[1m[2m    0.32 kB[22m[1m[22m[2m │ gzip:   0.23 kB[22m
[2m.vercel/output/static/[22m[36massets/sponsors_._id-B2NBH0Sg.js               [39m[1m[2m    0.33 kB[22m[1m[22m[2m │ gzip:   0.27 kB[22m
[2m.vercel/output/static/[22m[36massets/save-C147Yzy0.js                        [39m[1m[2m    0.33 kB[22m[1m[22m[2m │ gzip:   0.23 kB[22m
[2m.vercel/output/static/[22m[36massets/dog-DehwgM5W.js                         [39m[1m[2m    0.33 kB[22m[1m[22m[2m │ gzip:   0.23 kB[22m
[2m.vercel/output/static/[22m[36massets/cat-BgOC7D2T.js                         [39m[1m[2m    0.33 kB[22m[1m[22m[2m │ gzip:   0.23 kB[22m
[2m.vercel/output/static/[22m[36massets/_slug-SRp7LFuk.js                       [39m[1m[2m    0.34 kB[22m[1m[22m[2m │ gzip:   0.32 kB[22m
[2m.vercel/output/static/[22m[36massets/sponsors_._id-CL3ax7qI.js               [39m[1m[2m    0.37 kB[22m[1m[22m[2m │ gzip:   0.34 kB[22m
[2m.vercel/output/static/[22m[36massets/dog_._id-C3Mq8ZMr.js                    [39m[1m[2m    0.37 kB[22m[1m[22m[2m │ gzip:   0.33 kB[22m
[2m.vercel/output/static/[22m[36massets/cat_._id-BxeXMLGg.js                    [39m[1m[2m    0.37 kB[22m[1m[22m[2m │ gzip:   0.33 kB[22m
[2m.vercel/output/static/[22m[36massets/sponsors_._id-DMKo0U0-.js               [39m[1m[2m    0.40 kB[22m[1m[22m[2m │ gzip:   0.35 kB[22m
[2m.vercel/output/static/[22m[36massets/dog_._id-DVUMkbCo.js                    [39m[1m[2m    0.41 kB[22m[1m[22m[2m │ gzip:   0.37 kB[22m
[2m.vercel/output/static/[22m[36massets/cat_._id-CQhTgISl.js                    [39m[1m[2m    0.41 kB[22m[1m[22m[2m │ gzip:   0.37 kB[22m
[2m.vercel/output/static/[22m[36massets/sponsors-DpH-j8BA.js                    [39m[1m[2m    0.41 kB[22m[1m[22m[2m │ gzip:   0.36 kB[22m
[2m.vercel/output/static/[22m[36massets/sponsors-CDuF8Rjx.js                    [39m[1m[2m    0.41 kB[22m[1m[22m[2m │ gzip:   0.29 kB[22m
[2m.vercel/output/static/[22m[36massets/new-XRW-T2No.js                         [39m[1m[2m    0.44 kB[22m[1m[22m[2m │ gzip:   0.30 kB[22m
[2m.vercel/output/static/[22m[36massets/WorkflowSections-CW2tS1cf.js            [39m[1m[2m    0.48 kB[22m[1m[22m[2m │ gzip:   0.34 kB[22m
[2m.vercel/output/static/[22m[36massets/volunteerAdminLogic-5ykTV4rf.js         [39m[1m[2m    0.56 kB[22m[1m[22m[2m │ gzip:   0.34 kB[22m
[2m.vercel/output/static/[22m[36massets/passwordRecovery-BXra5XFb.js            [39m[1m[2m    0.58 kB[22m[1m[22m[2m │ gzip:   0.33 kB[22m
[2m.vercel/output/static/[22m[36massets/file-x-DIcEF0dK.js                      [39m[1m[2m    0.63 kB[22m[1m[22m[2m │ gzip:   0.28 kB[22m
[2m.vercel/output/static/[22m[36massets/index-C0oPmV-V.js                       [39m[1m[2m    0.70 kB[22m[1m[22m[2m │ gzip:   0.41 kB[22m
[2m.vercel/output/static/[22m[36massets/sponsorships-Bkfvuu7u.js                [39m[1m[2m    0.71 kB[22m[1m[22m[2m │ gzip:   0.46 kB[22m
[2m.vercel/output/static/[22m[36massets/useLiveAdminActor-BOq6Bkqm.js           [39m[1m[2m    0.71 kB[22m[1m[22m[2m │ gzip:   0.46 kB[22m
[2m.vercel/output/static/[22m[36massets/badge-Cdvp2Jph.js                       [39m[1m[2m    0.72 kB[22m[1m[22m[2m │ gzip:   0.38 kB[22m
[2m.vercel/output/static/[22m[36massets/documentUpload-BJODuC1g.js              [39m[1m[2m    0.72 kB[22m[1m[22m[2m │ gzip:   0.51 kB[22m
[2m.vercel/output/static/[22m[36massets/adopterWorkflowLogic-C2wfb7fB.js        [39m[1m[2m    0.81 kB[22m[1m[22m[2m │ gzip:   0.44 kB[22m
[2m.vercel/output/static/[22m[36massets/label-CDyJEYlS.js                       [39m[1m[2m    0.89 kB[22m[1m[22m[2m │ gzip:   0.55 kB[22m
[2m.vercel/output/static/[22m[36massets/_id.edit-C6s860XA.js                    [39m[1m[2m    0.89 kB[22m[1m[22m[2m │ gzip:   0.52 kB[22m
[2m.vercel/output/static/[22m[36massets/access-denied-BGuZDr9N.js               [39m[1m[2m    1.06 kB[22m[1m[22m[2m │ gzip:   0.64 kB[22m
[2m.vercel/output/static/[22m[36massets/tabs-B3REWybs.js                        [39m[1m[2m    1.11 kB[22m[1m[22m[2m │ gzip:   0.46 kB[22m
[2m.vercel/output/static/[22m[36massets/StatusBadge-B9HT-fNe.js                 [39m[1m[2m    1.30 kB[22m[1m[22m[2m │ gzip:   0.53 kB[22m
[2m.vercel/output/static/[22m[36massets/ExportButton-fvDoUgpi.js                [39m[1m[2m    1.35 kB[22m[1m[22m[2m │ gzip:   0.80 kB[22m
[2m.vercel/output/static/[22m[36massets/caseWorkflowLogic-DtHXpWJQ.js           [39m[1m[2m    1.56 kB[22m[1m[22m[2m │ gzip:   0.78 kB[22m
[2m.vercel/output/static/[22m[36massets/table-BHQGjm-n.js                       [39m[1m[2m    1.56 kB[22m[1m[22m[2m │ gzip:   0.54 kB[22m
[2m.vercel/output/static/[22m[36massets/useListQueryState-B4ob4i9V.js           [39m[1m[2m    1.98 kB[22m[1m[22m[2m │ gzip:   0.93 kB[22m
[2m.vercel/output/static/[22m[36massets/dialog-DBuWN_3c.js                      [39m[1m[2m    1.99 kB[22m[1m[22m[2m │ gzip:   0.80 kB[22m
[2m.vercel/output/static/[22m[36massets/contentAdminLogic-C6wYdHw3.js           [39m[1m[2m    2.17 kB[22m[1m[22m[2m │ gzip:   1.05 kB[22m
[2m.vercel/output/static/[22m[36massets/privacy-C5lpm2Vv.js                     [39m[1m[2m    2.19 kB[22m[1m[22m[2m │ gzip:   1.22 kB[22m
[2m.vercel/output/static/[22m[36massets/DataTable-BTrAmHVU.js                   [39m[1m[2m    2.35 kB[22m[1m[22m[2m │ gzip:   0.91 kB[22m
[2m.vercel/output/static/[22m[36massets/switch-C6fqSsec.js                      [39m[1m[2m    2.49 kB[22m[1m[22m[2m │ gzip:   1.25 kB[22m
[2m.vercel/output/static/[22m[36massets/tasks-z5kHvgeE.js                       [39m[1m[2m    2.52 kB[22m[1m[22m[2m │ gzip:   1.24 kB[22m
[2m.vercel/output/static/[22m[36massets/adoption-B_lB8Nwr.js                    [39m[1m[2m    2.59 kB[22m[1m[22m[2m │ gzip:   1.44 kB[22m
[2m.vercel/output/static/[22m[36massets/audit-jgPAQY4q.js                       [39m[1m[2m    2.65 kB[22m[1m[22m[2m │ gzip:   1.29 kB[22m
[2m.vercel/output/static/[22m[36massets/PolicyChangeSummary-sCk8euFK.js         [39m[1m[2m    2.89 kB[22m[1m[22m[2m │ gzip:   1.65 kB[22m
[2m.vercel/output/static/[22m[36massets/team-DCZxgFIP.js                        [39m[1m[2m    3.10 kB[22m[1m[22m[2m │ gzip:   1.54 kB[22m
[2m.vercel/output/static/[22m[36massets/status._token-BhR01NKg.js               [39m[1m[2m    3.15 kB[22m[1m[22m[2m │ gzip:   1.43 kB[22m
[2m.vercel/output/static/[22m[36massets/knowledge-vQtUV3zT.js                   [39m[1m[2m    3.17 kB[22m[1m[22m[2m │ gzip:   1.36 kB[22m
[2m.vercel/output/static/[22m[36massets/BulkReview-CX0JaajA.js                  [39m[1m[2m    3.53 kB[22m[1m[22m[2m │ gzip:   1.66 kB[22m
[2m.vercel/output/static/[22m[36massets/reset-password-BnJ6i6iu.js              [39m[1m[2m    3.72 kB[22m[1m[22m[2m │ gzip:   1.40 kB[22m
[2m.vercel/output/static/[22m[36massets/checkbox-B1cI9QsK.js                    [39m[1m[2m    3.85 kB[22m[1m[22m[2m │ gzip:   1.69 kB[22m
[2m.vercel/output/static/[22m[36massets/AnimalDetail-CtN8iTm3.js                [39m[1m[2m    3.96 kB[22m[1m[22m[2m │ gzip:   1.72 kB[22m
[2m.vercel/output/static/[22m[36massets/new-Cd7yulYC.js                         [39m[1m[2m    4.18 kB[22m[1m[22m[2m │ gzip:   1.54 kB[22m
[2m.vercel/output/static/[22m[36massets/tasks-CN0l6Zwk.js                       [39m[1m[2m    4.25 kB[22m[1m[22m[2m │ gzip:   1.92 kB[22m
[2m.vercel/output/static/[22m[36massets/login-DBYkzqcP.js                       [39m[1m[2m    4.90 kB[22m[1m[22m[2m │ gzip:   1.38 kB[22m
[2m.vercel/output/static/[22m[36massets/VolunteerAdminShell-Deu8Xv6V.js         [39m[1m[2m    4.99 kB[22m[1m[22m[2m │ gzip:   2.10 kB[22m
[2m.vercel/output/static/[22m[36massets/simulation-BpKEPIHf.js                  [39m[1m[2m    5.05 kB[22m[1m[22m[2m │ gzip:   2.27 kB[22m
[2m.vercel/output/static/[22m[36massets/_slug-ZLLkJTng.js                       [39m[1m[2m    5.47 kB[22m[1m[22m[2m │ gzip:   1.87 kB[22m
[2m.vercel/output/static/[22m[36massets/tasks-rh07rKKH.js                       [39m[1m[2m    5.99 kB[22m[1m[22m[2m │ gzip:   2.38 kB[22m
[2m.vercel/output/static/[22m[36massets/InternshipForm-FnGETbdI.js              [39m[1m[2m    6.04 kB[22m[1m[22m[2m │ gzip:   2.68 kB[22m
[2m.vercel/output/static/[22m[36massets/_id-B-G-L50z.js                         [39m[1m[2m    6.15 kB[22m[1m[22m[2m │ gzip:   2.27 kB[22m
[2m.vercel/output/static/[22m[36massets/inbox-nKZoADny.js                       [39m[1m[2m    6.39 kB[22m[1m[22m[2m │ gzip:   2.24 kB[22m
[2m.vercel/output/static/[22m[36massets/sources-Dd0PxuZc.js                     [39m[1m[2m    6.62 kB[22m[1m[22m[2m │ gzip:   2.39 kB[22m
[2m.vercel/output/static/[22m[36massets/SupporterFormDialog-ddgk83Oy.js         [39m[1m[2m    6.89 kB[22m[1m[22m[2m │ gzip:   2.72 kB[22m
[2m.vercel/output/static/[22m[36massets/annual-reports-orRKM9G9.js              [39m[1m[2m    7.22 kB[22m[1m[22m[2m │ gzip:   2.39 kB[22m
[2m.vercel/output/static/[22m[36massets/catalogue-BCyJSyMc.js                   [39m[1m[2m    7.26 kB[22m[1m[22m[2m │ gzip:   3.18 kB[22m
[2m.vercel/output/static/[22m[36massets/help-aSBFClMP.js                        [39m[1m[2m    8.09 kB[22m[1m[22m[2m │ gzip:   2.91 kB[22m
[2m.vercel/output/static/[22m[36massets/_id-DrNz-yAl.js                         [39m[1m[2m    8.29 kB[22m[1m[22m[2m │ gzip:   3.10 kB[22m
[2m.vercel/output/static/[22m[36massets/adopters-CUqXmW3P.js                    [39m[1m[2m    8.75 kB[22m[1m[22m[2m │ gzip:   2.49 kB[22m
[2m.vercel/output/static/[22m[36massets/group-enquiries-BOdmPmJP.js             [39m[1m[2m    8.97 kB[22m[1m[22m[2m │ gzip:   3.04 kB[22m
[2m.vercel/output/static/[22m[36massets/assessments-BnmTvurJ.js                 [39m[1m[2m    9.11 kB[22m[1m[22m[2m │ gzip:   2.96 kB[22m
[2m.vercel/output/static/[22m[36massets/schemas-CBK2bmYA.js                     [39m[1m[2m    9.48 kB[22m[1m[22m[2m │ gzip:   3.75 kB[22m
[2m.vercel/output/static/[22m[36massets/documents-A6toroWA.js                   [39m[1m[2m    9.50 kB[22m[1m[22m[2m │ gzip:   3.28 kB[22m
[2m.vercel/output/static/[22m[36massets/sponsors_.status._token-BAfJStJQ.js     [39m[1m[2m    9.63 kB[22m[1m[22m[2m │ gzip:   3.32 kB[22m
[2m.vercel/output/static/[22m[36massets/access-DMyncQ0N.js                      [39m[1m[2m    9.67 kB[22m[1m[22m[2m │ gzip:   3.51 kB[22m
[2m.vercel/output/static/[22m[36massets/index-DhviQ1-f.js                       [39m[1m[2m    9.73 kB[22m[1m[22m[2m │ gzip:   3.63 kB[22m
[2m.vercel/output/static/[22m[36massets/instructions-CkCOP9nk.js                [39m[1m[2m    9.87 kB[22m[1m[22m[2m │ gzip:   2.91 kB[22m
[2m.vercel/output/static/[22m[36massets/internships-DkeW1o-1.js                 [39m[1m[2m   10.20 kB[22m[1m[22m[2m │ gzip:   3.71 kB[22m
[2m.vercel/output/static/[22m[36massets/volunteers-BwbMrGZS.js                  [39m[1m[2m   10.34 kB[22m[1m[22m[2m │ gzip:   3.65 kB[22m
[2m.vercel/output/static/[22m[36massets/reports-BhuVkSj4.js                     [39m[1m[2m   10.35 kB[22m[1m[22m[2m │ gzip:   3.34 kB[22m
[2m.vercel/output/static/[22m[36massets/status._token-CfLBSwH0.js               [39m[1m[2m   10.80 kB[22m[1m[22m[2m │ gzip:   3.45 kB[22m
[2m.vercel/output/static/[22m[36massets/VolunteerOperations-lK4ujLH9.js         [39m[1m[2m   11.03 kB[22m[1m[22m[2m │ gzip:   3.93 kB[22m
[2m.vercel/output/static/[22m[36massets/people-CZEzAADh.js                      [39m[1m[2m   11.68 kB[22m[1m[22m[2m │ gzip:   4.41 kB[22m
[2m.vercel/output/static/[22m[36massets/qualifications-BkvAz4kM.js              [39m[1m[2m   11.69 kB[22m[1m[22m[2m │ gzip:   4.20 kB[22m
[2m.vercel/output/static/[22m[36massets/TaskPanel-BQnAuH3d.js                   [39m[1m[2m   13.49 kB[22m[1m[22m[2m │ gzip:   3.69 kB[22m
[2m.vercel/output/static/[22m[36massets/daily-settings-sU6JGJJe.js              [39m[1m[2m   13.54 kB[22m[1m[22m[2m │ gzip:   4.55 kB[22m
[2m.vercel/output/static/[22m[36massets/ContentReview-QKQo00PD.js               [39m[1m[2m   14.05 kB[22m[1m[22m[2m │ gzip:   4.10 kB[22m
[2m.vercel/output/static/[22m[36massets/statuses-BsCIeLgz.js                    [39m[1m[2m   14.34 kB[22m[1m[22m[2m │ gzip:   4.12 kB[22m
[2m.vercel/output/static/[22m[36massets/index-DmLfVJjB.js                       [39m[1m[2m   14.87 kB[22m[1m[22m[2m │ gzip:   5.32 kB[22m
[2m.vercel/output/static/[22m[36massets/_id-Ky2qujmG.js                         [39m[1m[2m   15.07 kB[22m[1m[22m[2m │ gzip:   4.31 kB[22m
[2m.vercel/output/static/[22m[36massets/content-DtquUhkU.js                     [39m[1m[2m   15.47 kB[22m[1m[22m[2m │ gzip:   4.81 kB[22m
[2m.vercel/output/static/[22m[36massets/adoption-guides-DfxAERp1.js             [39m[1m[2m   16.04 kB[22m[1m[22m[2m │ gzip:   4.51 kB[22m
[2m.vercel/output/static/[22m[36massets/intake-D4tsGddd.js                      [39m[1m[2m   20.14 kB[22m[1m[22m[2m │ gzip:   5.15 kB[22m
[2m.vercel/output/static/[22m[36massets/AnimalForm-Ds6NYPus.js                  [39m[1m[2m   24.84 kB[22m[1m[22m[2m │ gzip:   7.26 kB[22m
[2m.vercel/output/static/[22m[36massets/donate-fPbFR1CL.js                      [39m[1m[2m   25.16 kB[22m[1m[22m[2m │ gzip:   8.76 kB[22m
[2m.vercel/output/static/[22m[36massets/adminPageCopy-D4ks95II.js               [39m[1m[2m   28.04 kB[22m[1m[22m[2m │ gzip:   9.06 kB[22m
[2m.vercel/output/static/[22m[36massets/animals-DL6lhtDG.js                     [39m[1m[2m   28.25 kB[22m[1m[22m[2m │ gzip:   6.89 kB[22m
[2m.vercel/output/static/[22m[36massets/supporters-zVyrjUpc.js                  [39m[1m[2m   28.36 kB[22m[1m[22m[2m │ gzip:   9.04 kB[22m
[2m.vercel/output/static/[22m[36massets/_id-BbGbx9Xt.js                         [39m[1m[2m   31.95 kB[22m[1m[22m[2m │ gzip:   8.42 kB[22m
[2m.vercel/output/static/[22m[36massets/_id-gzaGH2UW.js                         [39m[1m[2m   32.17 kB[22m[1m[22m[2m │ gzip:   8.61 kB[22m
[2m.vercel/output/static/[22m[36massets/VolunteerActivityWorkspace-DJoZAJVI.js  [39m[1m[2m   33.86 kB[22m[1m[22m[2m │ gzip:  11.02 kB[22m
[2m.vercel/output/static/[22m[36massets/settings-CsZ1j7Y1.js                    [39m[1m[2m   39.11 kB[22m[1m[22m[2m │ gzip:   9.93 kB[22m
[2m.vercel/output/static/[22m[36massets/PledgeReviewLane-yWLQJU3v.js            [39m[1m[2m   41.01 kB[22m[1m[22m[2m │ gzip:  12.12 kB[22m
[2m.vercel/output/static/[22m[36massets/index-wwUP2W3y.js                       [39m[1m[2m   46.03 kB[22m[1m[22m[2m │ gzip:  13.84 kB[22m
[2m.vercel/output/static/[22m[36massets/select-DO9NwObY.js                      [39m[1m[2m   49.28 kB[22m[1m[22m[2m │ gzip:  17.58 kB[22m
[2m.vercel/output/static/[22m[36massets/_id-CrBjEot0.js                         [39m[1m[2m   59.97 kB[22m[1m[22m[2m │ gzip:  15.21 kB[22m
[2m.vercel/output/static/[22m[36massets/index-DpZEzZoI.js                       [39m[1m[33m1,156.42 kB[39m[22m[2m │ gzip: 344.12 kB[22m
[32m✓ built in 26.97s[39m
[36mvite v7.3.2 [32mbuilding ssr environment for production...[36m[39m
transforming...
[32m✓[39m 1000 modules transformed.
rendering chunks...
[2mnode_modules/.nitro/vite/services/ssr/[22m[32massets/dog-smiling-480-6fqpAZW2.jpg                    [39m[1m[2m   46.02 kB[22m[1m[22m
[2mnode_modules/.nitro/vite/services/ssr/[22m[32massets/dog-smiling-768-BZd4Dj1C.jpg                    [39m[1m[2m   92.46 kB[22m[1m[22m
[2mnode_modules/.nitro/vite/services/ssr/[22m[32massets/dog-recovering-e6pf9Ekn.jpg                     [39m[1m[2m  113.09 kB[22m[1m[22m
[2mnode_modules/.nitro/vite/services/ssr/[22m[32massets/dog-smiling-1024-DZg1fOfE.jpg                   [39m[1m[2m  143.66 kB[22m[1m[22m
[2mnode_modules/.nitro/vite/services/ssr/[22m[32massets/dog-smiling-BtKTrXtF.jpg                        [39m[1m[2m  317.40 kB[22m[1m[22m
[2mnode_modules/.nitro/vite/services/ssr/[22m[32massets/NotoSansHK-Regular-DtlzxZzw.ttf                 [39m[1m[2m7,071.44 kB[22m[1m[22m
[2mnode_modules/.nitro/vite/services/ssr/[22m[35massets/VolunteerAdminShell-DJ2VYEVo.css                [39m[1m[2m    5.69 kB[22m[1m[22m
[2mnode_modules/.nitro/vite/services/ssr/[22m[35massets/router-DUcA6ScH.css                             [39m[1m[2m    9.05 kB[22m[1m[22m
[2mnode_modules/.nitro/vite/services/ssr/[22m[35massets/styles-B7u6K0AW.css                             [39m[1m[2m  331.98 kB[22m[1m[22m
[2mnode_modules/.nitro/vite/services/ssr/[22m[36massets/appUrl.server-KzUxci4E.js                       [39m[1m[2m    0.11 kB[22m[1m[22m
[2mnode_modules/.nitro/vite/services/ssr/[22m[36massets/__23tanstack-start-plugin-adapters-Cwee5PKy.js  [39m[1m[2m    0.14 kB[22m[1m[22m
[2mnode_modules/.nitro/vite/services/ssr/[22m[36massets/createServerRpc-gR1911EZ.js                     [39m[1m[2m    0.31 kB[22m[1m[22m
[2mnode_modules/.nitro/vite/services/ssr/[22m[36massets/useDebouncedValue-dFvnu_Er.js                   [39m[1m[2m    0.39 kB[22m[1m[22m
[2mnode_modules/.nitro/vite/services/ssr/[22m[36massets/publicPage.server-Cwx4un4D.js                   [39m[1m[2m    0.43 kB[22m[1m[22m
[2mnode_modules/.nitro/vite/services/ssr/[22m[36massets/publicPage.server-BZgCkBwe.js                   [39m[1m[2m    0.47 kB[22m[1m[22m
[2mnode_modules/.nitro/vite/services/ssr/[22m[36massets/publicPage.server-BrG4pFqK.js                   [39m[1m[2m    0.51 kB[22m[1m[22m
[2mnode_modules/.nitro/vite/services/ssr/[22m[36massets/_slug-DHNCu0uM.js                               [39m[1m[2m    0.53 kB[22m[1m[22m
[2mnode_modules/.nitro/vite/services/ssr/[22m[36massets/dog_._id-Bv0hVvVb.js                            [39m[1m[2m    0.57 kB[22m[1m[22m
[2mnode_modules/.nitro/vite/services/ssr/[22m[36massets/cat_._id-CjzdTjHh.js                            [39m[1m[2m    0.57 kB[22m[1m[22m
[2mnode_modules/.nitro/vite/services/ssr/[22m[36massets/sponsors_._id-BXpiS6F1.js                       [39m[1m[2m    0.58 kB[22m[1m[22m
[2mnode_modules/.nitro/vite/services/ssr/[22m[36massets/label-C4kpoffa.js                               [39m[1m[2m    0.60 kB[22m[1m[22m
[2mnode_modules/.nitro/vite/services/ssr/[22m[36massets/documentManagementLogic-JHAcByZS.js             [39m[1m[2m    0.67 kB[22m[1m[22m
[2mnode_modules/.nitro/vite/services/ssr/[22m[36massets/WorkflowSections-BIWCO7IO.js                    [39m[1m[2m    0.74 kB[22m[1m[22m
[2mnode_modules/.nitro/vite/services/ssr/[22m[36massets/resilientLoader-twYjqFiO.js                     [39m[1m[2m    0.86 kB[22m[1m[22m
[2mnode_modules/.nitro/vite/services/ssr/[22m[36massets/publicListing.server-BCTnuUqs.js                [39m[1m[2m    0.95 kB[22m[1m[22m
[2mnode_modules/.nitro/vite/services/ssr/[22m[36massets/publicPage.server-DXCqIE6f.js                   [39m[1m[2m    0.95 kB[22m[1m[22m
[2mnode_modules/.nitro/vite/services/ssr/[22m[36massets/badge-CTkO-GWm.js                               [39m[1m[2m    0.99 kB[22m[1m[22m
[2mnode_modules/.nitro/vite/services/ssr/[22m[36massets/checkbox-CojOOv5O.js                            [39m[1m[2m    1.00 kB[22m[1m[22m
[2mnode_modules/.nitro/vite/services/ssr/[22m[36massets/publicPage.functions-CxwbNqgi.js                [39m[1m[2m    1.01 kB[22m[1m[22m
[2mnode_modules/.nitro/vite/services/ssr/[22m[36massets/publicPage.functions-DpqPSkin.js                [39m[1m[2m    1.07 kB[22m[1m[22m
[2mnode_modules/.nitro/vite/services/ssr/[22m[36massets/publicPage.functions-SCnuqjDR.js                [39m[1m[2m    1.08 kB[22m[1m[22m
[2mnode_modules/.nitro/vite/services/ssr/[22m[36massets/documentUpload-B0mCwRkX.js                      [39m[1m[2m    1.09 kB[22m[1m[22m
[2mnode_modules/.nitro/vite/services/ssr/[22m[36massets/animal-CfvEdYX_.js                              [39m[1m[2m    1.10 kB[22m[1m[22m
[2mnode_modules/.nitro/vite/services/ssr/[22m[36massets/publicImpact.functions-CtHtY69B.js              [39m[1m[2m    1.12 kB[22m[1m[22m
[2mnode_modules/.nitro/vite/services/ssr/[22m[36massets/volunteerAdminLogic-BHKETCpF.js                 [39m[1m[2m    1.13 kB[22m[1m[22m
[2mnode_modules/.nitro/vite/services/ssr/[22m[36massets/switch-_vUW4FhH.js                              [39m[1m[2m    1.14 kB[22m[1m[22m
[2mnode_modules/.nitro/vite/services/ssr/[22m[36massets/passwordRecovery-Dz6_EYlc.js                    [39m[1m[2m    1.17 kB[22m[1m[22m
[2mnode_modules/.nitro/vite/services/ssr/[22m[36massets/checkoutPolicy.functions-Bt8ie6-2.js            [39m[1m[2m    1.23 kB[22m[1m[22m
[2mnode_modules/.nitro/vite/services/ssr/[22m[36massets/instructions-CQ5Siv-L.js                        [39m[1m[2m    1.25 kB[22m[1m[22m
[2mnode_modules/.nitro/vite/services/ssr/[22m[36massets/tabs-B41M0Jg8.js                                [39m[1m[2m    1.66 kB[22m[1m[22m
[2mnode_modules/.nitro/vite/services/ssr/[22m[36massets/adopterWorkflowLogic-Cpe2Smmf.js                [39m[1m[2m    1.66 kB[22m[1m[22m
[2mnode_modules/.nitro/vite/services/ssr/[22m[36massets/_slug-DMFHsv3q.js                               [39m[1m[2m    1.70 kB[22m[1m[22m
[2mnode_modules/.nitro/vite/services/ssr/[22m[36massets/dog_._id-Dc8Y-fGG.js                            [39m[1m[2m    1.70 kB[22m[1m[22m
[2mnode_modules/.nitro/vite/services/ssr/[22m[36massets/cat_._id-CEHGr9Jh.js                            [39m[1m[2m    1.70 kB[22m[1m[22m
[2mnode_modules/.nitro/vite/services/ssr/[22m[36massets/sponsors_._id-BczH7r0H.js                       [39m[1m[2m    1.71 kB[22m[1m[22m
[2mnode_modules/.nitro/vite/services/ssr/[22m[36massets/publicStoriesPage.functions-CMvYfS-q.js         [39m[1m[2m    1.73 kB[22m[1m[22m
[2mnode_modules/.nitro/vite/services/ssr/[22m[36massets/internships-CN8wgGEd.js                         [39m[1m[2m    1.77 kB[22m[1m[22m
[2mnode_modules/.nitro/vite/services/ssr/[22m[36massets/publicPage.functions-D5T3an9U.js                [39m[1m[2m    1.88 kB[22m[1m[22m
[2mnode_modules/.nitro/vite/services/ssr/[22m[36massets/useLiveAdminActor-BjlCS_LC.js                   [39m[1m[2m    1.88 kB[22m[1m[22m
[2mnode_modules/.nitro/vite/services/ssr/[22m[36massets/applications-CVHPmVC7.js                        [39m[1m[2m    1.88 kB[22m[1m[22m
[2mnode_modules/.nitro/vite/services/ssr/[22m[36massets/operations-DOLdOihw.js                          [39m[1m[2m    1.89 kB[22m[1m[22m
[2mnode_modules/.nitro/vite/services/ssr/[22m[36massets/dog-Dr7y9vdu.js                                 [39m[1m[2m    1.90 kB[22m[1m[22m
[2mnode_modules/.nitro/vite/services/ssr/[22m[36massets/cat-bMCjamYr.js                                 [39m[1m[2m    1.90 kB[22m[1m[22m
[2mnode_modules/.nitro/vite/services/ssr/[22m[36massets/StatusBadge-D86UwY_c.js                         [39m[1m[2m    1.93 kB[22m[1m[22m
[2mnode_modules/.nitro/vite/services/ssr/[22m[36massets/operations-CWblLF28.js                          [39m[1m[2m    2.01 kB[22m[1m[22m
[2mnode_modules/.nitro/vite/services/ssr/[22m[36massets/activities-DiyTN_Fp.js                          [39m[1m[2m    2.03 kB[22m[1m[22m
[2mnode_modules/.nitro/vite/services/ssr/[22m[36massets/dog_._id-CUleyKMz.js                            [39m[1m[2m    2.07 kB[22m[1m[22m
[2mnode_modules/.nitro/vite/services/ssr/[22m[36massets/cat_._id-EG61L-42.js                            [39m[1m[2m    2.07 kB[22m[1m[22m
[2mnode_modules/.nitro/vite/services/ssr/[22m[36massets/start-D4eGQozS.js                               [39m[1m[2m    2.08 kB[22m[1m[22m
[2mnode_modules/.nitro/vite/services/ssr/[22m[36massets/sponsors_._id-Br_niySy.js                       [39m[1m[2m    2.11 kB[22m[1m[22m
[2mnode_modules/.nitro/vite/services/ssr/[22m[36massets/dog-AKZeBAG7.js                                 [39m[1m[2m    2.12 kB[22m[1m[22m
[2mnode_modules/.nitro/vite/services/ssr/[22m[36massets/cat-B-xP1f6A.js                                 [39m[1m[2m    2.12 kB[22m[1m[22m
[2mnode_modules/.nitro/vite/services/ssr/[22m[36massets/calendar-8yT9KLBm.js                            [39m[1m[2m    2.14 kB[22m[1m[22m
[2mnode_modules/.nitro/vite/services/ssr/[22m[36massets/sponsors_._id-BAiFNmmK.js                       [39m[1m[2m    2.15 kB[22m[1m[22m
[2mnode_modules/.nitro/vite/services/ssr/[22m[36massets/dog_._id-C1vN6pSp.js                            [39m[1m[2m    2.16 kB[22m[1m[22m
[2mnode_modules/.nitro/vite/services/ssr/[22m[36massets/cat_._id-B-6Hxt4m.js                            [39m[1m[2m    2.16 kB[22m[1m[22m
[2mnode_modules/.nitro/vite/services/ssr/[22m[36massets/sponsors-CEp8JzxO.js                            [39m[1m[2m    2.21 kB[22m[1m[22m
[2mnode_modules/.nitro/vite/services/ssr/[22m[36massets/publicPage.functions-DHzV79l6.js                [39m[1m[2m    2.24 kB[22m[1m[22m
[2mnode_modules/.nitro/vite/services/ssr/[22m[36massets/publicStory.functions-LU05inFx.js               [39m[1m[2m    2.24 kB[22m[1m[22m
[2mnode_modules/.nitro/vite/services/ssr/[22m[36massets/sponsors-DNBx_A-0.js                            [39m[1m[2m    2.26 kB[22m[1m[22m
[2mnode_modules/.nitro/vite/services/ssr/[22m[36massets/new-CvGg9fpv.js                                 [39m[1m[2m    2.32 kB[22m[1m[22m
[2mnode_modules/.nitro/vite/services/ssr/[22m[36massets/table-BXjfe990.js                               [39m[1m[2m    2.42 kB[22m[1m[22m
[2mnode_modules/.nitro/vite/services/ssr/[22m[36massets/sponsorships-ryrwCoDs.js                        [39m[1m[2m    2.48 kB[22m[1m[22m
[2mnode_modules/.nitro/vite/services/ssr/[22m[36massets/ExportButton-BYkru2n2.js                        [39m[1m[2m    2.52 kB[22m[1m[22m
[2mnode_modules/.nitro/vite/services/ssr/[22m[36massets/publicAnimal.functions-BweLUOMP.js              [39m[1m[2m    2.88 kB[22m[1m[22m
[2mnode_modules/.nitro/vite/services/ssr/[22m[36massets/publicImpact.functions-B6uhtRBg.js              [39m[1m[2m    3.07 kB[22m[1m[22m
[2mnode_modules/.nitro/vite/services/ssr/[22m[36massets/_id.edit-P1qLcbNW.js                            [39m[1m[2m    3.12 kB[22m[1m[22m
[2mnode_modules/.nitro/vite/services/ssr/[22m[36massets/access-denied-C7j9sCQP.js                       [39m[1m[2m    3.26 kB[22m[1m[22m
[2mnode_modules/.nitro/vite/services/ssr/[22m[36massets/dialog-CCUGo8t7.js                              [39m[1m[2m    3.27 kB[22m[1m[22m
[2mnode_modules/.nitro/vite/services/ssr/[22m[36massets/publicListing.functions-CU8KuQGb.js             [39m[1m[2m    3.32 kB[22m[1m[22m
[2mnode_modules/.nitro/vite/services/ssr/[22m[36massets/caseWorkflowLogic-qA1t0Nlb.js                   [39m[1m[2m    3.35 kB[22m[1m[22m
[2mnode_modules/.nitro/vite/services/ssr/[22m[36massets/checkoutPolicy.server-CxAsxxS_.js               [39m[1m[2m    3.40 kB[22m[1m[22m
[2mnode_modules/.nitro/vite/services/ssr/[22m[36massets/publicProfile-diGIMT3a.js                       [39m[1m[2m    3.42 kB[22m[1m[22m
[2mnode_modules/.nitro/vite/services/ssr/[22m[36massets/repository.server-Dxwc4bWB.js                   [39m[1m[2m    3.54 kB[22m[1m[22m
[2mnode_modules/.nitro/vite/services/ssr/[22m[36massets/publicImpact.server-eGOn2v8j.js                 [39m[1m[2m    3.72 kB[22m[1m[22m
[2mnode_modules/.nitro/vite/services/ssr/[22m[36massets/contentAdminLogic-B_p6QWwG.js                   [39m[1m[2m    3.75 kB[22m[1m[22m
[2mnode_modules/.nitro/vite/services/ssr/[22m[36massets/useListQueryState-B1LHE2aY.js                   [39m[1m[2m    3.88 kB[22m[1m[22m
[2mnode_modules/.nitro/vite/services/ssr/[22m[36massets/privacy-CrCVvQQQ.js                             [39m[1m[2m    4.29 kB[22m[1m[22m
[2mnode_modules/.nitro/vite/services/ssr/[22m[36massets/PolicyChangeSummary-CS9KOqAd.js                 [39m[1m[2m    4.31 kB[22m[1m[22m
[2mnode_modules/.nitro/vite/services/ssr/[22m[36massets/DataTable-DzmR05St.js                           [39m[1m[2m    4.41 kB[22m[1m[22m
[2mnode_modules/.nitro/vite/services/ssr/[22m[36massets/repository.server-CPIWIi4x.js                   [39m[1m[2m    4.64 kB[22m[1m[22m
[2mnode_modules/.nitro/vite/services/ssr/[22m[36massets/select-f34zIBXi.js                              [39m[1m[2m    4.97 kB[22m[1m[22m
[2mnode_modules/.nitro/vite/services/ssr/[22m[36massets/adoption-DStAXLTM.js                            [39m[1m[2m    5.08 kB[22m[1m[22m
[2mnode_modules/.nitro/vite/services/ssr/[22m[36massets/tasks-n59AjuxB.js                               [39m[1m[2m    5.38 kB[22m[1m[22m
[2mnode_modules/.nitro/vite/services/ssr/[22m[36massets/BulkReview-CeFTVPSO.js                          [39m[1m[2m    5.66 kB[22m[1m[22m
[2mnode_modules/.nitro/vite/services/ssr/[22m[36massets/audit-CQprvJZ6.js                               [39m[1m[2m    5.70 kB[22m[1m[22m
[2mnode_modules/.nitro/vite/services/ssr/[22m[36massets/team-BohS9Dxb.js                                [39m[1m[2m    5.93 kB[22m[1m[22m
[2mnode_modules/.nitro/vite/services/ssr/[22m[36massets/AnimalDetail-C3RgT_fD.js                        [39m[1m[2m    6.34 kB[22m[1m[22m
[2mnode_modules/.nitro/vite/services/ssr/[22m[36massets/publicStoriesPage.server-lUuA8Ea4.js            [39m[1m[2m    6.34 kB[22m[1m[22m
[2mnode_modules/.nitro/vite/services/ssr/[22m[36massets/status._token-DVGzTkUP.js                       [39m[1m[2m    6.39 kB[22m[1m[22m
[2mnode_modules/.nitro/vite/services/ssr/[22m[36massets/knowledge-BfgfHC1O.js                           [39m[1m[2m    6.53 kB[22m[1m[22m
[2mnode_modules/.nitro/vite/services/ssr/[22m[36massets/repository.server-Mf7ufzbg.js                   [39m[1m[2m    6.71 kB[22m[1m[22m
[2mnode_modules/.nitro/vite/services/ssr/[22m[36massets/schemas-DySz_7Rg.js                             [39m[1m[2m    7.40 kB[22m[1m[22m
[2mnode_modules/.nitro/vite/services/ssr/[22m[36massets/reset-password-DsmNpy87.js                      [39m[1m[2m    7.49 kB[22m[1m[22m
[2mnode_modules/.nitro/vite/services/ssr/[22m[36massets/supabase.server-hj0iN7sy.js                     [39m[1m[2m    7.53 kB[22m[1m[22m
[2mnode_modules/.nitro/vite/services/ssr/[22m[36massets/tasks-Byq8iWqv.js                               [39m[1m[2m    8.55 kB[22m[1m[22m
[2mnode_modules/.nitro/vite/services/ssr/[22m[36massets/VolunteerAdminShell-f-zJfoJI.js                 [39m[1m[2m    8.65 kB[22m[1m[22m
[2mnode_modules/.nitro/vite/services/ssr/[22m[36massets/login-Dd1oQKZD.js                               [39m[1m[2m    8.92 kB[22m[1m[22m
[2mnode_modules/.nitro/vite/services/ssr/[22m[36massets/new-BEnX3bx1.js                                 [39m[1m[2m    9.31 kB[22m[1m[22m
[2mnode_modules/.nitro/vite/services/ssr/[22m[36massets/repository.server-CvcgLXWS.js                   [39m[1m[2m    9.42 kB[22m[1m[22m
[2mnode_modules/.nitro/vite/services/ssr/[22m[36massets/catalogue-BWEZl48b.js                           [39m[1m[2m    9.88 kB[22m[1m[22m
[2mnode_modules/.nitro/vite/services/ssr/[22m[36massets/simulation-D9CV_L9Y.js                          [39m[1m[2m   10.37 kB[22m[1m[22m
[2mnode_modules/.nitro/vite/services/ssr/[22m[36massets/_slug-CXrlwIfe.js                               [39m[1m[2m   10.76 kB[22m[1m[22m
[2mnode_modules/.nitro/vite/services/ssr/[22m[36massets/InternshipForm-B8_m4s4J.js                      [39m[1m[2m   11.92 kB[22m[1m[22m
[2mnode_modules/.nitro/vite/services/ssr/[22m[36massets/tasks-B7cFhmDs.js                               [39m[1m[2m   12.25 kB[22m[1m[22m
[2mnode_modules/.nitro/vite/services/ssr/[22m[36mindex.js                                               [39m[1m[2m   12.29 kB[22m[1m[22m
[2mnode_modules/.nitro/vite/services/ssr/[22m[36massets/help-BjaAV1m7.js                                [39m[1m[2m   12.46 kB[22m[1m[22m
[2mnode_modules/.nitro/vite/services/ssr/[22m[36massets/inbox-Bjnq-F6V.js                               [39m[1m[2m   12.78 kB[22m[1m[22m
[2mnode_modules/.nitro/vite/services/ssr/[22m[36massets/_id-BlZikkbj.js                                 [39m[1m[2m   12.79 kB[22m[1m[22m
[2mnode_modules/.nitro/vite/services/ssr/[22m[36massets/SupporterFormDialog-BFxeyf8O.js                 [39m[1m[2m   13.49 kB[22m[1m[22m
[2mnode_modules/.nitro/vite/services/ssr/[22m[36massets/sources-PJNNzHou.js                             [39m[1m[2m   14.13 kB[22m[1m[22m
[2mnode_modules/.nitro/vite/services/ssr/[22m[36massets/annual-reports-BMNx3I2H.js                      [39m[1m[2m   14.75 kB[22m[1m[22m
[2mnode_modules/.nitro/vite/services/ssr/[22m[36massets/_id-CtuwPx-h.js                                 [39m[1m[2m   15.07 kB[22m[1m[22m
[2mnode_modules/.nitro/vite/services/ssr/[22m[36massets/instructions-B-oMdtCz.js                        [39m[1m[2m   15.11 kB[22m[1m[22m
[2mnode_modules/.nitro/vite/services/ssr/[22m[36massets/assessments-C3JwxpFN.js                         [39m[1m[2m   15.29 kB[22m[1m[22m
[2mnode_modules/.nitro/vite/services/ssr/[22m[36massets/group-enquiries-DzXrDv51.js                     [39m[1m[2m   16.12 kB[22m[1m[22m
[2mnode_modules/.nitro/vite/services/ssr/[22m[36massets/index-9ymtpaW4.js                               [39m[1m[2m   16.26 kB[22m[1m[22m
[2mnode_modules/.nitro/vite/services/ssr/[22m[36massets/sponsors_.status._token-6GGLNP3Q.js             [39m[1m[2m   16.32 kB[22m[1m[22m
[2mnode_modules/.nitro/vite/services/ssr/[22m[36massets/volunteers-BwpdG7Ea.js                          [39m[1m[2m   16.59 kB[22m[1m[22m
[2mnode_modules/.nitro/vite/services/ssr/[22m[36massets/supabase-DQ7LQCWy.js                            [39m[1m[2m   16.79 kB[22m[1m[22m
[2mnode_modules/.nitro/vite/services/ssr/[22m[36massets/adopters-W3PUNcFY.js                            [39m[1m[2m   17.93 kB[22m[1m[22m
[2mnode_modules/.nitro/vite/services/ssr/[22m[36massets/access-CHXwYcLB.js                              [39m[1m[2m   17.95 kB[22m[1m[22m
[2mnode_modules/.nitro/vite/services/ssr/[22m[36massets/status._token-S08nYzB6.js                       [39m[1m[2m   18.02 kB[22m[1m[22m
[2mnode_modules/.nitro/vite/services/ssr/[22m[36massets/internships-BdOzX6VB.js                         [39m[1m[2m   18.14 kB[22m[1m[22m
[2mnode_modules/.nitro/vite/services/ssr/[22m[36massets/documents-D7QICWv6.js                           [39m[1m[2m   18.14 kB[22m[1m[22m
[2mnode_modules/.nitro/vite/services/ssr/[22m[36massets/reports-CDZHq1kS.js                             [39m[1m[2m   20.46 kB[22m[1m[22m
[2mnode_modules/.nitro/vite/services/ssr/[22m[36massets/VolunteerOperations-DiFDGfYN.js                 [39m[1m[2m   20.94 kB[22m[1m[22m
[2mnode_modules/.nitro/vite/services/ssr/[22m[36massets/qualifications-CI4Q0JUU.js                      [39m[1m[2m   21.93 kB[22m[1m[22m
[2mnode_modules/.nitro/vite/services/ssr/[22m[36massets/people-DmZXJccL.js                              [39m[1m[2m   22.90 kB[22m[1m[22m
[2mnode_modules/.nitro/vite/services/ssr/[22m[36massets/service-BESZys-T.js                             [39m[1m[2m   23.91 kB[22m[1m[22m
[2mnode_modules/.nitro/vite/services/ssr/[22m[36massets/TaskPanel-CTXNjGTq.js                           [39m[1m[2m   25.93 kB[22m[1m[22m
[2mnode_modules/.nitro/vite/services/ssr/[22m[36massets/ContentReview-BzOmQGuJ.js                       [39m[1m[2m   26.10 kB[22m[1m[22m
[2mnode_modules/.nitro/vite/services/ssr/[22m[36massets/_id-BPiMFJPq.js                                 [39m[1m[2m   26.52 kB[22m[1m[22m
[2mnode_modules/.nitro/vite/services/ssr/[22m[36massets/daily-settings-CWP1Bn5-.js                      [39m[1m[2m   26.83 kB[22m[1m[22m
[2mnode_modules/.nitro/vite/services/ssr/[22m[36massets/supabase.server-BvwU3ZHG.js                     [39m[1m[2m   28.46 kB[22m[1m[22m
[2mnode_modules/.nitro/vite/services/ssr/[22m[36massets/content-DMxXTS0X.js                             [39m[1m[2m   28.69 kB[22m[1m[22m
[2mnode_modules/.nitro/vite/services/ssr/[22m[36massets/_tanstack-start-manifest_v-AIWEa12v.js          [39m[1m[2m   29.96 kB[22m[1m[22m
[2mnode_modules/.nitro/vite/services/ssr/[22m[36massets/index-BRP_r0le.js                               [39m[1m[2m   30.40 kB[22m[1m[22m
[2mnode_modules/.nitro/vite/services/ssr/[22m[36massets/statuses-CP2MtsBt.js                            [39m[1m[2m   30.78 kB[22m[1m[22m
[2mnode_modules/.nitro/vite/services/ssr/[22m[36massets/adoption-guides-BSyM4x7x.js                     [39m[1m[2m   33.19 kB[22m[1m[22m
[2mnode_modules/.nitro/vite/services/ssr/[22m[36massets/donate-D1guQNuR.js                              [39m[1m[2m   34.66 kB[22m[1m[22m
[2mnode_modules/.nitro/vite/services/ssr/[22m[36massets/repository.server-D8YDv9To.js                   [39m[1m[2m   35.93 kB[22m[1m[22m
[2mnode_modules/.nitro/vite/services/ssr/[22m[36massets/adminPageCopy-B6mCgWHf.js                       [39m[1m[2m   39.35 kB[22m[1m[22m
[2mnode_modules/.nitro/vite/services/ssr/[22m[36massets/intake-7OPNsJFy.js                              [39m[1m[2m   41.61 kB[22m[1m[22m
[2mnode_modules/.nitro/vite/services/ssr/[22m[36massets/AnimalForm-Cvcu9xbb.js                          [39m[1m[2m   48.05 kB[22m[1m[22m
[2mnode_modules/.nitro/vite/services/ssr/[22m[36massets/server-DJAaLcOe.js                              [39m[1m[2m   49.24 kB[22m[1m[22m
[2mnode_modules/.nitro/vite/services/ssr/[22m[36massets/supporters-Eda0qh2G.js                          [39m[1m[2m   54.38 kB[22m[1m[22m
[2mnode_modules/.nitro/vite/services/ssr/[22m[36massets/_id-yLaN0tvh.js                                 [39m[1m[2m   54.73 kB[22m[1m[22m
[2mnode_modules/.nitro/vite/services/ssr/[22m[36massets/_id-CiJJvPng.js                                 [39m[1m[2m   57.27 kB[22m[1m[22m
[2mnode_modules/.nitro/vite/services/ssr/[22m[36massets/animals-DMnKqt23.js                             [39m[1m[2m   58.43 kB[22m[1m[22m
[2mnode_modules/.nitro/vite/services/ssr/[22m[36massets/VolunteerActivityWorkspace-BDXliRLH.js          [39m[1m[2m   59.63 kB[22m[1m[22m
[2mnode_modules/.nitro/vite/services/ssr/[22m[36massets/publicPage.server-DSyeBrKO.js                   [39m[1m[2m   67.68 kB[22m[1m[22m
[2mnode_modules/.nitro/vite/services/ssr/[22m[36massets/settings-BrpMrlKd.js                            [39m[1m[2m   71.71 kB[22m[1m[22m
[2mnode_modules/.nitro/vite/services/ssr/[22m[36massets/PledgeReviewLane-B1h3ZTWf.js                    [39m[1m[2m   81.16 kB[22m[1m[22m
[2mnode_modules/.nitro/vite/services/ssr/[22m[36massets/index-D8d-PMPG.js                               [39m[1m[2m   82.60 kB[22m[1m[22m
[2mnode_modules/.nitro/vite/services/ssr/[22m[36massets/_id-B6iIbRgL.js                                 [39m[1m[2m   99.44 kB[22m[1m[22m
[2mnode_modules/.nitro/vite/services/ssr/[22m[36massets/router-C2YPEh9d.js                              [39m[1m[33m1,644.90 kB[39m[22m
[32m✓ built in 8.58s[39m
[start] [nitro] Building [[35mNitro[39m] [2m(preset: `vercel`, compatibility: `2026-10-06`)[22m
[success] [nitro] Generated public [36m.vercel/output/static[39m
[36mvite v7.3.2 [32mbuilding nitro environment for production...[36m[39m
transforming...
[32m✓[39m 2678 modules transformed.
[info] Tracing dependencies:
- `tslib` (1.14.1, 2.8.1)
[success] Traced 1 dependencies (20 files) in 311ms.
[info] Ensure your production environment matches the builder OS and architecture (`win32-x64`) to avoid native module issues.
rendering chunks...
[2m.vercel/output/functions/__server.func/[22m[36m_libs/hookable.mjs                                      [39m[1m[2m    0.00 kB[22m[1m[22m
[2m.vercel/output/functions/__server.func/[22m[36m_libs/ufo.mjs                                           [39m[1m[2m    0.00 kB[22m[1m[22m
[2m.vercel/output/functions/__server.func/[22m[36m_libs/ohash.mjs                                         [39m[1m[2m    0.00 kB[22m[1m[22m
[2m.vercel/output/functions/__server.func/[22m[36m_libs/ocache.mjs                                        [39m[1m[2m    0.00 kB[22m[1m[22m
[2m.vercel/output/functions/__server.func/[22m[36m_libs/unstorage.mjs                                     [39m[1m[2m    0.00 kB[22m[1m[22m
[2m.vercel/output/functions/__server.func/[22m[36m_libs/tanstack__store.mjs                               [39m[1m[2m    0.00 kB[22m[1m[22m
[2m.vercel/output/functions/__server.func/[22m[36m_libs/use-sync-external-store.mjs                       [39m[1m[2m    0.00 kB[22m[1m[22m
[2m.vercel/output/functions/__server.func/[22m[36m_libs/detect-node-es.mjs                                [39m[1m[2m    0.00 kB[22m[1m[22m
[2m.vercel/output/functions/__server.func/[22m[36m_libs/tslib.mjs                                         [39m[1m[2m    0.00 kB[22m[1m[22m
[2m.vercel/output/functions/__server.func/[22m[36m_libs/tanstack__react-store.mjs                         [39m[1m[2m    0.02 kB[22m[1m[22m
[2m.vercel/output/functions/__server.func/[22m[36m_libs/@radix-ui/react-use-effect-event+[...].mjs        [39m[1m[2m    0.02 kB[22m[1m[22m
[2m.vercel/output/functions/__server.func/[22m[36m_ssr/appUrl.server-KzUxci4E.mjs                         [39m[1m[2m    0.11 kB[22m[1m[22m
[2m.vercel/output/functions/__server.func/[22m[36m_libs/radix-ui__number.mjs                              [39m[1m[2m    0.11 kB[22m[1m[22m
[2m.vercel/output/functions/__server.func/[22m[36m_libs/uncrypto.mjs                                      [39m[1m[2m    0.12 kB[22m[1m[22m
[2m.vercel/output/functions/__server.func/[22m[36m__23tanstack-start-plugin-adapters-Cwee5PKy.mjs         [39m[1m[2m    0.14 kB[22m[1m[22m
[2m.vercel/output/functions/__server.func/[22m[36m_chunks/render_resend_false.mjs                         [39m[1m[2m    0.16 kB[22m[1m[22m
[2m.vercel/output/functions/__server.func/[22m[36m_libs/get-nonce.mjs                                     [39m[1m[2m    0.16 kB[22m[1m[22m
[2m.vercel/output/functions/__server.func/[22m[36m_libs/@radix-ui/react-use-layout-effect+[...].mjs       [39m[1m[2m    0.17 kB[22m[1m[22m
[2m.vercel/output/functions/__server.func/[22m[36m_libs/rou3.mjs                                          [39m[1m[2m    0.21 kB[22m[1m[22m
[2m.vercel/output/functions/__server.func/[22m[36m_libs/radix-ui__react-direction.mjs                     [39m[1m[2m    0.28 kB[22m[1m[22m
[2m.vercel/output/functions/__server.func/[22m[36m_ssr/createServerRpc-gR1911EZ.mjs                       [39m[1m[2m    0.31 kB[22m[1m[22m
[2m.vercel/output/functions/__server.func/[22m[36m_libs/@radix-ui/react-use-callback-ref+[...].mjs        [39m[1m[2m    0.34 kB[22m[1m[22m
[2m.vercel/output/functions/__server.func/[22m[36m_libs/radix-ui__primitive.mjs                           [39m[1m[2m    0.35 kB[22m[1m[22m
[2m.vercel/output/functions/__server.func/[22m[36m_libs/radix-ui__react-use-previous.mjs                  [39m[1m[2m    0.39 kB[22m[1m[22m
[2m.vercel/output/functions/__server.func/[22m[36m_ssr/useDebouncedValue-dFvnu_Er.mjs                     [39m[1m[2m    0.43 kB[22m[1m[22m
[2m.vercel/output/functions/__server.func/[22m[36m_libs/clsx.mjs                                          [39m[1m[2m    0.51 kB[22m[1m[22m
[2m.vercel/output/functions/__server.func/[22m[36m_chunks/ssr-renderer.mjs                                [39m[1m[2m    0.51 kB[22m[1m[22m
[2m.vercel/output/functions/__server.func/[22m[36m_libs/radix-ui__react-id.mjs                            [39m[1m[2m    0.51 kB[22m[1m[22m
[2m.vercel/output/functions/__server.func/[22m[36m_ssr/label-C4kpoffa.mjs                                 [39m[1m[2m    0.63 kB[22m[1m[22m
[2m.vercel/output/functions/__server.func/[22m[36m_ssr/documentManagementLogic-JHAcByZS.mjs               [39m[1m[2m    0.67 kB[22m[1m[22m
[2m.vercel/output/functions/__server.func/[22m[36m_libs/@radix-ui/react-use-escape-keydown+[...].mjs      [39m[1m[2m    0.69 kB[22m[1m[22m
[2m.vercel/output/functions/__server.func/[22m[36m_libs/radix-ui__react-label.mjs                         [39m[1m[2m    0.69 kB[22m[1m[22m
[2m.vercel/output/functions/__server.func/[22m[36m_libs/radix-ui__react-arrow.mjs                         [39m[1m[2m    0.71 kB[22m[1m[22m
[2m.vercel/output/functions/__server.func/[22m[36m_ssr/publicPage.server-Cwx4un4D.mjs                     [39m[1m[2m    0.77 kB[22m[1m[22m
[2m.vercel/output/functions/__server.func/[22m[36m_ssr/publicPage.server-BZgCkBwe.mjs                     [39m[1m[2m    0.81 kB[22m[1m[22m
[2m.vercel/output/functions/__server.func/[22m[36m_ssr/WorkflowSections-BIWCO7IO.mjs                      [39m[1m[2m    0.81 kB[22m[1m[22m
[2m.vercel/output/functions/__server.func/[22m[36m_libs/radix-ui__react-portal.mjs                        [39m[1m[2m    0.83 kB[22m[1m[22m
[2m.vercel/output/functions/__server.func/[22m[36m_libs/@radix-ui/react-visually-hidden+[...].mjs         [39m[1m[2m    0.85 kB[22m[1m[22m
[2m.vercel/output/functions/__server.func/[22m[36m_ssr/publicPage.server-BrG4pFqK.mjs                     [39m[1m[2m    0.86 kB[22m[1m[22m
[2m.vercel/output/functions/__server.func/[22m[36m_ssr/resilientLoader-twYjqFiO.mjs                       [39m[1m[2m    0.86 kB[22m[1m[22m
[2m.vercel/output/functions/__server.func/[22m[36m_libs/radix-ui__react-focus-guards.mjs                  [39m[1m[2m    0.93 kB[22m[1m[22m
[2m.vercel/output/functions/__server.func/[22m[36m_libs/radix-ui__react-compose-refs.mjs                  [39m[1m[2m    0.96 kB[22m[1m[22m
[2m.vercel/output/functions/__server.func/[22m[36m_ssr/badge-CTkO-GWm.mjs                                 [39m[1m[2m    1.04 kB[22m[1m[22m
[2m.vercel/output/functions/__server.func/[22m[36m_ssr/documentUpload-B0mCwRkX.mjs                        [39m[1m[2m    1.09 kB[22m[1m[22m
[2m.vercel/output/functions/__server.func/[22m[36m_ssr/checkbox-CojOOv5O.mjs                              [39m[1m[2m    1.09 kB[22m[1m[22m
[2m.vercel/output/functions/__server.func/[22m[36m_ssr/animal-CfvEdYX_.mjs                                [39m[1m[2m    1.10 kB[22m[1m[22m
[2m.vercel/output/functions/__server.func/[22m[36m_ssr/volunteerAdminLogic-BHKETCpF.mjs                   [39m[1m[2m    1.13 kB[22m[1m[22m
[2m.vercel/output/functions/__server.func/[22m[36m_ssr/switch-_vUW4FhH.mjs                                [39m[1m[2m    1.16 kB[22m[1m[22m
[2m.vercel/output/functions/__server.func/[22m[36m_ssr/passwordRecovery-Dz6_EYlc.mjs                      [39m[1m[2m    1.17 kB[22m[1m[22m
[2m.vercel/output/functions/__server.func/[22m[36m_ssr/instructions-CQ5Siv-L.mjs                          [39m[1m[2m    1.25 kB[22m[1m[22m
[2m.vercel/output/functions/__server.func/[22m[36m_libs/radix-ui__react-use-size.mjs                      [39m[1m[2m    1.26 kB[22m[1m[22m
[2m.vercel/output/functions/__server.func/[22m[36m_ssr/publicPage.functions-CxwbNqgi.mjs                  [39m[1m[2m    1.28 kB[22m[1m[22m
[2m.vercel/output/functions/__server.func/[22m[36m_ssr/publicPage.server-DXCqIE6f.mjs                     [39m[1m[2m    1.29 kB[22m[1m[22m
[2m.vercel/output/functions/__server.func/[22m[36m_ssr/publicPage.functions-DpqPSkin.mjs                  [39m[1m[2m    1.35 kB[22m[1m[22m
[2m.vercel/output/functions/__server.func/[22m[36m_ssr/publicPage.functions-SCnuqjDR.mjs                  [39m[1m[2m    1.36 kB[22m[1m[22m
[2m.vercel/output/functions/__server.func/[22m[36m_ssr/publicImpact.functions-CtHtY69B.mjs                [39m[1m[2m    1.40 kB[22m[1m[22m
[2m.vercel/output/functions/__server.func/[22m[36m_ssr/publicListing.server-BCTnuUqs.mjs                  [39m[1m[2m    1.41 kB[22m[1m[22m
[2m.vercel/output/functions/__server.func/[22m[36m_libs/cookie-es.mjs                                     [39m[1m[2m    1.46 kB[22m[1m[22m
[2m.vercel/output/functions/__server.func/[22m[36m_libs/seroval-plugins.mjs                               [39m[1m[2m    1.47 kB[22m[1m[22m
[2m.vercel/output/functions/__server.func/[22m[36m_ssr/checkoutPolicy.functions-Bt8ie6-2.mjs              [39m[1m[2m    1.51 kB[22m[1m[22m
[2m.vercel/output/functions/__server.func/[22m[36m_ssr/adopterWorkflowLogic-Cpe2Smmf.mjs                  [39m[1m[2m    1.66 kB[22m[1m[22m
[2m.vercel/output/functions/__server.func/[22m[36m_libs/react-style-singleton.mjs                         [39m[1m[2m    1.67 kB[22m[1m[22m
[2m.vercel/output/functions/__server.func/[22m[36m_ssr/tabs-B41M0Jg8.mjs                                  [39m[1m[2m    1.75 kB[22m[1m[22m
[2m.vercel/output/functions/__server.func/[22m[36m_libs/use-callback-ref.mjs                              [39m[1m[2m    1.75 kB[22m[1m[22m
[2m.vercel/output/functions/__server.func/[22m[36m_libs/radix-ui__react-primitive.mjs                     [39m[1m[2m    1.90 kB[22m[1m[22m
[2m.vercel/output/functions/__server.func/[22m[36m_ssr/useLiveAdminActor-BjlCS_LC.mjs                     [39m[1m[2m    1.94 kB[22m[1m[22m
[2m.vercel/output/functions/__server.func/[22m[36m_ssr/publicStoriesPage.functions-CMvYfS-q.mjs           [39m[1m[2m    2.01 kB[22m[1m[22m
[2m.vercel/output/functions/__server.func/[22m[36m_ssr/StatusBadge-D86UwY_c.mjs                           [39m[1m[2m    2.05 kB[22m[1m[22m
[2m.vercel/output/functions/__server.func/[22m[36m_libs/class-variance-authority.mjs                      [39m[1m[2m    2.14 kB[22m[1m[22m
[2m.vercel/output/functions/__server.func/[22m[36m_ssr/publicPage.functions-D5T3an9U.mjs                  [39m[1m[2m    2.16 kB[22m[1m[22m
[2m.vercel/output/functions/__server.func/[22m[36m_ssr/start-D4eGQozS.mjs                                 [39m[1m[2m    2.21 kB[22m[1m[22m
[2m.vercel/output/functions/__server.func/[22m[36m_libs/@radix-ui/react-use-controllable-state+[...].mjs  [39m[1m[2m    2.29 kB[22m[1m[22m
[2m.vercel/output/functions/__server.func/[22m[36m_ssr/publicPage.functions-DHzV79l6.mjs                  [39m[1m[2m    2.52 kB[22m[1m[22m
[2m.vercel/output/functions/__server.func/[22m[36m_libs/isbot.mjs                                         [39m[1m[2m    2.56 kB[22m[1m[22m
[2m.vercel/output/functions/__server.func/[22m[36m_ssr/publicStory.functions-LU05inFx.mjs                 [39m[1m[2m    2.58 kB[22m[1m[22m
[2m.vercel/output/functions/__server.func/[22m[36m_ssr/ExportButton-BYkru2n2.mjs                          [39m[1m[2m    2.64 kB[22m[1m[22m
[2m.vercel/output/functions/__server.func/[22m[36m_libs/use-sidecar.mjs                                   [39m[1m[2m    2.65 kB[22m[1m[22m
[2m.vercel/output/functions/__server.func/[22m[36m_ssr/table-BXjfe990.mjs                                 [39m[1m[2m    2.65 kB[22m[1m[22m
[2m.vercel/output/functions/__server.func/[22m[36m_libs/radix-ui__react-collection.mjs                    [39m[1m[2m    3.22 kB[22m[1m[22m
[2m.vercel/output/functions/__server.func/[22m[36m_ssr/publicAnimal.functions-BweLUOMP.mjs                [39m[1m[2m    3.23 kB[22m[1m[22m
[2m.vercel/output/functions/__server.func/[22m[36m_ssr/publicImpact.functions-B6uhtRBg.mjs                [39m[1m[2m    3.35 kB[22m[1m[22m
[2m.vercel/output/functions/__server.func/[22m[36m_ssr/caseWorkflowLogic-qA1t0Nlb.mjs                     [39m[1m[2m    3.35 kB[22m[1m[22m
[2m.vercel/output/functions/__server.func/[22m[36m_libs/radix-ui__react-context.mjs                       [39m[1m[2m    3.36 kB[22m[1m[22m
[2m.vercel/output/functions/__server.func/[22m[36m_ssr/publicProfile-diGIMT3a.mjs                         [39m[1m[2m    3.42 kB[22m[1m[22m
[2m.vercel/output/functions/__server.func/[22m[36m_ssr/dialog-CCUGo8t7.mjs                                [39m[1m[2m    3.44 kB[22m[1m[22m
[2m.vercel/output/functions/__server.func/[22m[36m_ssr/checkoutPolicy.server-CxAsxxS_.mjs                 [39m[1m[2m    3.59 kB[22m[1m[22m
[2m.vercel/output/functions/__server.func/[22m[36m_ssr/repository.server-Dxwc4bWB.mjs                     [39m[1m[2m    3.63 kB[22m[1m[22m
[2m.vercel/output/functions/__server.func/[22m[36m_ssr/publicListing.functions-CU8KuQGb.mjs               [39m[1m[2m    3.72 kB[22m[1m[22m
[2m.vercel/output/functions/__server.func/[22m[36m_ssr/contentAdminLogic-B_p6QWwG.mjs                     [39m[1m[2m    3.75 kB[22m[1m[22m
[2m.vercel/output/functions/__server.func/[22m[36m_libs/react-remove-scroll-bar.mjs                       [39m[1m[2m    3.96 kB[22m[1m[22m
[2m.vercel/output/functions/__server.func/[22m[36m_ssr/publicImpact.server-eGOn2v8j.mjs                   [39m[1m[2m    4.05 kB[22m[1m[22m
[2m.vercel/output/functions/__server.func/[22m[36m_ssr/useListQueryState-B1LHE2aY.mjs                     [39m[1m[2m    4.05 kB[22m[1m[22m
[2m.vercel/output/functions/__server.func/[22m[36m_libs/aria-hidden.mjs                                   [39m[1m[2m    4.06 kB[22m[1m[22m
[2m.vercel/output/functions/__server.func/[22m[36m_libs/hookform__resolvers.mjs                           [39m[1m[2m    4.15 kB[22m[1m[22m
[2m.vercel/output/functions/__server.func/[22m[36m_ssr/internships-CN8wgGEd.mjs                           [39m[1m[2m    4.20 kB[22m[1m[22m
[2m.vercel/output/functions/__server.func/[22m[36m_ssr/operations-DOLdOihw.mjs                            [39m[1m[2m    4.36 kB[22m[1m[22m
[2m.vercel/output/functions/__server.func/[22m[36m_ssr/dog-Dr7y9vdu.mjs                                   [39m[1m[2m    4.37 kB[22m[1m[22m
[2m.vercel/output/functions/__server.func/[22m[36m_ssr/cat-bMCjamYr.mjs                                   [39m[1m[2m    4.37 kB[22m[1m[22m
[2m.vercel/output/functions/__server.func/[22m[36m_ssr/applications-CVHPmVC7.mjs                          [39m[1m[2m    4.37 kB[22m[1m[22m
[2m.vercel/output/functions/__server.func/[22m[36m_ssr/operations-CWblLF28.mjs                            [39m[1m[2m    4.49 kB[22m[1m[22m
[2m.vercel/output/functions/__server.func/[22m[36m_ssr/activities-DiyTN_Fp.mjs                            [39m[1m[2m    4.52 kB[22m[1m[22m
[2m.vercel/output/functions/__server.func/[22m[36m_ssr/PolicyChangeSummary-CS9KOqAd.mjs                   [39m[1m[2m    4.57 kB[22m[1m[22m
[2m.vercel/output/functions/__server.func/[22m[36m_ssr/dog_._id-CUleyKMz.mjs                              [39m[1m[2m    4.58 kB[22m[1m[22m
[2m.vercel/output/functions/__server.func/[22m[36m_ssr/cat_._id-EG61L-42.mjs                              [39m[1m[2m    4.58 kB[22m[1m[22m
[2m.vercel/output/functions/__server.func/[22m[36m_slug-DMFHsv3q.mjs                                      [39m[1m[2m    4.59 kB[22m[1m[22m
[2m.vercel/output/functions/__server.func/[22m[36m_ssr/dog-AKZeBAG7.mjs                                   [39m[1m[2m    4.60 kB[22m[1m[22m
[2m.vercel/output/functions/__server.func/[22m[36m_ssr/cat-B-xP1f6A.mjs                                   [39m[1m[2m    4.60 kB[22m[1m[22m
[2m.vercel/output/functions/__server.func/[22m[36m_ssr/sponsors_._id-Br_niySy.mjs                         [39m[1m[2m    4.61 kB[22m[1m[22m
[2m.vercel/output/functions/__server.func/[22m[36m_ssr/dog_._id-Dc8Y-fGG.mjs                              [39m[1m[2m    4.62 kB[22m[1m[22m
[2m.vercel/output/functions/__server.func/[22m[36m_ssr/cat_._id-CEHGr9Jh.mjs                              [39m[1m[2m    4.62 kB[22m[1m[22m
[2m.vercel/output/functions/__server.func/[22m[36m_ssr/sponsors_._id-BczH7r0H.mjs                         [39m[1m[2m    4.63 kB[22m[1m[22m
[2m.vercel/output/functions/__server.func/[22m[36m_ssr/calendar-8yT9KLBm.mjs                              [39m[1m[2m    4.64 kB[22m[1m[22m
[2m.vercel/output/functions/__server.func/[22m[36m_ssr/sponsors_._id-BAiFNmmK.mjs                         [39m[1m[2m    4.66 kB[22m[1m[22m
[2m.vercel/output/functions/__server.func/[22m[36m_ssr/dog_._id-C1vN6pSp.mjs                              [39m[1m[2m    4.67 kB[22m[1m[22m
[2m.vercel/output/functions/__server.func/[22m[36m_ssr/cat_._id-B-6Hxt4m.mjs                              [39m[1m[2m    4.67 kB[22m[1m[22m
[2m.vercel/output/functions/__server.func/[22m[36m_ssr/sponsors-CEp8JzxO.mjs                              [39m[1m[2m    4.71 kB[22m[1m[22m
[2m.vercel/output/functions/__server.func/[22m[36m_ssr/sponsors-DNBx_A-0.mjs                              [39m[1m[2m    4.79 kB[22m[1m[22m
[2m.vercel/output/functions/__server.func/[22m[36m_ssr/DataTable-DzmR05St.mjs                             [39m[1m[2m    4.81 kB[22m[1m[22m
[2m.vercel/output/functions/__server.func/[22m[36m_ssr/new-CvGg9fpv.mjs                                   [39m[1m[2m    4.85 kB[22m[1m[22m
[2m.vercel/output/functions/__server.func/[22m[36m_libs/radix-ui__react-presence.mjs                      [39m[1m[2m    4.86 kB[22m[1m[22m
[2m.vercel/output/functions/__server.func/[22m[36m_ssr/repository.server-CPIWIi4x.mjs                     [39m[1m[2m    4.87 kB[22m[1m[22m
[2m.vercel/output/functions/__server.func/[22m[36m_libs/radix-ui__react-switch.mjs                        [39m[1m[2m    4.91 kB[22m[1m[22m
[2m.vercel/output/functions/__server.func/[22m[36m_ssr/select-f34zIBXi.mjs                                [39m[1m[2m    5.26 kB[22m[1m[22m
[2m.vercel/output/functions/__server.func/[22m[36m_libs/standardwebhooks.mjs                              [39m[1m[2m    5.34 kB[22m[1m[22m
[2m.vercel/output/functions/__server.func/[22m[36m_ssr/sponsorships-ryrwCoDs.mjs                          [39m[1m[2m    5.49 kB[22m[1m[22m
[2m.vercel/output/functions/__server.func/[22m[36m_id.edit-P1qLcbNW.mjs                                   [39m[1m[2m    5.75 kB[22m[1m[22m
[2m.vercel/output/functions/__server.func/[22m[36m_ssr/access-denied-C7j9sCQP.mjs                         [39m[1m[2m    5.83 kB[22m[1m[22m
[2m.vercel/output/functions/__server.func/[22m[36m_libs/tanstack__history.mjs                             [39m[1m[2m    5.99 kB[22m[1m[22m
[2m.vercel/output/functions/__server.func/[22m[36m_ssr/BulkReview-CeFTVPSO.mjs                            [39m[1m[2m    6.24 kB[22m[1m[22m
[2m.vercel/output/functions/__server.func/[22m[36m_libs/radix-ui__react-tabs.mjs                          [39m[1m[2m    6.49 kB[22m[1m[22m
[2m.vercel/output/functions/__server.func/[22m[36m_ssr/publicStoriesPage.server-lUuA8Ea4.mjs              [39m[1m[2m    6.81 kB[22m[1m[22m
[2m.vercel/output/functions/__server.func/[22m[36m_ssr/repository.server-Mf7ufzbg.mjs                     [39m[1m[2m    6.88 kB[22m[1m[22m
[2m.vercel/output/functions/__server.func/[22m[36m_ssr/privacy-CrCVvQQQ.mjs                               [39m[1m[2m    6.91 kB[22m[1m[22m
[2m.vercel/output/functions/__server.func/[22m[36m_libs/tanstack__react-query.mjs                         [39m[1m[2m    7.03 kB[22m[1m[22m
[2m.vercel/output/functions/__server.func/[22m[36m_libs/radix-ui__react-alert-dialog.mjs                  [39m[1m[2m    7.10 kB[22m[1m[22m
[2m.vercel/output/functions/__server.func/[22m[36mindex.mjs                                               [39m[1m[2m    7.34 kB[22m[1m[22m
[2m.vercel/output/functions/__server.func/[22m[36m_ssr/AnimalDetail-C3RgT_fD.mjs                          [39m[1m[2m    7.35 kB[22m[1m[22m
[2m.vercel/output/functions/__server.func/[22m[36m_libs/@upstash/core-analytics.mjs                       [39m[1m[2m    7.53 kB[22m[1m[22m
[2m.vercel/output/functions/__server.func/[22m[36m_libs/stablelib__base64.mjs                             [39m[1m[2m    7.56 kB[22m[1m[22m
[2m.vercel/output/functions/__server.func/[22m[36m_ssr/schemas-DySz_7Rg.mjs                               [39m[1m[2m    7.68 kB[22m[1m[22m
[2m.vercel/output/functions/__server.func/[22m[36m_ssr/adoption-DStAXLTM.mjs                              [39m[1m[2m    7.77 kB[22m[1m[22m
[2m.vercel/output/functions/__server.func/[22m[36m_ssr/supabase.server-hj0iN7sy.mjs                       [39m[1m[2m    7.86 kB[22m[1m[22m
[2m.vercel/output/functions/__server.func/[22m[36m_libs/radix-ui__react-focus-scope.mjs                   [39m[1m[2m    8.07 kB[22m[1m[22m
[2m.vercel/output/functions/__server.func/[22m[36m_ssr/tasks-n59AjuxB.mjs                                 [39m[1m[2m    8.23 kB[22m[1m[22m
[2m.vercel/output/functions/__server.func/[22m[36m_libs/floating-ui__react-dom.mjs                        [39m[1m[2m    8.42 kB[22m[1m[22m
[2m.vercel/output/functions/__server.func/[22m[36m_ssr/audit-CQprvJZ6.mjs                                 [39m[1m[2m    8.55 kB[22m[1m[22m
[2m.vercel/output/functions/__server.func/[22m[36m_libs/radix-ui__react-checkbox.mjs                      [39m[1m[2m    8.65 kB[22m[1m[22m
[2m.vercel/output/functions/__server.func/[22m[36m_ssr/team-BohS9Dxb.mjs                                  [39m[1m[2m    8.78 kB[22m[1m[22m
[2m.vercel/output/functions/__server.func/[22m[36m_libs/@radix-ui/react-dismissable-layer+[...].mjs       [39m[1m[2m    8.97 kB[22m[1m[22m
[2m.vercel/output/functions/__server.func/[22m[36m_ssr/VolunteerAdminShell-f-zJfoJI.mjs                   [39m[1m[2m    9.39 kB[22m[1m[22m
[2m.vercel/output/functions/__server.func/[22m[36m_ssr/knowledge-BfgfHC1O.mjs                             [39m[1m[2m    9.42 kB[22m[1m[22m
[2m.vercel/output/functions/__server.func/[22m[36m_libs/floating-ui__utils.mjs                            [39m[1m[2m    9.47 kB[22m[1m[22m
[2m.vercel/output/functions/__server.func/[22m[36m_ssr/status._token-DVGzTkUP.mjs                         [39m[1m[2m    9.50 kB[22m[1m[22m
[2m.vercel/output/functions/__server.func/[22m[36m_libs/radix-ui__react-roving-focus.mjs                  [39m[1m[2m    9.53 kB[22m[1m[22m
[2m.vercel/output/functions/__server.func/[22m[36m_ssr/repository.server-CvcgLXWS.mjs                     [39m[1m[2m    9.53 kB[22m[1m[22m
[2m.vercel/output/functions/__server.func/[22m[36m_ssr/catalogue-BWEZl48b.mjs                             [39m[1m[2m    9.88 kB[22m[1m[22m
[2m.vercel/output/functions/__server.func/[22m[36m_libs/h3-v2.mjs                                         [39m[1m[2m    9.98 kB[22m[1m[22m
[2m.vercel/output/functions/__server.func/[22m[36m_ssr/reset-password-DsmNpy87.mjs                        [39m[1m[2m   10.42 kB[22m[1m[22m
[2m.vercel/output/functions/__server.func/[22m[36m_ssr/tasks-Byq8iWqv.mjs                                 [39m[1m[2m   11.66 kB[22m[1m[22m
[2m.vercel/output/functions/__server.func/[22m[36m_libs/radix-ui__react-popper.mjs                        [39m[1m[2m   11.68 kB[22m[1m[22m
[2m.vercel/output/functions/__server.func/[22m[36m_libs/supabase__functions-js.mjs                        [39m[1m[2m   11.91 kB[22m[1m[22m
[2m.vercel/output/functions/__server.func/[22m[36m_ssr/login-Dd1oQKZD.mjs                                 [39m[1m[2m   12.02 kB[22m[1m[22m
[2m.vercel/output/functions/__server.func/[22m[36m_ssr/new-BEnX3bx1.mjs                                   [39m[1m[2m   12.32 kB[22m[1m[22m
[2m.vercel/output/functions/__server.func/[22m[36m_ssr/index.mjs                                          [39m[1m[2m   12.45 kB[22m[1m[22m
[2m.vercel/output/functions/__server.func/[22m[36m_ssr/InternshipForm-B8_m4s4J.mjs                        [39m[1m[2m   12.78 kB[22m[1m[22m
[2m.vercel/output/functions/__server.func/[22m[36m_libs/fast-sha256.mjs                                   [39m[1m[2m   13.35 kB[22m[1m[22m
[2m.vercel/output/functions/__server.func/[22m[36m_libs/react-remove-scroll.mjs                           [39m[1m[2m   13.37 kB[22m[1m[22m
[2m.vercel/output/functions/__server.func/[22m[36m_ssr/simulation-D9CV_L9Y.mjs                            [39m[1m[2m   13.49 kB[22m[1m[22m
[2m.vercel/output/functions/__server.func/[22m[36m_libs/radix-ui__react-dialog.mjs                        [39m[1m[2m   13.58 kB[22m[1m[22m
[2m.vercel/output/functions/__server.func/[22m[36m_slug-CXrlwIfe.mjs                                      [39m[1m[2m   14.21 kB[22m[1m[22m
[2m.vercel/output/functions/__server.func/[22m[36m_libs/h3.mjs                                            [39m[1m[2m   14.32 kB[22m[1m[22m
[2m.vercel/output/functions/__server.func/[22m[36m_ssr/SupporterFormDialog-BFxeyf8O.mjs                   [39m[1m[2m   14.55 kB[22m[1m[22m
[2m.vercel/output/functions/__server.func/[22m[36m_libs/iceberg-js.mjs                                    [39m[1m[2m   15.70 kB[22m[1m[22m
[2m.vercel/output/functions/__server.func/[22m[36m_ssr/help-BjaAV1m7.mjs                                  [39m[1m[2m   15.83 kB[22m[1m[22m
[2m.vercel/output/functions/__server.func/[22m[36m_ssr/tasks-B7cFhmDs.mjs                                 [39m[1m[2m   16.05 kB[22m[1m[22m
[2m.vercel/output/functions/__server.func/[22m[36m_id-BlZikkbj.mjs                                        [39m[1m[2m   16.08 kB[22m[1m[22m
[2m.vercel/output/functions/__server.func/[22m[36m_ssr/inbox-Bjnq-F6V.mjs                                 [39m[1m[2m   16.29 kB[22m[1m[22m
[2m.vercel/output/functions/__server.func/[22m[36m_ssr/supabase-DQ7LQCWy.mjs                              [39m[1m[2m   17.12 kB[22m[1m[22m
[2m.vercel/output/functions/__server.func/[22m[36m_libs/srvx.mjs                                          [39m[1m[2m   17.43 kB[22m[1m[22m
[2m.vercel/output/functions/__server.func/[22m[36m_ssr/sources-PJNNzHou.mjs                               [39m[1m[2m   17.71 kB[22m[1m[22m
[2m.vercel/output/functions/__server.func/[22m[36m_ssr/annual-reports-BMNx3I2H.mjs                        [39m[1m[2m   18.27 kB[22m[1m[22m
[2m.vercel/output/functions/__server.func/[22m[36m_id-CtuwPx-h.mjs                                        [39m[1m[2m   18.93 kB[22m[1m[22m
[2m.vercel/output/functions/__server.func/[22m[36m_ssr/instructions-B-oMdtCz.mjs                          [39m[1m[2m   18.96 kB[22m[1m[22m
[2m.vercel/output/functions/__server.func/[22m[36m_libs/radix-ui__react-slot.mjs                          [39m[1m[2m   19.17 kB[22m[1m[22m
[2m.vercel/output/functions/__server.func/[22m[36m_ssr/assessments-C3JwxpFN.mjs                           [39m[1m[2m   19.34 kB[22m[1m[22m
[2m.vercel/output/functions/__server.func/[22m[36m_ssr/group-enquiries-DzXrDv51.mjs                       [39m[1m[2m   19.76 kB[22m[1m[22m
[2m.vercel/output/functions/__server.func/[22m[36m_libs/react.mjs                                         [39m[1m[2m   19.83 kB[22m[1m[22m
[2m.vercel/output/functions/__server.func/[22m[36m_ssr/sponsors_.status._token-6GGLNP3Q.mjs               [39m[1m[2m   20.33 kB[22m[1m[22m
[2m.vercel/output/functions/__server.func/[22m[36m_ssr/volunteers-BwpdG7Ea.mjs                            [39m[1m[2m   20.78 kB[22m[1m[22m
[2m.vercel/output/functions/__server.func/[22m[36m_ssr/index-9ymtpaW4.mjs                                 [39m[1m[2m   20.87 kB[22m[1m[22m
[2m.vercel/output/functions/__server.func/[22m[36m_libs/floating-ui__dom.mjs                              [39m[1m[2m   21.28 kB[22m[1m[22m
[2m.vercel/output/functions/__server.func/[22m[36m_ssr/documents-D7QICWv6.mjs                             [39m[1m[2m   21.94 kB[22m[1m[22m
[2m.vercel/output/functions/__server.func/[22m[36m_ssr/access-CHXwYcLB.mjs                                [39m[1m[2m   22.10 kB[22m[1m[22m
[2m.vercel/output/functions/__server.func/[22m[36m_ssr/internships-BdOzX6VB.mjs                           [39m[1m[2m   22.21 kB[22m[1m[22m
[2m.vercel/output/functions/__server.func/[22m[36m_ssr/status._token-S08nYzB6.mjs                         [39m[1m[2m   22.29 kB[22m[1m[22m
[2m.vercel/output/functions/__server.func/[22m[36m_ssr/adopters-W3PUNcFY.mjs                              [39m[1m[2m   22.31 kB[22m[1m[22m
[2m.vercel/output/functions/__server.func/[22m[36m_ssr/VolunteerOperations-DiFDGfYN.mjs                   [39m[1m[2m   22.74 kB[22m[1m[22m
[2m.vercel/output/functions/__server.func/[22m[36m_ssr/service-BESZys-T.mjs                               [39m[1m[2m   23.92 kB[22m[1m[22m
[2m.vercel/output/functions/__server.func/[22m[36m_libs/floating-ui__core.mjs                             [39m[1m[2m   24.06 kB[22m[1m[22m
[2m.vercel/output/functions/__server.func/[22m[36m_ssr/reports-CDZHq1kS.mjs                               [39m[1m[2m   24.91 kB[22m[1m[22m
[2m.vercel/output/functions/__server.func/[22m[36m_ssr/qualifications-CI4Q0JUU.mjs                        [39m[1m[2m   26.32 kB[22m[1m[22m
[2m.vercel/output/functions/__server.func/[22m[36m_ssr/people-DmZXJccL.mjs                                [39m[1m[2m   26.73 kB[22m[1m[22m
[2m.vercel/output/functions/__server.func/[22m[36m_ssr/ContentReview-BzOmQGuJ.mjs                         [39m[1m[2m   27.68 kB[22m[1m[22m
[2m.vercel/output/functions/__server.func/[22m[36m_ssr/TaskPanel-CTXNjGTq.mjs                             [39m[1m[2m   28.07 kB[22m[1m[22m
[2m.vercel/output/functions/__server.func/[22m[36m_ssr/supabase.server-BvwU3ZHG.mjs                       [39m[1m[2m   29.08 kB[22m[1m[22m
[2m.vercel/output/functions/__server.func/[22m[36m_tanstack-start-manifest_v-AIWEa12v.mjs                 [39m[1m[2m   29.96 kB[22m[1m[22m
[2m.vercel/output/functions/__server.func/[22m[36m_ssr/daily-settings-CWP1Bn5-.mjs                        [39m[1m[2m   31.30 kB[22m[1m[22m
[2m.vercel/output/functions/__server.func/[22m[36m_id-BPiMFJPq.mjs                                        [39m[1m[2m   31.32 kB[22m[1m[22m
[2m.vercel/output/functions/__server.func/[22m[36m_libs/supabase__supabase-js.mjs                         [39m[1m[2m   31.47 kB[22m[1m[22m
[2m.vercel/output/functions/__server.func/[22m[36m_ssr/content-DMxXTS0X.mjs                               [39m[1m[2m   33.16 kB[22m[1m[22m
[2m.vercel/output/functions/__server.func/[22m[36m_libs/lucide-react.mjs                                  [39m[1m[2m   34.85 kB[22m[1m[22m
[2m.vercel/output/functions/__server.func/[22m[36m_ssr/index-BRP_r0le.mjs                                 [39m[1m[2m   35.22 kB[22m[1m[22m
[2m.vercel/output/functions/__server.func/[22m[36m_libs/resend.mjs                                        [39m[1m[2m   35.76 kB[22m[1m[22m
[2m.vercel/output/functions/__server.func/[22m[36m_ssr/statuses-CP2MtsBt.mjs                              [39m[1m[2m   36.07 kB[22m[1m[22m
[2m.vercel/output/functions/__server.func/[22m[36m_ssr/repository.server-D8YDv9To.mjs                     [39m[1m[2m   36.18 kB[22m[1m[22m
[2m.vercel/output/functions/__server.func/[22m[36m_ssr/adoption-guides-BSyM4x7x.mjs                       [39m[1m[2m   37.70 kB[22m[1m[22m
[2m.vercel/output/functions/__server.func/[22m[36m_ssr/donate-D1guQNuR.mjs                                [39m[1m[2m   39.16 kB[22m[1m[22m
[2m.vercel/output/functions/__server.func/[22m[36m_ssr/adminPageCopy-B6mCgWHf.mjs                         [39m[1m[2m   39.35 kB[22m[1m[22m
[2m.vercel/output/functions/__server.func/[22m[36m_libs/tanstack__react-router.mjs                        [39m[1m[2m   43.81 kB[22m[1m[22m
[2m.vercel/output/functions/__server.func/[22m[36m_libs/pdf-lib__upng.mjs                                 [39m[1m[2m   47.26 kB[22m[1m[22m
[2m.vercel/output/functions/__server.func/[22m[36m_ssr/intake-7OPNsJFy.mjs                                [39m[1m[2m   47.52 kB[22m[1m[22m
[2m.vercel/output/functions/__server.func/[22m[36m_libs/seroval.mjs                                       [39m[1m[2m   48.06 kB[22m[1m[22m
[2m.vercel/output/functions/__server.func/[22m[36m_ssr/server-DJAaLcOe.mjs                                [39m[1m[2m   49.62 kB[22m[1m[22m
[2m.vercel/output/functions/__server.func/[22m[36m_libs/radix-ui__react-select.mjs                        [39m[1m[2m   50.64 kB[22m[1m[22m
[2m.vercel/output/functions/__server.func/[22m[36m_ssr/AnimalForm-Cvcu9xbb.mjs                            [39m[1m[2m   51.52 kB[22m[1m[22m
[2m.vercel/output/functions/__server.func/[22m[36m_libs/supabase__phoenix.mjs                             [39m[1m[2m   53.95 kB[22m[1m[22m
[2m.vercel/output/functions/__server.func/[22m[36m_ssr/supporters-Eda0qh2G.mjs                            [39m[1m[2m   60.15 kB[22m[1m[22m
[2m.vercel/output/functions/__server.func/[22m[36m_id-yLaN0tvh.mjs                                        [39m[1m[2m   61.83 kB[22m[1m[22m
[2m.vercel/output/functions/__server.func/[22m[36m_libs/upstash__ratelimit.mjs                            [39m[1m[2m   64.18 kB[22m[1m[22m
[2m.vercel/output/functions/__server.func/[22m[36m_ssr/VolunteerActivityWorkspace-BDXliRLH.mjs            [39m[1m[2m   64.53 kB[22m[1m[22m
[2m.vercel/output/functions/__server.func/[22m[36m_id-CiJJvPng.mjs                                        [39m[1m[2m   64.60 kB[22m[1m[22m
[2m.vercel/output/functions/__server.func/[22m[36m_libs/react-hook-form.mjs                               [39m[1m[2m   65.13 kB[22m[1m[22m
[2m.vercel/output/functions/__server.func/[22m[36m_ssr/animals-DMnKqt23.mjs                               [39m[1m[2m   65.81 kB[22m[1m[22m
[2m.vercel/output/functions/__server.func/[22m[36m_ssr/publicPage.server-DSyeBrKO.mjs                     [39m[1m[2m   68.55 kB[22m[1m[22m
[2m.vercel/output/functions/__server.func/[22m[36m_libs/supabase__realtime-js.mjs                         [39m[1m[2m   73.92 kB[22m[1m[22m
[2m.vercel/output/functions/__server.func/[22m[36m_libs/tanstack__query-core.mjs                          [39m[1m[2m   75.01 kB[22m[1m[22m
[2m.vercel/output/functions/__server.func/[22m[36m_ssr/settings-BrpMrlKd.mjs                              [39m[1m[2m   80.36 kB[22m[1m[22m
[2m.vercel/output/functions/__server.func/[22m[36m_ssr/PledgeReviewLane-B1h3ZTWf.mjs                      [39m[1m[2m   86.91 kB[22m[1m[22m
[2m.vercel/output/functions/__server.func/[22m[36m_ssr/index-D8d-PMPG.mjs                                 [39m[1m[2m   91.70 kB[22m[1m[22m
[2m.vercel/output/functions/__server.func/[22m[36m_libs/tailwind-merge.mjs                                [39m[1m[2m   96.41 kB[22m[1m[22m
[2m.vercel/output/functions/__server.func/[22m[36m_libs/supabase__storage-js.mjs                          [39m[1m[2m   97.77 kB[22m[1m[22m
[2m.vercel/output/functions/__server.func/[22m[36m_libs/postal-mime.mjs                                   [39m[1m[2m   98.81 kB[22m[1m[22m
[2m.vercel/output/functions/__server.func/[22m[36m_id-B6iIbRgL.mjs                                        [39m[1m[2m  109.09 kB[22m[1m[22m
[2m.vercel/output/functions/__server.func/[22m[36m_libs/zod.mjs                                           [39m[1m[2m  116.22 kB[22m[1m[22m
[2m.vercel/output/functions/__server.func/[22m[36m_libs/pako.mjs                                          [39m[1m[2m  121.06 kB[22m[1m[22m
[2m.vercel/output/functions/__server.func/[22m[36m_libs/pdf-lib__standard-fonts.mjs                       [39m[1m[2m  133.51 kB[22m[1m[22m
[2m.vercel/output/functions/__server.func/[22m[36m_libs/supabase__postgrest-js.mjs                        [39m[1m[2m  137.95 kB[22m[1m[22m
[2m.vercel/output/functions/__server.func/[22m[36m_libs/upstash__redis.mjs                                [39m[1m[2m  157.30 kB[22m[1m[22m
[2m.vercel/output/functions/__server.func/[22m[36m_libs/tanstack__router-core.mjs                         [39m[1m[2m  159.31 kB[22m[1m[22m
[2m.vercel/output/functions/__server.func/[22m[36m_libs/supabase__auth-js.mjs                             [39m[1m[2m  301.06 kB[22m[1m[22m
[2m.vercel/output/functions/__server.func/[22m[36m_libs/pdf-lib.mjs                                       [39m[1m[2m  480.59 kB[22m[1m[22m
[2m.vercel/output/functions/__server.func/[22m[36m_libs/react-dom.mjs                                     [39m[1m[33m  509.23 kB[39m[22m
[2m.vercel/output/functions/__server.func/[22m[36m_libs/stripe.mjs                                        [39m[1m[33m  654.92 kB[39m[22m
[2m.vercel/output/functions/__server.func/[22m[36m_libs/pdf-lib__fontkit.mjs                              [39m[1m[33m1,138.35 kB[39m[22m
[2m.vercel/output/functions/__server.func/[22m[36m_ssr/router-C2YPEh9d.mjs                                [39m[1m[33m1,690.23 kB[39m[22m
[32m✓ built in 19.13s[39m
[info] Generated [36m.vercel/output/nitro.json[39m
[success] [nitro] You can preview this build using `npx vite preview`
[success] [nitro] You can deploy this build using `npx nitro deploy --prebuilt`
