
supabase\rls-tests\helpers\productionSchemaCapture.test.ts:
(pass) production capture decodes the pinned CLI one-row array and keeps catalog stable [20.72ms]
(pass) production capture refuses empty result [3.12ms]
(pass) production capture refuses duplicate rows [0.99ms]
(pass) production capture refuses legacy unmeasured envelope [1.19ms]
(pass) production capture refuses no catalog [1.23ms]
(pass) production capture refuses extra row field [1.13ms]
(pass) production capture refuses null catalog [1.06ms]
(pass) production capture refuses scalar catalog [1.93ms]
(pass) production capture refuses missing catalog facet [0.93ms]
(pass) production capture refuses unknown catalog facet [1.78ms]
(pass) production capture refuses invalid facet shape [1.06ms]
(pass) production capture refuses invalid owner shape [0.97ms]
(pass) production capture still refuses catalog change across schema export [5.34ms]
(pass) production capture still refuses data-bearing schema statements [1.72ms]

supabase\rls-tests\helpers\productionSchemaClone.test.ts:
(pass) R01 test-only clone boundaries > remote, existing, ambiguous and unexpected-credential DB URLs are refused [0.50ms]
(pass) R01 test-only clone boundaries > catalog comparison ignores JSON key order and detects grant option/owner changes [0.12ms]
(pass) R01 test-only clone boundaries > data, role, cluster, schedule and network invocation SQL cannot enter restore [0.53ms]
(pass) R01 test-only clone boundaries > dollar-quoted function bodies are stored as one definition without invocation [0.30ms]
(pass) R01 test-only clone boundaries > pinned dump inert settings allow quoted heap but never role or replication changes [0.21ms]
(pass) R01 test-only clone boundaries > CTAS and non-definition TABLE forms are rejected without evaluating requests [0.55ms]
(pass) R01 test-only clone boundaries > all reviewed HTTP verbs and direct webhook entrypoints are refused in executable DDL [0.14ms]
(pass) R01 test-only clone boundaries > direct external webhook trigger is rejected even without a collected body [0.71ms]
(pass) R01 test-only clone boundaries > transitive external-schema executable bodies are inspected before fixtures [1.19ms]
(pass) R01 test-only clone boundaries > unreviewed external C and missing trigger entrypoints fail closed [0.24ms]
(pass) R01 test-only clone boundaries > only exact reviewed pgcrypto UUID implementation can pass opaque-function fencing [0.74ms]
(pass) R01 test-only clone boundaries > inspected safe external SQL helper remains usable, while absent dependencies fail closed [0.18ms]
(pass) R01 test-only clone boundaries > explicit custom operators cannot conceal opaque executable paths [0.28ms]
(pass) R01 test-only clone boundaries > unqualified custom operator and configured search_path cannot conceal opaque execution [0.39ms]
(pass) R01 test-only clone boundaries > custom operators in defaults/checks are rejected independently of triggers [0.56ms]
(pass) R01 test-only clone boundaries > backend signaling and global configuration primitives are never fixture paths [0.76ms]
(pass) R01 test-only clone boundaries > only pinned dump's empty session search_path setting survives the config fence [0.20ms]
(pass) R01 test-only clone boundaries > prefix and transitive operator paths fail closed; explicit cataloged core calls remain usable [0.26ms]
(pass) R01 test-only clone boundaries > seven exact reviewed native operator contracts permit the existing comparison paths [5.78ms]
(pass) R01 test-only clone boundaries > stored core regex resolves through catalog dependencies without trusting custom regex implementations [0.47ms]
(pass) R01 test-only clone boundaries > compact SQL operators followed by unary signs cannot hide opaque implementations [1.17ms]
(pass) R01 test-only clone boundaries > compact operators in transitive helpers remain fenced [0.19ms]
(pass) R01 test-only clone boundaries > legal multiple-character names with non-SQL characters retain their trailing signs [0.36ms]
(pass) R01 test-only clone boundaries > compact core comparisons and unary signs retain ordinary fixture compatibility [0.12ms]
(pass) R01 test-only clone boundaries > valid closing-comment spellings remain operator candidates before normalization [0.76ms]
(pass) R01 test-only clone boundaries > valid */ operator spelling stays fenced through a transitive helper [0.18ms]
(pass) R01 function's own pinned operator scope > dynamic EXECUTE cannot hide behind parentheses, comments or newlines in any scope [0.24ms]
(pass) R01 function's own pinned operator scope > exact normalization body with its own core scope permits unrelated public regex overloads [1.23ms]
(pass) R01 function's own pinned operator scope > absent, public, reordered or expanded own config stays refused [1.59ms]
(pass) R01 function's own pinned operator scope > explicit public operators and missing or high-OID core candidates stay refused [0.37ms]
(pass) R01 function's own pinned operator scope > scope-changing statements inspect prosrc, including RESET ALL [0.98ms]
(pass) R01 function's own pinned operator scope > pinned caller never gives an unpinned transitive callee its scope [0.17ms]
(pass) R01 function's own pinned operator scope > qualified unknown, network and unreviewed native calls remain refused [0.20ms]

supabase\rls-tests\helpers\productionSchemaCloneAggregates.test.ts:
(pass) captured citext min aggregate remains a pure fixture path [0.87ms]
(pass) min rejects aggregate schema drift [0.91ms]
(pass) min rejects aggregate owner drift [0.16ms]
(pass) min rejects aggregate extension drift [0.14ms]
(pass) min rejects aggregate extensionVersion drift [0.11ms]
(pass) min rejects aggregate extensionOwner drift [0.14ms]
(pass) min rejects aggregate extensionSchema drift [0.13ms]
(pass) min rejects aggregate membership drift [0.09ms]
(pass) min rejects aggregate definer drift [0.10ms]
(pass) min rejects aggregate config drift [0.10ms]
(pass) min rejects aggregate defaults drift [0.12ms]
(pass) min rejects aggregate defaultExpression drift [0.11ms]
(pass) min rejects aggregate volatility drift [0.09ms]
(pass) min rejects aggregate parallel drift [0.08ms]
(pass) min rejects aggregate leakproof drift [0.08ms]
(pass) min rejects aggregate cost drift [0.08ms]
(pass) min rejects aggregate rows drift [0.10ms]
(pass) min rejects aggregate support drift [0.12ms]
(pass) min rejects aggregate returnsSet drift [0.10ms]
(pass) min rejects aggregate variadic drift [0.09ms]
(pass) min rejects aggregate transforms drift [0.10ms]
(pass) min rejects aggregate allArgumentTypes drift [0.09ms]
(pass) min rejects aggregate argumentModes drift [0.08ms]
(pass) min rejects aggregate argumentNames drift [0.08ms]
(pass) min rejects aggregate sqlBody drift [0.08ms]
(pass) min rejects aggregate nativeAcl drift [0.10ms]
(pass) min rejects aggregate kind drift [0.10ms]
(pass) min rejects aggregate language drift [0.12ms]
(pass) min rejects aggregate source drift [0.21ms]
(pass) min rejects aggregate library drift [0.09ms]
(pass) min rejects aggregate arguments drift [0.10ms]
(pass) min rejects aggregate argumentTypes drift [0.09ms]
(pass) min rejects aggregate resultType drift [0.11ms]
(pass) min rejects aggregate strict drift [0.11ms]
(pass) min rejects aggregate ACL unknown recipient [0.34ms]
(pass) min rejects aggregate ACL grant option [0.18ms]
(pass) min rejects aggregate ACL grantor [0.10ms]
(pass) min rejects aggregate ACL missing recipient [0.08ms]
(pass) min rejects aggregate ACL duplicate recipient [0.07ms]
(pass) min rejects aggregate ACL wrong privilege [0.08ms]
(pass) min rejects transition schema drift [0.16ms]
(pass) min rejects transition owner drift [0.13ms]
(pass) min rejects transition extension drift [0.09ms]
(pass) min rejects transition extensionVersion drift [0.10ms]
(pass) min rejects transition extensionOwner drift [0.13ms]
(pass) min rejects transition extensionSchema drift [0.13ms]
(pass) min rejects transition membership drift [0.11ms]
(pass) min rejects transition definer drift [0.09ms]
(pass) min rejects transition config drift [0.08ms]
(pass) min rejects transition defaults drift [0.08ms]
(pass) min rejects transition defaultExpression drift [0.16ms]
(pass) min rejects transition volatility drift [0.12ms]
(pass) min rejects transition parallel drift [0.13ms]
(pass) min rejects transition leakproof drift [0.12ms]
(pass) min rejects transition cost drift [0.10ms]
(pass) min rejects transition rows drift [0.08ms]
(pass) min rejects transition support drift [0.09ms]
(pass) min rejects transition returnsSet drift [0.12ms]
(pass) min rejects transition variadic drift [0.08ms]
(pass) min rejects transition transforms drift [0.08ms]
(pass) min rejects transition allArgumentTypes drift [0.07ms]
(pass) min rejects transition argumentModes drift [0.08ms]
(pass) min rejects transition argumentNames drift [0.07ms]
(pass) min rejects transition sqlBody drift [0.07ms]
(pass) min rejects transition nativeAcl drift [0.10ms]
(pass) min rejects transition kind drift [0.07ms]
(pass) min rejects transition language drift [0.11ms]
(pass) min rejects transition source drift [0.09ms]
(pass) min rejects transition library drift [0.08ms]
(pass) min rejects transition arguments drift [0.08ms]
(pass) min rejects transition argumentTypes drift [0.08ms]
(pass) min rejects transition resultType drift [0.07ms]
(pass) min rejects transition strict drift [0.09ms]
(pass) min rejects transition ACL unknown recipient [0.09ms]
(pass) min rejects transition ACL grant option [0.09ms]
(pass) min rejects transition ACL grantor [0.09ms]
(pass) min rejects transition ACL missing recipient [0.10ms]
(pass) min rejects transition ACL duplicate recipient [0.10ms]
(pass) min rejects transition ACL wrong privilege [0.08ms]
(pass) min rejects sort callback schema drift [0.10ms]
(pass) min rejects sort callback owner drift [0.12ms]
(pass) min rejects sort callback extension drift [0.11ms]
(pass) min rejects sort callback extensionVersion drift [0.09ms]
(pass) min rejects sort callback extensionOwner drift [0.17ms]
(pass) min rejects sort callback extensionSchema drift [0.14ms]
(pass) min rejects sort callback membership drift [0.12ms]
(pass) min rejects sort callback definer drift [0.11ms]
(pass) min rejects sort callback config drift [0.11ms]
(pass) min rejects sort callback defaults drift [0.11ms]
(pass) min rejects sort callback defaultExpression drift [0.11ms]
(pass) min rejects sort callback volatility drift [0.10ms]
(pass) min rejects sort callback parallel drift [0.10ms]
(pass) min rejects sort callback leakproof drift [0.09ms]
(pass) min rejects sort callback cost drift [0.11ms]
(pass) min rejects sort callback rows drift [0.13ms]
(pass) min rejects sort callback support drift [0.09ms]
(pass) min rejects sort callback returnsSet drift [0.11ms]
(pass) min rejects sort callback variadic drift [0.08ms]
(pass) min rejects sort callback transforms drift [0.11ms]
(pass) min rejects sort callback allArgumentTypes drift [0.08ms]
(pass) min rejects sort callback argumentModes drift [0.09ms]
(pass) min rejects sort callback argumentNames drift [0.11ms]
(pass) min rejects sort callback sqlBody drift [0.11ms]
(pass) min rejects sort callback nativeAcl drift [0.10ms]
(pass) min rejects sort callback kind drift [0.11ms]
(pass) min rejects sort callback language drift [0.09ms]
(pass) min rejects sort callback source drift [0.09ms]
(pass) min rejects sort callback library drift [0.08ms]
(pass) min rejects sort callback arguments drift [0.08ms]
(pass) min rejects sort callback argumentTypes drift [0.10ms]
(pass) min rejects sort callback resultType drift [0.10ms]
(pass) min rejects sort callback strict drift [0.11ms]
(pass) min rejects sort callback ACL unknown recipient [0.08ms]
(pass) min rejects sort callback ACL grant option [0.10ms]
(pass) min rejects sort callback ACL grantor [0.08ms]
(pass) min rejects sort callback ACL missing recipient [0.07ms]
(pass) min rejects sort callback ACL duplicate recipient [0.08ms]
(pass) min rejects sort callback ACL wrong privilege [0.09ms]
(pass) min rejects aggregate kind drift [0.27ms]
(pass) min rejects aggregate directArguments drift [0.17ms]
(pass) min rejects aggregate transition drift [0.15ms]
(pass) min rejects aggregate combine drift [0.11ms]
(pass) min rejects aggregate final drift [0.10ms]
(pass) min rejects aggregate serial drift [0.08ms]
(pass) min rejects aggregate deserial drift [0.09ms]
(pass) min rejects aggregate movingTransition drift [0.10ms]
(pass) min rejects aggregate movingInverseTransition drift [0.10ms]
(pass) min rejects aggregate movingFinal drift [0.09ms]
(pass) min rejects aggregate finalExtra drift [0.07ms]
(pass) min rejects aggregate movingFinalExtra drift [0.11ms]
(pass) min rejects aggregate finalModify drift [0.12ms]
(pass) min rejects aggregate movingFinalModify drift [0.09ms]
(pass) min rejects aggregate sortOperator drift [0.11ms]
(pass) min rejects aggregate transitionType drift [0.11ms]
(pass) min rejects aggregate transitionSpace drift [0.12ms]
(pass) min rejects aggregate movingTransitionType drift [0.09ms]
(pass) min rejects aggregate movingTransitionSpace drift [0.08ms]
(pass) min rejects aggregate initial drift [0.08ms]
(pass) min rejects aggregate movingInitial drift [0.07ms]
(pass) min rejects sort operator schema drift [0.25ms]
(pass) min rejects sort operator owner drift [0.13ms]
(pass) min rejects sort operator name drift [0.10ms]
(pass) min rejects sort operator leftType drift [0.08ms]
(pass) min rejects sort operator rightType drift [0.12ms]
(pass) min rejects sort operator implementation drift [0.14ms]
(pass) min rejects sort operator implementationOid drift [0.13ms]
(pass) min rejects sort operator restriction drift [0.14ms]
(pass) min rejects sort operator restrictionOid drift [0.09ms]
(pass) min rejects sort operator join drift [0.12ms]
(pass) min rejects sort operator joinOid drift [0.14ms]
(pass) min rejects absent aggregate metadata and missing callback [0.59ms]
(pass) min refuses unknown native aggregate even beside a captured aggregate [0.34ms]
(pass) min direct or transitive provider path remains refused: PERFORM net.http_post('https://example.invalid'); [0.29ms]
(pass) min direct or transitive provider path remains refused: PERFORM extensions.http_head('https://example.invalid'); [0.16ms]
(pass) min direct or transitive provider path remains refused: PERFORM bridge.provider(); [0.18ms]
(pass) captured citext max aggregate remains a pure fixture path [0.20ms]
(pass) max rejects aggregate schema drift [0.18ms]
(pass) max rejects aggregate owner drift [0.13ms]
(pass) max rejects aggregate extension drift [0.10ms]
(pass) max rejects aggregate extensionVersion drift [0.12ms]
(pass) max rejects aggregate extensionOwner drift [0.08ms]
(pass) max rejects aggregate extensionSchema drift [0.08ms]
(pass) max rejects aggregate membership drift [0.07ms]
(pass) max rejects aggregate definer drift [0.07ms]
(pass) max rejects aggregate config drift [0.07ms]
(pass) max rejects aggregate defaults drift [0.08ms]
(pass) max rejects aggregate defaultExpression drift [0.09ms]
(pass) max rejects aggregate volatility drift [0.08ms]
(pass) max rejects aggregate parallel drift [0.07ms]
(pass) max rejects aggregate leakproof drift [0.07ms]
(pass) max rejects aggregate cost drift [0.06ms]
(pass) max rejects aggregate rows drift [0.06ms]
(pass) max rejects aggregate support drift [0.06ms]
(pass) max rejects aggregate returnsSet drift [0.06ms]
(pass) max rejects aggregate variadic drift [0.07ms]
(pass) max rejects aggregate transforms drift [0.07ms]
(pass) max rejects aggregate allArgumentTypes drift [0.08ms]
(pass) max rejects aggregate argumentModes drift [0.08ms]
(pass) max rejects aggregate argumentNames drift [0.07ms]
(pass) max rejects aggregate sqlBody drift [0.07ms]
(pass) max rejects aggregate nativeAcl drift [0.07ms]
(pass) max rejects aggregate kind drift [0.10ms]
(pass) max rejects aggregate language drift [0.18ms]
(pass) max rejects aggregate source drift [0.17ms]
(pass) max rejects aggregate library drift [0.14ms]
(pass) max rejects aggregate arguments drift [0.13ms]
(pass) max rejects aggregate argumentTypes drift [0.20ms]
(pass) max rejects aggregate resultType drift [0.15ms]
(pass) max rejects aggregate strict drift [0.12ms]
(pass) max rejects aggregate ACL unknown recipient [0.20ms]
(pass) max rejects aggregate ACL grant option [0.13ms]
(pass) max rejects aggregate ACL grantor [0.08ms]
(pass) max rejects aggregate ACL missing recipient [0.11ms]
(pass) max rejects aggregate ACL duplicate recipient [0.08ms]
(pass) max rejects aggregate ACL wrong privilege [0.08ms]
(pass) max rejects transition schema drift [0.10ms]
(pass) max rejects transition owner drift [0.08ms]
(pass) max rejects transition extension drift [0.07ms]
(pass) max rejects transition extensionVersion drift [0.07ms]
(pass) max rejects transition extensionOwner drift [0.07ms]
(pass) max rejects transition extensionSchema drift [0.07ms]
(pass) max rejects transition membership drift [0.11ms]
(pass) max rejects transition definer drift [0.07ms]
(pass) max rejects transition config drift [0.07ms]
(pass) max rejects transition defaults drift [0.07ms]
(pass) max rejects transition defaultExpression drift [0.07ms]
(pass) max rejects transition volatility drift [0.07ms]
(pass) max rejects transition parallel drift [0.07ms]
(pass) max rejects transition leakproof drift [0.07ms]
(pass) max rejects transition cost drift [0.07ms]
(pass) max rejects transition rows drift [0.07ms]
(pass) max rejects transition support drift [0.07ms]
(pass) max rejects transition returnsSet drift [0.06ms]
(pass) max rejects transition variadic drift [0.08ms]
(pass) max rejects transition transforms drift [0.07ms]
(pass) max rejects transition allArgumentTypes drift [0.07ms]
(pass) max rejects transition argumentModes drift [0.07ms]
(pass) max rejects transition argumentNames drift [0.10ms]
(pass) max rejects transition sqlBody drift [0.07ms]
(pass) max rejects transition nativeAcl drift [0.07ms]
(pass) max rejects transition kind drift [0.07ms]
(pass) max rejects transition language drift [0.09ms]
(pass) max rejects transition source drift [0.10ms]
(pass) max rejects transition library drift [0.32ms]
(pass) max rejects transition arguments drift [0.13ms]
(pass) max rejects transition argumentTypes drift [0.10ms]
(pass) max rejects transition resultType drift [0.08ms]
(pass) max rejects transition strict drift [0.07ms]
(pass) max rejects transition ACL unknown recipient [0.08ms]
(pass) max rejects transition ACL grant option [0.07ms]
(pass) max rejects transition ACL grantor [0.10ms]
(pass) max rejects transition ACL missing recipient [0.07ms]
(pass) max rejects transition ACL duplicate recipient [0.07ms]
(pass) max rejects transition ACL wrong privilege [0.07ms]
(pass) max rejects sort callback schema drift [0.07ms]
(pass) max rejects sort callback owner drift [0.07ms]
(pass) max rejects sort callback extension drift [0.07ms]
(pass) max rejects sort callback extensionVersion drift [0.09ms]
(pass) max rejects sort callback extensionOwner drift [0.08ms]
(pass) max rejects sort callback extensionSchema drift [0.07ms]
(pass) max rejects sort callback membership drift [0.08ms]
(pass) max rejects sort callback definer drift [0.08ms]
(pass) max rejects sort callback config drift [0.08ms]
(pass) max rejects sort callback defaults drift [0.09ms]
(pass) max rejects sort callback defaultExpression drift [0.08ms]
(pass) max rejects sort callback volatility drift [0.08ms]
(pass) max rejects sort callback parallel drift [0.07ms]
(pass) max rejects sort callback leakproof drift [0.07ms]
(pass) max rejects sort callback cost drift [0.07ms]
(pass) max rejects sort callback rows drift [0.07ms]
(pass) max rejects sort callback support drift [0.07ms]
(pass) max rejects sort callback returnsSet drift [0.08ms]
(pass) max rejects sort callback variadic drift [0.07ms]
(pass) max rejects sort callback transforms drift [0.07ms]
(pass) max rejects sort callback allArgumentTypes drift [0.07ms]
(pass) max rejects sort callback argumentModes drift [0.07ms]
(pass) max rejects sort callback argumentNames drift [0.07ms]
(pass) max rejects sort callback sqlBody drift [0.07ms]
(pass) max rejects sort callback nativeAcl drift [0.07ms]
(pass) max rejects sort callback kind drift [0.07ms]
(pass) max rejects sort callback language drift [0.07ms]
(pass) max rejects sort callback source drift [0.07ms]
(pass) max rejects sort callback library drift [0.06ms]
(pass) max rejects sort callback arguments drift [0.07ms]
(pass) max rejects sort callback argumentTypes drift [0.07ms]
(pass) max rejects sort callback resultType drift [0.07ms]
(pass) max rejects sort callback strict drift [0.07ms]
(pass) max rejects sort callback ACL unknown recipient [0.06ms]
(pass) max rejects sort callback ACL grant option [0.06ms]
(pass) max rejects sort callback ACL grantor [0.07ms]
(pass) max rejects sort callback ACL missing recipient [0.07ms]
(pass) max rejects sort callback ACL duplicate recipient [0.06ms]
(pass) max rejects sort callback ACL wrong privilege [0.06ms]
(pass) max rejects aggregate kind drift [0.07ms]
(pass) max rejects aggregate directArguments drift [0.06ms]
(pass) max rejects aggregate transition drift [0.06ms]
(pass) max rejects aggregate combine drift [0.07ms]
(pass) max rejects aggregate final drift [0.06ms]
(pass) max rejects aggregate serial drift [0.07ms]
(pass) max rejects aggregate deserial drift [0.06ms]
(pass) max rejects aggregate movingTransition drift [0.07ms]
(pass) max rejects aggregate movingInverseTransition drift [0.07ms]
(pass) max rejects aggregate movingFinal drift [0.07ms]
(pass) max rejects aggregate finalExtra drift [0.06ms]
(pass) max rejects aggregate movingFinalExtra drift [0.06ms]
(pass) max rejects aggregate finalModify drift [0.07ms]
(pass) max rejects aggregate movingFinalModify drift [0.07ms]
(pass) max rejects aggregate sortOperator drift [0.07ms]
(pass) max rejects aggregate transitionType drift [0.06ms]
(pass) max rejects aggregate transitionSpace drift [1.49ms]
(pass) max rejects aggregate movingTransitionType drift [0.10ms]
(pass) max rejects aggregate movingTransitionSpace drift [0.08ms]
(pass) max rejects aggregate initial drift [0.07ms]
(pass) max rejects aggregate movingInitial drift [0.06ms]
(pass) max rejects sort operator schema drift [0.07ms]
(pass) max rejects sort operator owner drift [0.12ms]
(pass) max rejects sort operator name drift [0.07ms]
(pass) max rejects sort operator leftType drift [0.06ms]
(pass) max rejects sort operator rightType drift [0.07ms]
(pass) max rejects sort operator implementation drift [0.10ms]
(pass) max rejects sort operator implementationOid drift [0.08ms]
(pass) max rejects sort operator restriction drift [0.07ms]
(pass) max rejects sort operator restrictionOid drift [0.09ms]
(pass) max rejects sort operator join drift [0.06ms]
(pass) max rejects sort operator joinOid drift [0.08ms]
(pass) max rejects absent aggregate metadata and missing callback [0.13ms]
(pass) max refuses unknown native aggregate even beside a captured aggregate [0.12ms]
(pass) max direct or transitive provider path remains refused: PERFORM net.http_post('https://example.invalid'); [0.12ms]
(pass) max direct or transitive provider path remains refused: PERFORM extensions.http_head('https://example.invalid'); [0.08ms]
(pass) max direct or transitive provider path remains refused: PERFORM bridge.provider(); [0.08ms]

 357 pass
 0 fail
 693 expect() calls
Ran 357 tests across 3 files. [427.00ms]
